ARM GAS  C:\Users\CuongLe\AppData\Local\Temp\cc3ZoANf.s 			page 1


   1              		.cpu cortex-m4
   2              		.arch armv7e-m
   3              		.fpu fpv4-sp-d16
   4              		.eabi_attribute 27, 1
   5              		.eabi_attribute 28, 1
   6              		.eabi_attribute 20, 1
   7              		.eabi_attribute 21, 1
   8              		.eabi_attribute 23, 3
   9              		.eabi_attribute 24, 1
  10              		.eabi_attribute 25, 1
  11              		.eabi_attribute 26, 1
  12              		.eabi_attribute 30, 1
  13              		.eabi_attribute 34, 1
  14              		.eabi_attribute 18, 4
  15              		.file	"Butter_Worth.c"
  16              		.text
  17              	.Ltext0:
  18              		.cfi_sections	.debug_frame
  19              		.file 1 "Core/Src/Common/Src/Butter_Worth.c"
  20              		.global	CurrentCoefficients
  21              		.section	.data.CurrentCoefficients,"aw"
  22              		.align	2
  25              	CurrentCoefficients:
  26 0000 8CE05A3C 		.word	1012588684
  27 0004 8CE0DA3C 		.word	1020977292
  28 0008 8CE05A3C 		.word	1012588684
  29 000c F8DFD23F 		.word	1070784504
  30 0010 F96D33BF 		.word	-1087148551
  31              		.global	PendulumCoefficients
  32              		.section	.data.PendulumCoefficients,"aw"
  33              		.align	2
  36              	PendulumCoefficients:
  37 0000 54157D39 		.word	964498772
  38 0004 5415FD39 		.word	972887380
  39 0008 54157D39 		.word	964498772
  40 000c 6350FA3F 		.word	1073369187
  41 0010 0CE074BF 		.word	-1082859508
  42              		.global	MotorCoefficients
  43              		.section	.data.MotorCoefficients,"aw"
  44              		.align	2
  47              	MotorCoefficients:
  48 0000 5420003C 		.word	1006641236
  49 0004 5420803C 		.word	1015029844
  50 0008 5420003C 		.word	1006641236
  51 000c 7E0BDE3F 		.word	1071516542
  52 0010 021944BF 		.word	-1086056190
  53              		.text
  54              	.Letext0:
  55              		.file 2 "Middlewares/ST/ARM/DSP/Inc/arm_math.h"
ARM GAS  C:\Users\CuongLe\AppData\Local\Temp\cc3ZoANf.s 			page 2


DEFINED SYMBOLS
                            *ABS*:00000000 Butter_Worth.c
C:\Users\CuongLe\AppData\Local\Temp\cc3ZoANf.s:25     .data.CurrentCoefficients:00000000 CurrentCoefficients
C:\Users\CuongLe\AppData\Local\Temp\cc3ZoANf.s:22     .data.CurrentCoefficients:00000000 $d
C:\Users\CuongLe\AppData\Local\Temp\cc3ZoANf.s:36     .data.PendulumCoefficients:00000000 PendulumCoefficients
C:\Users\CuongLe\AppData\Local\Temp\cc3ZoANf.s:33     .data.PendulumCoefficients:00000000 $d
C:\Users\CuongLe\AppData\Local\Temp\cc3ZoANf.s:47     .data.MotorCoefficients:00000000 MotorCoefficients
C:\Users\CuongLe\AppData\Local\Temp\cc3ZoANf.s:44     .data.MotorCoefficients:00000000 $d

NO UNDEFINED SYMBOLS
