ARM GAS  C:\Users\CuongLe\AppData\Local\Temp\ccVAsC4G.s 			page 1


   1              		.cpu cortex-m4
   2              		.arch armv7e-m
   3              		.fpu fpv4-sp-d16
   4              		.eabi_attribute 27, 1
   5              		.eabi_attribute 28, 1
   6              		.eabi_attribute 20, 1
   7              		.eabi_attribute 21, 1
   8              		.eabi_attribute 23, 3
   9              		.eabi_attribute 24, 1
  10              		.eabi_attribute 25, 1
  11              		.eabi_attribute 26, 1
  12              		.eabi_attribute 30, 1
  13              		.eabi_attribute 34, 1
  14              		.eabi_attribute 18, 4
  15              		.file	"dsp.c"
  16              		.text
  17              	.Ltext0:
  18              		.cfi_sections	.debug_frame
  19              		.file 1 "Core/Src/Common/Src/dsp.c"
  20              		.section	.text.different,"ax",%progbits
  21              		.align	1
  22              		.syntax unified
  23              		.thumb
  24              		.thumb_func
  26              	different:
  27              	.LVL0:
  28              	.LFB288:
   1:Core/Src/Common/Src/dsp.c **** #include "dsp.h"
   2:Core/Src/Common/Src/dsp.c **** 
   3:Core/Src/Common/Src/dsp.c **** extern float32_t MotorCoefficients[MOTOR_FILTER_STAGES_NUM * COEFFICIENT_NUMBER];
   4:Core/Src/Common/Src/dsp.c **** extern float32_t PendulumCoefficients[PENDULUM_FILTER_STAGES_NUM * COEFFICIENT_NUMBER];
   5:Core/Src/Common/Src/dsp.c **** extern float32_t CurrentCoefficients[CURRENT_FILTER_STAGES_NUM * COEFFICIENT_NUMBER];
   6:Core/Src/Common/Src/dsp.c **** 
   7:Core/Src/Common/Src/dsp.c **** float32_t vol = 0.0f;
   8:Core/Src/Common/Src/dsp.c **** 
   9:Core/Src/Common/Src/dsp.c **** static void different(Differentiator * const self, float32_t * input, float32_t * rawDiffOutput) {
  29              		.loc 1 9 98 view -0
  30              		.cfi_startproc
  31              		@ args = 0, pretend = 0, frame = 0
  32              		@ frame_needed = 0, uses_anonymous_args = 0
  33              		@ link register save eliminated.
  10:Core/Src/Common/Src/dsp.c ****     float32_t diff_x;
  34              		.loc 1 10 5 view .LVU1
  11:Core/Src/Common/Src/dsp.c ****     float32_t x = *input;
  35              		.loc 1 11 5 view .LVU2
  36              		.loc 1 11 15 is_stmt 0 view .LVU3
  37 0000 D1ED006A 		vldr.32	s13, [r1]
  38              	.LVL1:
  12:Core/Src/Common/Src/dsp.c **** 
  13:Core/Src/Common/Src/dsp.c ****     /*Estimate first derivative*/
  14:Core/Src/Common/Src/dsp.c ****     diff_x = (3.0f*x - 4.0f*self->preState[0] + 1.0f*self->preState[1]) / (2.0f * SAMPLING_TIME);
  39              		.loc 1 14 5 is_stmt 1 view .LVU4
  40              		.loc 1 14 19 is_stmt 0 view .LVU5
  41 0004 F0EE087A 		vmov.f32	s15, #3.0e+0
  42 0008 66EEA77A 		vmul.f32	s15, s13, s15
  43              		.loc 1 14 43 view .LVU6
  44 000c 90ED006A 		vldr.32	s12, [r0]
ARM GAS  C:\Users\CuongLe\AppData\Local\Temp\ccVAsC4G.s 			page 2


  45              		.loc 1 14 28 view .LVU7
  46 0010 B1EE007A 		vmov.f32	s14, #4.0e+0
  47 0014 26EE077A 		vmul.f32	s14, s12, s14
  48              		.loc 1 14 22 view .LVU8
  49 0018 77EEC77A 		vsub.f32	s15, s15, s14
  50              		.loc 1 14 68 view .LVU9
  51 001c 90ED017A 		vldr.32	s14, [r0, #4]
  52              		.loc 1 14 47 view .LVU10
  53 0020 77EE877A 		vadd.f32	s15, s15, s14
  54              		.loc 1 14 12 view .LVU11
  55 0024 DFED055A 		vldr.32	s11, .L2
  56 0028 87EEA57A 		vdiv.f32	s14, s15, s11
  57              	.LVL2:
  15:Core/Src/Common/Src/dsp.c **** 
  16:Core/Src/Common/Src/dsp.c ****     self->preState[1] = self->preState[0]; self->preState[0] = x;
  58              		.loc 1 16 5 is_stmt 1 view .LVU12
  59              		.loc 1 16 23 is_stmt 0 view .LVU13
  60 002c 80ED016A 		vstr.32	s12, [r0, #4]
  61              		.loc 1 16 44 is_stmt 1 view .LVU14
  62              		.loc 1 16 62 is_stmt 0 view .LVU15
  63 0030 C0ED006A 		vstr.32	s13, [r0]
  17:Core/Src/Common/Src/dsp.c **** 
  18:Core/Src/Common/Src/dsp.c ****     /*Return output value*/
  19:Core/Src/Common/Src/dsp.c ****     *rawDiffOutput = diff_x;
  64              		.loc 1 19 5 is_stmt 1 view .LVU16
  65              		.loc 1 19 20 is_stmt 0 view .LVU17
  66 0034 82ED007A 		vstr.32	s14, [r2]
  20:Core/Src/Common/Src/dsp.c **** }
  67              		.loc 1 20 1 view .LVU18
  68 0038 7047     		bx	lr
  69              	.L3:
  70 003a 00BF     		.align	2
  71              	.L2:
  72 003c 6F12033B 		.word	990057071
  73              		.cfi_endproc
  74              	.LFE288:
  76              		.section	.text.ConvertAngle,"ax",%progbits
  77              		.align	1
  78              		.syntax unified
  79              		.thumb
  80              		.thumb_func
  82              	ConvertAngle:
  83              	.LVL3:
  84              	.LFB291:
  21:Core/Src/Common/Src/dsp.c **** 
  22:Core/Src/Common/Src/dsp.c **** static void filter (Differentiator * const self, float32_t * rawData, float32_t * filtedData) {
  23:Core/Src/Common/Src/dsp.c ****     float32_t filtered;
  24:Core/Src/Common/Src/dsp.c ****     
  25:Core/Src/Common/Src/dsp.c ****     /*Filter estimated first derivative*/
  26:Core/Src/Common/Src/dsp.c ****     self->biquad.numStages = 1;
  27:Core/Src/Common/Src/dsp.c ****     arm_biquad_cascade_df2T_f32(&self->biquad, rawData, &filtered, 1); // Cần kiểm tra lại co
  28:Core/Src/Common/Src/dsp.c **** 
  29:Core/Src/Common/Src/dsp.c ****     /*Return output value*/
  30:Core/Src/Common/Src/dsp.c ****     *filtedData = filtered;
  31:Core/Src/Common/Src/dsp.c **** }
  32:Core/Src/Common/Src/dsp.c **** 
  33:Core/Src/Common/Src/dsp.c **** 
ARM GAS  C:\Users\CuongLe\AppData\Local\Temp\ccVAsC4G.s 			page 3


  34:Core/Src/Common/Src/dsp.c **** static void Differentiator_new(Differentiator * const self, uint8_t num_states, float32_t * filter_
  35:Core/Src/Common/Src/dsp.c ****     self->preState[0] = 0.0f;
  36:Core/Src/Common/Src/dsp.c ****     self->preState[1] = 0.0f;
  37:Core/Src/Common/Src/dsp.c ****     self->preState[2] = 0.0f;
  38:Core/Src/Common/Src/dsp.c **** 
  39:Core/Src/Common/Src/dsp.c ****     self->filter_state = (float32_t *) pvPortMalloc( (2U * (uint32_t) num_states) * sizeof(float32_
  40:Core/Src/Common/Src/dsp.c **** 
  41:Core/Src/Common/Src/dsp.c ****     arm_biquad_cascade_df2T_init_f32(&self->biquad, num_states, filter_coeffs, self->filter_state);
  42:Core/Src/Common/Src/dsp.c **** }
  43:Core/Src/Common/Src/dsp.c **** 
  44:Core/Src/Common/Src/dsp.c **** static void ConvertAngle (DSP * const self, Sensor const * const sensorTopic) {
  85              		.loc 1 44 79 is_stmt 1 view -0
  86              		.cfi_startproc
  87              		@ args = 0, pretend = 0, frame = 0
  88              		@ frame_needed = 0, uses_anonymous_args = 0
  89              		@ link register save eliminated.
  45:Core/Src/Common/Src/dsp.c ****     self->motor_angle       = MOTOR_RESOLUTION * sensorTopic->motorCnt;
  90              		.loc 1 45 5 view .LVU20
  91              		.loc 1 45 48 is_stmt 0 view .LVU21
  92 0000 D1ED017A 		vldr.32	s15, [r1, #4]	@ int
  93 0004 F8EEE77A 		vcvt.f32.s32	s15, s15
  94 0008 9FED097A 		vldr.32	s14, .L5
  95 000c 67EE877A 		vmul.f32	s15, s15, s14
  96              		.loc 1 45 29 view .LVU22
  97 0010 C0ED037A 		vstr.32	s15, [r0, #12]
  46:Core/Src/Common/Src/dsp.c ****     self->pendulum_angle    = PENDULUM_RESOLUTION * sensorTopic->pendulumCnt;
  98              		.loc 1 46 5 is_stmt 1 view .LVU23
  99              		.loc 1 46 64 is_stmt 0 view .LVU24
 100 0014 B1F90030 		ldrsh	r3, [r1]
 101 0018 07EE903A 		vmov	s15, r3	@ int
 102              		.loc 1 46 51 view .LVU25
 103 001c F8EEE77A 		vcvt.f32.s32	s15, s15
 104 0020 9FED047A 		vldr.32	s14, .L5+4
 105 0024 67EE877A 		vmul.f32	s15, s15, s14
 106              		.loc 1 46 29 view .LVU26
 107 0028 C0ED077A 		vstr.32	s15, [r0, #28]
  47:Core/Src/Common/Src/dsp.c **** }
 108              		.loc 1 47 1 view .LVU27
 109 002c 7047     		bx	lr
 110              	.L6:
 111 002e 00BF     		.align	2
 112              	.L5:
 113 0030 2EE34D3B 		.word	994960174
 114 0034 2EE3CD3A 		.word	986571566
 115              		.cfi_endproc
 116              	.LFE291:
 118              		.section	.text.ConvertCurrent,"ax",%progbits
 119              		.align	1
 120              		.syntax unified
 121              		.thumb
 122              		.thumb_func
 124              	ConvertCurrent:
 125              	.LVL4:
 126              	.LFB292:
  48:Core/Src/Common/Src/dsp.c **** 
  49:Core/Src/Common/Src/dsp.c **** static void ConvertCurrent (DSP * const self, Sensor const * const sensorTopic) {
 127              		.loc 1 49 81 is_stmt 1 view -0
ARM GAS  C:\Users\CuongLe\AppData\Local\Temp\ccVAsC4G.s 			page 4


 128              		.cfi_startproc
 129              		@ args = 0, pretend = 0, frame = 0
 130              		@ frame_needed = 0, uses_anonymous_args = 0
 131              		@ link register save eliminated.
  50:Core/Src/Common/Src/dsp.c ****     float32_t volOut = 0.0f;
 132              		.loc 1 50 5 view .LVU29
  51:Core/Src/Common/Src/dsp.c **** 
  52:Core/Src/Common/Src/dsp.c ****     volOut = sensorTopic->currentAdc * VCC_ACS712 / ADC_RESOLUTION;
 133              		.loc 1 52 5 view .LVU30
 134              		.loc 1 52 25 is_stmt 0 view .LVU31
 135 0000 91ED027A 		vldr.32	s14, [r1, #8]
 136              		.loc 1 52 38 view .LVU32
 137 0004 DFED0A7A 		vldr.32	s15, .L8
 138 0008 27EE277A 		vmul.f32	s14, s14, s15
 139              		.loc 1 52 12 view .LVU33
 140 000c DFED096A 		vldr.32	s13, .L8+4
 141 0010 C7EE267A 		vdiv.f32	s15, s14, s13
 142              	.LVL5:
  53:Core/Src/Common/Src/dsp.c **** 
  54:Core/Src/Common/Src/dsp.c ****     vol = volOut;
 143              		.loc 1 54 5 is_stmt 1 view .LVU34
 144              		.loc 1 54 9 is_stmt 0 view .LVU35
 145 0014 084B     		ldr	r3, .L8+8
 146 0016 C3ED007A 		vstr.32	s15, [r3]
  55:Core/Src/Common/Src/dsp.c **** 
  56:Core/Src/Common/Src/dsp.c ****     self->rawCurrent = (volOut - VMID_ACS712) / SENSITIVITY;    // mA
 147              		.loc 1 56 5 is_stmt 1 view .LVU36
 148              		.loc 1 56 32 is_stmt 0 view .LVU37
 149 001a 9FED087A 		vldr.32	s14, .L8+12
 150 001e 77EEC77A 		vsub.f32	s15, s15, s14
 151              	.LVL6:
 152              		.loc 1 56 47 view .LVU38
 153 0022 DFED076A 		vldr.32	s13, .L8+16
 154 0026 87EEA67A 		vdiv.f32	s14, s15, s13
 155              		.loc 1 56 22 view .LVU39
 156 002a 80ED007A 		vstr.32	s14, [r0]
 157              	.LVL7:
  57:Core/Src/Common/Src/dsp.c **** 
  58:Core/Src/Common/Src/dsp.c **** 
  59:Core/Src/Common/Src/dsp.c ****     
  60:Core/Src/Common/Src/dsp.c ****     // if(volOut >= VMID_ACS712) {
  61:Core/Src/Common/Src/dsp.c ****     //     self->rawCurrent = (volOut - VOFFSET_P_ACS712) / SENSITIVITY;    // mA
  62:Core/Src/Common/Src/dsp.c ****     // }
  63:Core/Src/Common/Src/dsp.c ****     // else if(volOut < VMID_ACS712) {
  64:Core/Src/Common/Src/dsp.c ****     //     self->rawCurrent = (volOut - VOFFSET_N_ACS712) / SENSITIVITY;    // mA
  65:Core/Src/Common/Src/dsp.c ****     // }
  66:Core/Src/Common/Src/dsp.c **** }
 158              		.loc 1 66 1 view .LVU40
 159 002e 7047     		bx	lr
 160              	.L9:
 161              		.align	2
 162              	.L8:
 163 0030 00003645 		.word	1161166848
 164 0034 00F07F45 		.word	1166012416
 165 0038 00000000 		.word	vol
 166 003c 00C0B744 		.word	1152892928
 167 0040 AAF1D23D 		.word	1037234602
ARM GAS  C:\Users\CuongLe\AppData\Local\Temp\ccVAsC4G.s 			page 5


 168              		.cfi_endproc
 169              	.LFE292:
 171              		.section	.text.filter,"ax",%progbits
 172              		.align	1
 173              		.syntax unified
 174              		.thumb
 175              		.thumb_func
 177              	filter:
 178              	.LVL8:
 179              	.LFB289:
  22:Core/Src/Common/Src/dsp.c ****     float32_t filtered;
 180              		.loc 1 22 95 is_stmt 1 view -0
 181              		.cfi_startproc
 182              		@ args = 0, pretend = 0, frame = 8
 183              		@ frame_needed = 0, uses_anonymous_args = 0
  22:Core/Src/Common/Src/dsp.c ****     float32_t filtered;
 184              		.loc 1 22 95 is_stmt 0 view .LVU42
 185 0000 10B5     		push	{r4, lr}
 186              	.LCFI0:
 187              		.cfi_def_cfa_offset 8
 188              		.cfi_offset 4, -8
 189              		.cfi_offset 14, -4
 190 0002 82B0     		sub	sp, sp, #8
 191              	.LCFI1:
 192              		.cfi_def_cfa_offset 16
 193 0004 1446     		mov	r4, r2
  23:Core/Src/Common/Src/dsp.c ****     
 194              		.loc 1 23 5 is_stmt 1 view .LVU43
  26:Core/Src/Common/Src/dsp.c ****     arm_biquad_cascade_df2T_f32(&self->biquad, rawData, &filtered, 1); // Cần kiểm tra lại co
 195              		.loc 1 26 5 view .LVU44
  26:Core/Src/Common/Src/dsp.c ****     arm_biquad_cascade_df2T_f32(&self->biquad, rawData, &filtered, 1); // Cần kiểm tra lại co
 196              		.loc 1 26 28 is_stmt 0 view .LVU45
 197 0006 0123     		movs	r3, #1
 198 0008 00F8083F 		strb	r3, [r0, #8]!
 199              	.LVL9:
  27:Core/Src/Common/Src/dsp.c **** 
 200              		.loc 1 27 5 is_stmt 1 view .LVU46
 201 000c 01AA     		add	r2, sp, #4
 202              	.LVL10:
  27:Core/Src/Common/Src/dsp.c **** 
 203              		.loc 1 27 5 is_stmt 0 view .LVU47
 204 000e FFF7FEFF 		bl	arm_biquad_cascade_df2T_f32
 205              	.LVL11:
  30:Core/Src/Common/Src/dsp.c **** }
 206              		.loc 1 30 5 is_stmt 1 view .LVU48
  30:Core/Src/Common/Src/dsp.c **** }
 207              		.loc 1 30 17 is_stmt 0 view .LVU49
 208 0012 019B     		ldr	r3, [sp, #4]	@ float
 209 0014 2360     		str	r3, [r4]	@ float
  31:Core/Src/Common/Src/dsp.c **** 
 210              		.loc 1 31 1 view .LVU50
 211 0016 02B0     		add	sp, sp, #8
 212              	.LCFI2:
 213              		.cfi_def_cfa_offset 8
 214              		@ sp needed
 215 0018 10BD     		pop	{r4, pc}
  31:Core/Src/Common/Src/dsp.c **** 
ARM GAS  C:\Users\CuongLe\AppData\Local\Temp\ccVAsC4G.s 			page 6


 216              		.loc 1 31 1 view .LVU51
 217              		.cfi_endproc
 218              	.LFE289:
 220              		.section	.text.apply,"ax",%progbits
 221              		.align	1
 222              		.syntax unified
 223              		.thumb
 224              		.thumb_func
 226              	apply:
 227              	.LVL12:
 228              	.LFB293:
  67:Core/Src/Common/Src/dsp.c **** 
  68:Core/Src/Common/Src/dsp.c **** static void apply (DSP * const self) {
 229              		.loc 1 68 38 is_stmt 1 view -0
 230              		.cfi_startproc
 231              		@ args = 0, pretend = 0, frame = 0
 232              		@ frame_needed = 0, uses_anonymous_args = 0
 233              		.loc 1 68 38 is_stmt 0 view .LVU53
 234 0000 70B5     		push	{r4, r5, r6, lr}
 235              	.LCFI3:
 236              		.cfi_def_cfa_offset 16
 237              		.cfi_offset 4, -16
 238              		.cfi_offset 5, -12
 239              		.cfi_offset 6, -8
 240              		.cfi_offset 14, -4
 241 0002 0446     		mov	r4, r0
  69:Core/Src/Common/Src/dsp.c ****     /* Đạo hàm góc của motor */
  70:Core/Src/Common/Src/dsp.c ****     different(
 242              		.loc 1 70 5 is_stmt 1 view .LVU54
 243 0004 00F11006 		add	r6, r0, #16
 244 0008 3246     		mov	r2, r6
 245 000a 00F10C01 		add	r1, r0, #12
 246 000e D0F8A800 		ldr	r0, [r0, #168]
 247              	.LVL13:
 248              		.loc 1 70 5 is_stmt 0 view .LVU55
 249 0012 FFF7FEFF 		bl	different
 250              	.LVL14:
  71:Core/Src/Common/Src/dsp.c ****         self->motor_differentiator,
  72:Core/Src/Common/Src/dsp.c ****         &self->motor_angle,
  73:Core/Src/Common/Src/dsp.c ****         &self->raw_motor_velocity
  74:Core/Src/Common/Src/dsp.c ****     );
  75:Core/Src/Common/Src/dsp.c ****     /* Lọc vận tốc của motor */
  76:Core/Src/Common/Src/dsp.c ****     filter(
 251              		.loc 1 76 5 is_stmt 1 view .LVU56
 252 0016 04F11405 		add	r5, r4, #20
 253 001a 2A46     		mov	r2, r5
 254 001c 3146     		mov	r1, r6
 255 001e D4F8A800 		ldr	r0, [r4, #168]
 256 0022 FFF7FEFF 		bl	filter
 257              	.LVL15:
  77:Core/Src/Common/Src/dsp.c ****         self->motor_differentiator,
  78:Core/Src/Common/Src/dsp.c ****         &self->raw_motor_velocity,
  79:Core/Src/Common/Src/dsp.c ****         &self->motor_velocity
  80:Core/Src/Common/Src/dsp.c ****     );
  81:Core/Src/Common/Src/dsp.c **** 
  82:Core/Src/Common/Src/dsp.c ****     /* Đạo hàm vận tốc = gia tốc */
  83:Core/Src/Common/Src/dsp.c ****     different(
ARM GAS  C:\Users\CuongLe\AppData\Local\Temp\ccVAsC4G.s 			page 7


 258              		.loc 1 83 5 view .LVU57
 259 0026 04F11802 		add	r2, r4, #24
 260 002a 2946     		mov	r1, r5
 261 002c D4F8AC00 		ldr	r0, [r4, #172]
 262 0030 FFF7FEFF 		bl	different
 263              	.LVL16:
  84:Core/Src/Common/Src/dsp.c ****         self->motor_differentiator_II,
  85:Core/Src/Common/Src/dsp.c ****         &self->motor_velocity,
  86:Core/Src/Common/Src/dsp.c ****         &self->motorEpsilon
  87:Core/Src/Common/Src/dsp.c ****     );
  88:Core/Src/Common/Src/dsp.c **** 
  89:Core/Src/Common/Src/dsp.c ****     /* Đạo hàm góc của con lắc */
  90:Core/Src/Common/Src/dsp.c ****     different(
 264              		.loc 1 90 5 view .LVU58
 265 0034 04F12005 		add	r5, r4, #32
 266 0038 2A46     		mov	r2, r5
 267 003a 04F11C01 		add	r1, r4, #28
 268 003e D4F8B000 		ldr	r0, [r4, #176]
 269 0042 FFF7FEFF 		bl	different
 270              	.LVL17:
  91:Core/Src/Common/Src/dsp.c ****         self->pendulum_differentiator,
  92:Core/Src/Common/Src/dsp.c ****         &self->pendulum_angle,
  93:Core/Src/Common/Src/dsp.c ****         &self->raw_pendulum_velocity
  94:Core/Src/Common/Src/dsp.c ****     );
  95:Core/Src/Common/Src/dsp.c **** 
  96:Core/Src/Common/Src/dsp.c ****     /* Lọc vận tốc của con lắc */
  97:Core/Src/Common/Src/dsp.c ****     filter(
 271              		.loc 1 97 5 view .LVU59
 272 0046 04F12402 		add	r2, r4, #36
 273 004a 2946     		mov	r1, r5
 274 004c D4F8B000 		ldr	r0, [r4, #176]
 275 0050 FFF7FEFF 		bl	filter
 276              	.LVL18:
  98:Core/Src/Common/Src/dsp.c ****         self->pendulum_differentiator,
  99:Core/Src/Common/Src/dsp.c ****         &self->raw_pendulum_velocity,
 100:Core/Src/Common/Src/dsp.c ****         &self->pendulum_velocity
 101:Core/Src/Common/Src/dsp.c ****     );
 102:Core/Src/Common/Src/dsp.c **** 
 103:Core/Src/Common/Src/dsp.c ****     /* Fill dữ liệu dòng điện */
 104:Core/Src/Common/Src/dsp.c ****     filter(
 277              		.loc 1 104 5 view .LVU60
 278 0054 251D     		adds	r5, r4, #4
 279 0056 2A46     		mov	r2, r5
 280 0058 2146     		mov	r1, r4
 281 005a D4F8A400 		ldr	r0, [r4, #164]
 282 005e FFF7FEFF 		bl	filter
 283              	.LVL19:
 105:Core/Src/Common/Src/dsp.c ****         self->current_differentiator,
 106:Core/Src/Common/Src/dsp.c ****         &self->rawCurrent,
 107:Core/Src/Common/Src/dsp.c ****         &self->current
 108:Core/Src/Common/Src/dsp.c ****     );
 109:Core/Src/Common/Src/dsp.c **** 
 110:Core/Src/Common/Src/dsp.c ****     /* Đạo hàm cường độ dòng điện */
 111:Core/Src/Common/Src/dsp.c ****     different(
 284              		.loc 1 111 5 view .LVU61
 285 0062 04F10802 		add	r2, r4, #8
 286 0066 2946     		mov	r1, r5
ARM GAS  C:\Users\CuongLe\AppData\Local\Temp\ccVAsC4G.s 			page 8


 287 0068 D4F8A400 		ldr	r0, [r4, #164]
 288 006c FFF7FEFF 		bl	different
 289              	.LVL20:
 112:Core/Src/Common/Src/dsp.c ****         self->current_differentiator,
 113:Core/Src/Common/Src/dsp.c ****         &self->current,
 114:Core/Src/Common/Src/dsp.c ****         &self->currentDiff
 115:Core/Src/Common/Src/dsp.c ****     );
 116:Core/Src/Common/Src/dsp.c **** 
 117:Core/Src/Common/Src/dsp.c ****     self->motor_state.position          = self->motor_angle;
 290              		.loc 1 117 5 view .LVU62
 291              		.loc 1 117 47 is_stmt 0 view .LVU63
 292 0070 D4ED037A 		vldr.32	s15, [r4, #12]
 293              		.loc 1 117 41 view .LVU64
 294 0074 C4ED0D7A 		vstr.32	s15, [r4, #52]
 118:Core/Src/Common/Src/dsp.c ****     self->motor_state.rawVel            = self->raw_motor_velocity;
 295              		.loc 1 118 5 is_stmt 1 view .LVU65
 296              		.loc 1 118 47 is_stmt 0 view .LVU66
 297 0078 2369     		ldr	r3, [r4, #16]	@ float
 298              		.loc 1 118 41 view .LVU67
 299 007a 2363     		str	r3, [r4, #48]	@ float
 119:Core/Src/Common/Src/dsp.c ****     self->motor_state.velocity          = self->motor_velocity; // lọc tín hiệu từ đây
 300              		.loc 1 119 5 is_stmt 1 view .LVU68
 301              		.loc 1 119 47 is_stmt 0 view .LVU69
 302 007c 94ED056A 		vldr.32	s12, [r4, #20]
 303              		.loc 1 119 41 view .LVU70
 304 0080 84ED0E6A 		vstr.32	s12, [r4, #56]
 120:Core/Src/Common/Src/dsp.c ****     self->motor_state.acceleration      = self->motorEpsilon;
 305              		.loc 1 120 5 is_stmt 1 view .LVU71
 306              		.loc 1 120 47 is_stmt 0 view .LVU72
 307 0084 A369     		ldr	r3, [r4, #24]	@ float
 308              		.loc 1 120 41 view .LVU73
 309 0086 E363     		str	r3, [r4, #60]	@ float
 121:Core/Src/Common/Src/dsp.c **** 
 122:Core/Src/Common/Src/dsp.c ****     self->motor_state.posShaft          = self->motor_angle * GEAR_BOX_RATIO;
 310              		.loc 1 122 5 is_stmt 1 view .LVU74
 311              		.loc 1 122 63 is_stmt 0 view .LVU75
 312 0088 F2EE0C6A 		vmov.f32	s13, #1.4e+1
 313 008c 87EEA67A 		vdiv.f32	s14, s15, s13
 314              		.loc 1 122 41 view .LVU76
 315 0090 84ED107A 		vstr.32	s14, [r4, #64]
 123:Core/Src/Common/Src/dsp.c ****     self->motor_state.velShaft          = self->motor_velocity * GEAR_BOX_RATIO;
 316              		.loc 1 123 5 is_stmt 1 view .LVU77
 317              		.loc 1 123 66 is_stmt 0 view .LVU78
 318 0094 C6EE267A 		vdiv.f32	s15, s12, s13
 319              		.loc 1 123 41 view .LVU79
 320 0098 C4ED117A 		vstr.32	s15, [r4, #68]
 124:Core/Src/Common/Src/dsp.c ****     
 125:Core/Src/Common/Src/dsp.c **** 
 126:Core/Src/Common/Src/dsp.c ****     self->motor_state.rawCurrent        = self->rawCurrent;
 321              		.loc 1 126 5 is_stmt 1 view .LVU80
 322              		.loc 1 126 47 is_stmt 0 view .LVU81
 323 009c 2368     		ldr	r3, [r4]	@ float
 324              		.loc 1 126 41 view .LVU82
 325 009e A364     		str	r3, [r4, #72]	@ float
 127:Core/Src/Common/Src/dsp.c ****     self->motor_state.current           = self->current;
 326              		.loc 1 127 5 is_stmt 1 view .LVU83
 327              		.loc 1 127 47 is_stmt 0 view .LVU84
ARM GAS  C:\Users\CuongLe\AppData\Local\Temp\ccVAsC4G.s 			page 9


 328 00a0 6368     		ldr	r3, [r4, #4]	@ float
 329              		.loc 1 127 41 view .LVU85
 330 00a2 E364     		str	r3, [r4, #76]	@ float
 128:Core/Src/Common/Src/dsp.c **** 
 129:Core/Src/Common/Src/dsp.c ****     self->motor_state.currentDiff       = self->currentDiff;
 331              		.loc 1 129 5 is_stmt 1 view .LVU86
 332              		.loc 1 129 47 is_stmt 0 view .LVU87
 333 00a4 A368     		ldr	r3, [r4, #8]	@ float
 334              		.loc 1 129 41 view .LVU88
 335 00a6 2365     		str	r3, [r4, #80]	@ float
 130:Core/Src/Common/Src/dsp.c **** 
 131:Core/Src/Common/Src/dsp.c ****     self->pendulum_state.position       = self->pendulum_angle;
 336              		.loc 1 131 5 is_stmt 1 view .LVU89
 337              		.loc 1 131 47 is_stmt 0 view .LVU90
 338 00a8 E369     		ldr	r3, [r4, #28]	@ float
 339              		.loc 1 131 41 view .LVU91
 340 00aa C4F88430 		str	r3, [r4, #132]	@ float
 132:Core/Src/Common/Src/dsp.c ****     self->pendulum_state.velocity       = self->pendulum_velocity;
 341              		.loc 1 132 5 is_stmt 1 view .LVU92
 342              		.loc 1 132 47 is_stmt 0 view .LVU93
 343 00ae 636A     		ldr	r3, [r4, #36]	@ float
 344              		.loc 1 132 41 view .LVU94
 345 00b0 C4F88830 		str	r3, [r4, #136]	@ float
 133:Core/Src/Common/Src/dsp.c ****     self->pendulum_state.rawVel         = self->raw_pendulum_velocity;
 346              		.loc 1 133 5 is_stmt 1 view .LVU95
 347              		.loc 1 133 47 is_stmt 0 view .LVU96
 348 00b4 236A     		ldr	r3, [r4, #32]	@ float
 349              		.loc 1 133 41 view .LVU97
 350 00b6 C4F88030 		str	r3, [r4, #128]	@ float
 134:Core/Src/Common/Src/dsp.c **** 
 135:Core/Src/Common/Src/dsp.c ****     self->cart_state.position           = self->motor_angle * GEAR_BOX_RATIO * ANGULAR_TO_DISTANCE;
 351              		.loc 1 135 5 is_stmt 1 view .LVU98
 352              		.loc 1 135 78 is_stmt 0 view .LVU99
 353 00ba 27EE267A 		vmul.f32	s14, s14, s13
 354              		.loc 1 135 80 view .LVU100
 355 00be B7EE085A 		vmov.f32	s10, #1.5e+0
 356 00c2 27EE057A 		vmul.f32	s14, s14, s10
 357 00c6 DFED0A5A 		vldr.32	s11, .L14
 358 00ca 27EE257A 		vmul.f32	s14, s14, s11
 359 00ce B6EE006A 		vmov.f32	s12, #5.0e-1
 360 00d2 27EE067A 		vmul.f32	s14, s14, s12
 361              		.loc 1 135 41 view .LVU101
 362 00d6 84ED177A 		vstr.32	s14, [r4, #92]
 136:Core/Src/Common/Src/dsp.c ****     self->cart_state.velocity           = self->motor_velocity * GEAR_BOX_RATIO * ANGULAR_TO_DISTAN
 363              		.loc 1 136 5 is_stmt 1 view .LVU102
 364              		.loc 1 136 81 is_stmt 0 view .LVU103
 365 00da 67EEA67A 		vmul.f32	s15, s15, s13
 366              		.loc 1 136 83 view .LVU104
 367 00de 67EE857A 		vmul.f32	s15, s15, s10
 368 00e2 67EEA57A 		vmul.f32	s15, s15, s11
 369 00e6 67EE867A 		vmul.f32	s15, s15, s12
 370              		.loc 1 136 41 view .LVU105
 371 00ea C4ED187A 		vstr.32	s15, [r4, #96]
 137:Core/Src/Common/Src/dsp.c **** }
 372              		.loc 1 137 1 view .LVU106
 373 00ee 70BD     		pop	{r4, r5, r6, pc}
 374              	.LVL21:
ARM GAS  C:\Users\CuongLe\AppData\Local\Temp\ccVAsC4G.s 			page 10


 375              	.L15:
 376              		.loc 1 137 1 view .LVU107
 377              		.align	2
 378              	.L14:
 379 00f0 6F12833A 		.word	981668463
 380              		.cfi_endproc
 381              	.LFE293:
 383              		.section	.text.procesNewData,"ax",%progbits
 384              		.align	1
 385              		.syntax unified
 386              		.thumb
 387              		.thumb_func
 389              	procesNewData:
 390              	.LVL22:
 391              	.LFB294:
 138:Core/Src/Common/Src/dsp.c **** 
 139:Core/Src/Common/Src/dsp.c **** static void procesNewData (DSP * const self, Sensor const * const sensorTopic, State * const state_
 392              		.loc 1 139 107 is_stmt 1 view -0
 393              		.cfi_startproc
 394              		@ args = 0, pretend = 0, frame = 0
 395              		@ frame_needed = 0, uses_anonymous_args = 0
 396              		.loc 1 139 107 is_stmt 0 view .LVU109
 397 0000 70B5     		push	{r4, r5, r6, lr}
 398              	.LCFI4:
 399              		.cfi_def_cfa_offset 16
 400              		.cfi_offset 4, -16
 401              		.cfi_offset 5, -12
 402              		.cfi_offset 6, -8
 403              		.cfi_offset 14, -4
 404 0002 0546     		mov	r5, r0
 405 0004 0E46     		mov	r6, r1
 406 0006 1446     		mov	r4, r2
 140:Core/Src/Common/Src/dsp.c ****     ConvertAngle(self, sensorTopic);
 407              		.loc 1 140 5 is_stmt 1 view .LVU110
 408 0008 FFF7FEFF 		bl	ConvertAngle
 409              	.LVL23:
 141:Core/Src/Common/Src/dsp.c **** 
 142:Core/Src/Common/Src/dsp.c ****     ConvertCurrent(self, sensorTopic);
 410              		.loc 1 142 5 view .LVU111
 411 000c 3146     		mov	r1, r6
 412 000e 2846     		mov	r0, r5
 413 0010 FFF7FEFF 		bl	ConvertCurrent
 414              	.LVL24:
 143:Core/Src/Common/Src/dsp.c **** 
 144:Core/Src/Common/Src/dsp.c ****     apply(self);
 415              		.loc 1 144 5 view .LVU112
 416 0014 2846     		mov	r0, r5
 417 0016 FFF7FEFF 		bl	apply
 418              	.LVL25:
 145:Core/Src/Common/Src/dsp.c **** 
 146:Core/Src/Common/Src/dsp.c ****     state_topic->Motor      = self->motor_state;
 419              		.loc 1 146 5 view .LVU113
 420              		.loc 1 146 29 is_stmt 0 view .LVU114
 421 001a A446     		mov	ip, r4
 422 001c 05F12C0E 		add	lr, r5, #44
 423 0020 BEE80F00 		ldmia	lr!, {r0, r1, r2, r3}
 424 0024 ACE80F00 		stmia	ip!, {r0, r1, r2, r3}
ARM GAS  C:\Users\CuongLe\AppData\Local\Temp\ccVAsC4G.s 			page 11


 425 0028 BEE80F00 		ldmia	lr!, {r0, r1, r2, r3}
 426 002c ACE80F00 		stmia	ip!, {r0, r1, r2, r3}
 427 0030 9EE80300 		ldm	lr, {r0, r1}
 428 0034 8CE80300 		stm	ip, {r0, r1}
 147:Core/Src/Common/Src/dsp.c ****     state_topic->Cart       = self->cart_state;
 429              		.loc 1 147 5 is_stmt 1 view .LVU115
 430              		.loc 1 147 29 is_stmt 0 view .LVU116
 431 0038 04F1280C 		add	ip, r4, #40
 432 003c 05F1540E 		add	lr, r5, #84
 433 0040 BEE80F00 		ldmia	lr!, {r0, r1, r2, r3}
 434 0044 ACE80F00 		stmia	ip!, {r0, r1, r2, r3}
 435 0048 BEE80F00 		ldmia	lr!, {r0, r1, r2, r3}
 436 004c ACE80F00 		stmia	ip!, {r0, r1, r2, r3}
 437 0050 9EE80300 		ldm	lr, {r0, r1}
 438 0054 8CE80300 		stm	ip, {r0, r1}
 148:Core/Src/Common/Src/dsp.c ****     state_topic->Pendulum   = self->pendulum_state;
 439              		.loc 1 148 5 is_stmt 1 view .LVU117
 440              		.loc 1 148 29 is_stmt 0 view .LVU118
 441 0058 04F1500C 		add	ip, r4, #80
 442 005c 05F17C04 		add	r4, r5, #124
 443              	.LVL26:
 444              		.loc 1 148 29 view .LVU119
 445 0060 0FCC     		ldmia	r4!, {r0, r1, r2, r3}
 446 0062 ACE80F00 		stmia	ip!, {r0, r1, r2, r3}
 447              	.LVL27:
 448              		.loc 1 148 29 view .LVU120
 449 0066 0FCC     		ldmia	r4!, {r0, r1, r2, r3}
 450 0068 ACE80F00 		stmia	ip!, {r0, r1, r2, r3}
 451              	.LVL28:
 452              		.loc 1 148 29 view .LVU121
 453 006c 94E80300 		ldm	r4, {r0, r1}
 454 0070 8CE80300 		stm	ip, {r0, r1}
 149:Core/Src/Common/Src/dsp.c **** }
 455              		.loc 1 149 1 view .LVU122
 456 0074 70BD     		pop	{r4, r5, r6, pc}
 457              		.loc 1 149 1 view .LVU123
 458              		.cfi_endproc
 459              	.LFE294:
 461              		.section	.text.Differentiator_new,"ax",%progbits
 462              		.align	1
 463              		.syntax unified
 464              		.thumb
 465              		.thumb_func
 467              	Differentiator_new:
 468              	.LVL29:
 469              	.LFB290:
  34:Core/Src/Common/Src/dsp.c ****     self->preState[0] = 0.0f;
 470              		.loc 1 34 108 is_stmt 1 view -0
 471              		.cfi_startproc
 472              		@ args = 0, pretend = 0, frame = 0
 473              		@ frame_needed = 0, uses_anonymous_args = 0
  34:Core/Src/Common/Src/dsp.c ****     self->preState[0] = 0.0f;
 474              		.loc 1 34 108 is_stmt 0 view .LVU125
 475 0000 70B5     		push	{r4, r5, r6, lr}
 476              	.LCFI5:
 477              		.cfi_def_cfa_offset 16
 478              		.cfi_offset 4, -16
ARM GAS  C:\Users\CuongLe\AppData\Local\Temp\ccVAsC4G.s 			page 12


 479              		.cfi_offset 5, -12
 480              		.cfi_offset 6, -8
 481              		.cfi_offset 14, -4
 482 0002 0446     		mov	r4, r0
 483 0004 0D46     		mov	r5, r1
 484 0006 1646     		mov	r6, r2
  35:Core/Src/Common/Src/dsp.c ****     self->preState[1] = 0.0f;
 485              		.loc 1 35 5 is_stmt 1 view .LVU126
  35:Core/Src/Common/Src/dsp.c ****     self->preState[1] = 0.0f;
 486              		.loc 1 35 23 is_stmt 0 view .LVU127
 487 0008 0023     		movs	r3, #0
 488 000a 0360     		str	r3, [r0]	@ float
  36:Core/Src/Common/Src/dsp.c ****     self->preState[2] = 0.0f;
 489              		.loc 1 36 5 is_stmt 1 view .LVU128
  36:Core/Src/Common/Src/dsp.c ****     self->preState[2] = 0.0f;
 490              		.loc 1 36 23 is_stmt 0 view .LVU129
 491 000c 4360     		str	r3, [r0, #4]	@ float
  37:Core/Src/Common/Src/dsp.c **** 
 492              		.loc 1 37 5 is_stmt 1 view .LVU130
  37:Core/Src/Common/Src/dsp.c **** 
 493              		.loc 1 37 23 is_stmt 0 view .LVU131
 494 000e 8360     		str	r3, [r0, #8]	@ float
  39:Core/Src/Common/Src/dsp.c **** 
 495              		.loc 1 39 5 is_stmt 1 view .LVU132
  39:Core/Src/Common/Src/dsp.c **** 
 496              		.loc 1 39 40 is_stmt 0 view .LVU133
 497 0010 C800     		lsls	r0, r1, #3
 498              	.LVL30:
  39:Core/Src/Common/Src/dsp.c **** 
 499              		.loc 1 39 40 view .LVU134
 500 0012 FFF7FEFF 		bl	pvPortMalloc
 501              	.LVL31:
  39:Core/Src/Common/Src/dsp.c **** 
 502              		.loc 1 39 40 view .LVU135
 503 0016 0346     		mov	r3, r0
  39:Core/Src/Common/Src/dsp.c **** 
 504              		.loc 1 39 24 discriminator 1 view .LVU136
 505 0018 6061     		str	r0, [r4, #20]
  41:Core/Src/Common/Src/dsp.c **** }
 506              		.loc 1 41 5 is_stmt 1 view .LVU137
 507 001a 3246     		mov	r2, r6
 508 001c 2946     		mov	r1, r5
 509 001e 04F10800 		add	r0, r4, #8
 510 0022 FFF7FEFF 		bl	arm_biquad_cascade_df2T_init_f32
 511              	.LVL32:
  42:Core/Src/Common/Src/dsp.c **** 
 512              		.loc 1 42 1 is_stmt 0 view .LVU138
 513 0026 70BD     		pop	{r4, r5, r6, pc}
  42:Core/Src/Common/Src/dsp.c **** 
 514              		.loc 1 42 1 view .LVU139
 515              		.cfi_endproc
 516              	.LFE290:
 518              		.section	.text.dsp_new,"ax",%progbits
 519              		.align	1
 520              		.global	dsp_new
 521              		.syntax unified
 522              		.thumb
ARM GAS  C:\Users\CuongLe\AppData\Local\Temp\ccVAsC4G.s 			page 13


 523              		.thumb_func
 525              	dsp_new:
 526              	.LVL33:
 527              	.LFB295:
 150:Core/Src/Common/Src/dsp.c **** 
 151:Core/Src/Common/Src/dsp.c **** void dsp_new (DSP * const self) {
 528              		.loc 1 151 33 is_stmt 1 view -0
 529              		.cfi_startproc
 530              		@ args = 0, pretend = 0, frame = 0
 531              		@ frame_needed = 0, uses_anonymous_args = 0
 532              		.loc 1 151 33 is_stmt 0 view .LVU141
 533 0000 38B5     		push	{r3, r4, r5, lr}
 534              	.LCFI6:
 535              		.cfi_def_cfa_offset 16
 536              		.cfi_offset 3, -16
 537              		.cfi_offset 4, -12
 538              		.cfi_offset 5, -8
 539              		.cfi_offset 14, -4
 540 0002 0446     		mov	r4, r0
 152:Core/Src/Common/Src/dsp.c **** 
 153:Core/Src/Common/Src/dsp.c ****     /* Khởi tạo các giá trị ban đầu */
 154:Core/Src/Common/Src/dsp.c ****     self->motor_state       = (StateData){0.0f};
 541              		.loc 1 154 5 is_stmt 1 view .LVU142
 542              		.loc 1 154 29 is_stmt 0 view .LVU143
 543 0004 2825     		movs	r5, #40
 544 0006 2A46     		mov	r2, r5
 545 0008 0021     		movs	r1, #0
 546 000a 2C30     		adds	r0, r0, #44
 547              	.LVL34:
 548              		.loc 1 154 29 view .LVU144
 549 000c FFF7FEFF 		bl	memset
 550              	.LVL35:
 155:Core/Src/Common/Src/dsp.c ****     self->cart_state        = (StateData){0.0f};
 551              		.loc 1 155 5 is_stmt 1 view .LVU145
 552              		.loc 1 155 29 is_stmt 0 view .LVU146
 553 0010 2A46     		mov	r2, r5
 554 0012 0021     		movs	r1, #0
 555 0014 04F15400 		add	r0, r4, #84
 556 0018 FFF7FEFF 		bl	memset
 557              	.LVL36:
 156:Core/Src/Common/Src/dsp.c ****     self->pendulum_state    = (StateData){0.0f};
 558              		.loc 1 156 5 is_stmt 1 view .LVU147
 559              		.loc 1 156 29 is_stmt 0 view .LVU148
 560 001c 2A46     		mov	r2, r5
 561 001e 0021     		movs	r1, #0
 562 0020 04F17C00 		add	r0, r4, #124
 563 0024 FFF7FEFF 		bl	memset
 564              	.LVL37:
 157:Core/Src/Common/Src/dsp.c **** 
 158:Core/Src/Common/Src/dsp.c ****     /*Initialize Differentiators*/
 159:Core/Src/Common/Src/dsp.c ****     self->current_differentiator        = (Differentiator *) pvPortMalloc(sizeof(Differentiator)); 
 565              		.loc 1 159 5 is_stmt 1 view .LVU149
 566              		.loc 1 159 62 is_stmt 0 view .LVU150
 567 0028 2020     		movs	r0, #32
 568 002a FFF7FEFF 		bl	pvPortMalloc
 569              	.LVL38:
 570              		.loc 1 159 41 discriminator 1 view .LVU151
ARM GAS  C:\Users\CuongLe\AppData\Local\Temp\ccVAsC4G.s 			page 14


 571 002e C4F8A400 		str	r0, [r4, #164]
 160:Core/Src/Common/Src/dsp.c ****     self->motor_differentiator          = (Differentiator *) pvPortMalloc(sizeof(Differentiator));
 572              		.loc 1 160 5 is_stmt 1 view .LVU152
 573              		.loc 1 160 62 is_stmt 0 view .LVU153
 574 0032 2020     		movs	r0, #32
 575 0034 FFF7FEFF 		bl	pvPortMalloc
 576              	.LVL39:
 577              		.loc 1 160 41 discriminator 1 view .LVU154
 578 0038 C4F8A800 		str	r0, [r4, #168]
 161:Core/Src/Common/Src/dsp.c ****     self->motor_differentiator_II       = (Differentiator *) pvPortMalloc(sizeof(Differentiator));
 579              		.loc 1 161 5 is_stmt 1 view .LVU155
 580              		.loc 1 161 62 is_stmt 0 view .LVU156
 581 003c 2020     		movs	r0, #32
 582 003e FFF7FEFF 		bl	pvPortMalloc
 583              	.LVL40:
 584              		.loc 1 161 41 discriminator 1 view .LVU157
 585 0042 C4F8AC00 		str	r0, [r4, #172]
 162:Core/Src/Common/Src/dsp.c ****     self->pendulum_differentiator       = (Differentiator *) pvPortMalloc(sizeof(Differentiator));
 586              		.loc 1 162 5 is_stmt 1 view .LVU158
 587              		.loc 1 162 62 is_stmt 0 view .LVU159
 588 0046 2020     		movs	r0, #32
 589 0048 FFF7FEFF 		bl	pvPortMalloc
 590              	.LVL41:
 591              		.loc 1 162 41 discriminator 1 view .LVU160
 592 004c C4F8B000 		str	r0, [r4, #176]
 163:Core/Src/Common/Src/dsp.c **** 
 164:Core/Src/Common/Src/dsp.c ****     Differentiator_new(self->motor_differentiator, MOTOR_FILTER_STAGES_NUM, &MotorCoefficients[0]);
 593              		.loc 1 164 5 is_stmt 1 view .LVU161
 594 0050 104A     		ldr	r2, .L22
 595 0052 0121     		movs	r1, #1
 596 0054 D4F8A800 		ldr	r0, [r4, #168]
 597 0058 FFF7FEFF 		bl	Differentiator_new
 598              	.LVL42:
 165:Core/Src/Common/Src/dsp.c ****     Differentiator_new(self->pendulum_differentiator, PENDULUM_FILTER_STAGES_NUM, &PendulumCoeffici
 599              		.loc 1 165 5 view .LVU162
 600 005c 0E4A     		ldr	r2, .L22+4
 601 005e 0121     		movs	r1, #1
 602 0060 D4F8B000 		ldr	r0, [r4, #176]
 603 0064 FFF7FEFF 		bl	Differentiator_new
 604              	.LVL43:
 166:Core/Src/Common/Src/dsp.c ****     Differentiator_new(self->current_differentiator, CURRENT_FILTER_STAGES_NUM, &CurrentCoefficient
 605              		.loc 1 166 5 view .LVU163
 606 0068 0C4A     		ldr	r2, .L22+8
 607 006a 0121     		movs	r1, #1
 608 006c D4F8A400 		ldr	r0, [r4, #164]
 609 0070 FFF7FEFF 		bl	Differentiator_new
 610              	.LVL44:
 167:Core/Src/Common/Src/dsp.c **** 
 168:Core/Src/Common/Src/dsp.c ****     /*----------*/
 169:Core/Src/Common/Src/dsp.c ****     self->motor_angle = 0.0f;
 611              		.loc 1 169 5 view .LVU164
 612              		.loc 1 169 23 is_stmt 0 view .LVU165
 613 0074 0023     		movs	r3, #0
 614 0076 E360     		str	r3, [r4, #12]	@ float
 170:Core/Src/Common/Src/dsp.c ****     self->pendulum_angle = 0.0f; 
 615              		.loc 1 170 5 is_stmt 1 view .LVU166
 616              		.loc 1 170 26 is_stmt 0 view .LVU167
ARM GAS  C:\Users\CuongLe\AppData\Local\Temp\ccVAsC4G.s 			page 15


 617 0078 E361     		str	r3, [r4, #28]	@ float
 171:Core/Src/Common/Src/dsp.c **** 
 172:Core/Src/Common/Src/dsp.c ****     self->rawCurrent            = 0.0f; self->current           = 0.0f; self->currentDiff       = 0
 618              		.loc 1 172 5 is_stmt 1 view .LVU168
 619              		.loc 1 172 33 is_stmt 0 view .LVU169
 620 007a 2360     		str	r3, [r4]	@ float
 621              		.loc 1 172 41 is_stmt 1 view .LVU170
 622              		.loc 1 172 65 is_stmt 0 view .LVU171
 623 007c 6360     		str	r3, [r4, #4]	@ float
 624              		.loc 1 172 73 is_stmt 1 view .LVU172
 625              		.loc 1 172 97 is_stmt 0 view .LVU173
 626 007e A360     		str	r3, [r4, #8]	@ float
 173:Core/Src/Common/Src/dsp.c ****     self->raw_motor_velocity    = 0.0f; self->motor_velocity    = 0.0f; self->motorEpsilon      = 0
 627              		.loc 1 173 5 is_stmt 1 view .LVU174
 628              		.loc 1 173 33 is_stmt 0 view .LVU175
 629 0080 2361     		str	r3, [r4, #16]	@ float
 630              		.loc 1 173 41 is_stmt 1 view .LVU176
 631              		.loc 1 173 65 is_stmt 0 view .LVU177
 632 0082 6361     		str	r3, [r4, #20]	@ float
 633              		.loc 1 173 73 is_stmt 1 view .LVU178
 634              		.loc 1 173 97 is_stmt 0 view .LVU179
 635 0084 A361     		str	r3, [r4, #24]	@ float
 174:Core/Src/Common/Src/dsp.c ****     self->raw_pendulum_velocity = 0.0f; self->pendulum_velocity = 0.0f; self->pendulumEpsilon   = 0
 636              		.loc 1 174 5 is_stmt 1 view .LVU180
 637              		.loc 1 174 33 is_stmt 0 view .LVU181
 638 0086 2362     		str	r3, [r4, #32]	@ float
 639              		.loc 1 174 41 is_stmt 1 view .LVU182
 640              		.loc 1 174 65 is_stmt 0 view .LVU183
 641 0088 6362     		str	r3, [r4, #36]	@ float
 642              		.loc 1 174 73 is_stmt 1 view .LVU184
 643              		.loc 1 174 97 is_stmt 0 view .LVU185
 644 008a A362     		str	r3, [r4, #40]	@ float
 175:Core/Src/Common/Src/dsp.c **** 
 176:Core/Src/Common/Src/dsp.c ****     /* Assign function pointer */
 177:Core/Src/Common/Src/dsp.c ****     self->procesNewData = &procesNewData;
 645              		.loc 1 177 5 is_stmt 1 view .LVU186
 646              		.loc 1 177 25 is_stmt 0 view .LVU187
 647 008c 044B     		ldr	r3, .L22+12
 648 008e C4F8B430 		str	r3, [r4, #180]
 178:Core/Src/Common/Src/dsp.c **** }...
 649              		.loc 1 178 1 view .LVU188
 650 0092 38BD     		pop	{r3, r4, r5, pc}
 651              	.LVL45:
 652              	.L23:
 653              		.loc 1 178 1 view .LVU189
 654              		.align	2
 655              	.L22:
 656 0094 00000000 		.word	MotorCoefficients
 657 0098 00000000 		.word	PendulumCoefficients
 658 009c 00000000 		.word	CurrentCoefficients
 659 00a0 00000000 		.word	procesNewData
 660              		.cfi_endproc
 661              	.LFE295:
 663              		.global	vol
 664              		.section	.bss.vol,"aw",%nobits
 665              		.align	2
 668              	vol:
ARM GAS  C:\Users\CuongLe\AppData\Local\Temp\ccVAsC4G.s 			page 16


 669 0000 00000000 		.space	4
 670              		.text
 671              	.Letext0:
 672              		.file 2 "D:/DATN/00_MainFolder/00_FirmwaveSTM32/InvertedPendulum/Tool/ArmGnuToolchain/lib/gcc/arm-
 673              		.file 3 "D:/DATN/00_MainFolder/00_FirmwaveSTM32/InvertedPendulum/Tool/ArmGnuToolchain/arm-none-eab
 674              		.file 4 "D:/DATN/00_MainFolder/00_FirmwaveSTM32/InvertedPendulum/Tool/ArmGnuToolchain/arm-none-eab
 675              		.file 5 "Middlewares/ST/ARM/DSP/Inc/arm_math.h"
 676              		.file 6 "Core/Src/Application/Inc/Topic.h"
 677              		.file 7 "Core/Src/Common/Inc/dsp.h"
 678              		.file 8 "Core/Src/Application/Inc/ActiveObject.h"
 679              		.file 9 "Middlewares/Third_Party/ARM/FreeRTOS/include/portable.h"
 680              		.file 10 "<built-in>"
ARM GAS  C:\Users\CuongLe\AppData\Local\Temp\ccVAsC4G.s 			page 17


DEFINED SYMBOLS
                            *ABS*:00000000 dsp.c
C:\Users\CuongLe\AppData\Local\Temp\ccVAsC4G.s:21     .text.different:00000000 $t
C:\Users\CuongLe\AppData\Local\Temp\ccVAsC4G.s:26     .text.different:00000000 different
C:\Users\CuongLe\AppData\Local\Temp\ccVAsC4G.s:72     .text.different:0000003c $d
C:\Users\CuongLe\AppData\Local\Temp\ccVAsC4G.s:77     .text.ConvertAngle:00000000 $t
C:\Users\CuongLe\AppData\Local\Temp\ccVAsC4G.s:82     .text.ConvertAngle:00000000 ConvertAngle
C:\Users\CuongLe\AppData\Local\Temp\ccVAsC4G.s:113    .text.ConvertAngle:00000030 $d
C:\Users\CuongLe\AppData\Local\Temp\ccVAsC4G.s:119    .text.ConvertCurrent:00000000 $t
C:\Users\CuongLe\AppData\Local\Temp\ccVAsC4G.s:124    .text.ConvertCurrent:00000000 ConvertCurrent
C:\Users\CuongLe\AppData\Local\Temp\ccVAsC4G.s:163    .text.ConvertCurrent:00000030 $d
C:\Users\CuongLe\AppData\Local\Temp\ccVAsC4G.s:668    .bss.vol:00000000 vol
C:\Users\CuongLe\AppData\Local\Temp\ccVAsC4G.s:172    .text.filter:00000000 $t
C:\Users\CuongLe\AppData\Local\Temp\ccVAsC4G.s:177    .text.filter:00000000 filter
C:\Users\CuongLe\AppData\Local\Temp\ccVAsC4G.s:221    .text.apply:00000000 $t
C:\Users\CuongLe\AppData\Local\Temp\ccVAsC4G.s:226    .text.apply:00000000 apply
C:\Users\CuongLe\AppData\Local\Temp\ccVAsC4G.s:379    .text.apply:000000f0 $d
C:\Users\CuongLe\AppData\Local\Temp\ccVAsC4G.s:384    .text.procesNewData:00000000 $t
C:\Users\CuongLe\AppData\Local\Temp\ccVAsC4G.s:389    .text.procesNewData:00000000 procesNewData
C:\Users\CuongLe\AppData\Local\Temp\ccVAsC4G.s:462    .text.Differentiator_new:00000000 $t
C:\Users\CuongLe\AppData\Local\Temp\ccVAsC4G.s:467    .text.Differentiator_new:00000000 Differentiator_new
C:\Users\CuongLe\AppData\Local\Temp\ccVAsC4G.s:519    .text.dsp_new:00000000 $t
C:\Users\CuongLe\AppData\Local\Temp\ccVAsC4G.s:525    .text.dsp_new:00000000 dsp_new
C:\Users\CuongLe\AppData\Local\Temp\ccVAsC4G.s:656    .text.dsp_new:00000094 $d
C:\Users\CuongLe\AppData\Local\Temp\ccVAsC4G.s:665    .bss.vol:00000000 $d

UNDEFINED SYMBOLS
arm_biquad_cascade_df2T_f32
pvPortMalloc
arm_biquad_cascade_df2T_init_f32
memset
MotorCoefficients
PendulumCoefficients
CurrentCoefficients
