Archive member included to satisfy reference by file (symbol)

D:/InvertedPendulum/Tool/ArmGnuToolchain/bin/../lib/gcc/arm-none-eabi/14.2.1/thumb/v7e-m+fp/hard\libc_nano.a(libc_a-exit.o)
                              D:/InvertedPendulum/Tool/ArmGnuToolchain/bin/../lib/gcc/arm-none-eabi/14.2.1/thumb/v7e-m+fp/hard/crt0.o (exit)
D:/InvertedPendulum/Tool/ArmGnuToolchain/bin/../lib/gcc/arm-none-eabi/14.2.1/thumb/v7e-m+fp/hard\libc_nano.a(libc_a-findfp.o)
                              D:/InvertedPendulum/Tool/ArmGnuToolchain/bin/../lib/gcc/arm-none-eabi/14.2.1/thumb/v7e-m+fp/hard\libc_nano.a(libc_a-exit.o) (__stdio_exit_handler)
D:/InvertedPendulum/Tool/ArmGnuToolchain/bin/../lib/gcc/arm-none-eabi/14.2.1/thumb/v7e-m+fp/hard\libc_nano.a(libc_a-fwalk.o)
                              D:/InvertedPendulum/Tool/ArmGnuToolchain/bin/../lib/gcc/arm-none-eabi/14.2.1/thumb/v7e-m+fp/hard\libc_nano.a(libc_a-findfp.o) (_fwalk_sglue)
D:/InvertedPendulum/Tool/ArmGnuToolchain/bin/../lib/gcc/arm-none-eabi/14.2.1/thumb/v7e-m+fp/hard\libc_nano.a(libc_a-stdio.o)
                              D:/InvertedPendulum/Tool/ArmGnuToolchain/bin/../lib/gcc/arm-none-eabi/14.2.1/thumb/v7e-m+fp/hard\libc_nano.a(libc_a-findfp.o) (__sread)
D:/InvertedPendulum/Tool/ArmGnuToolchain/bin/../lib/gcc/arm-none-eabi/14.2.1/thumb/v7e-m+fp/hard\libc_nano.a(libc_a-memset.o)
                              D:/InvertedPendulum/Tool/ArmGnuToolchain/bin/../lib/gcc/arm-none-eabi/14.2.1/thumb/v7e-m+fp/hard/crt0.o (memset)
D:/InvertedPendulum/Tool/ArmGnuToolchain/bin/../lib/gcc/arm-none-eabi/14.2.1/thumb/v7e-m+fp/hard\libc_nano.a(libc_a-closer.o)
                              D:/InvertedPendulum/Tool/ArmGnuToolchain/bin/../lib/gcc/arm-none-eabi/14.2.1/thumb/v7e-m+fp/hard\libc_nano.a(libc_a-stdio.o) (_close_r)
D:/InvertedPendulum/Tool/ArmGnuToolchain/bin/../lib/gcc/arm-none-eabi/14.2.1/thumb/v7e-m+fp/hard\libc_nano.a(libc_a-reent.o)
                              D:/InvertedPendulum/Tool/ArmGnuToolchain/bin/../lib/gcc/arm-none-eabi/14.2.1/thumb/v7e-m+fp/hard\libc_nano.a(libc_a-closer.o) (errno)
D:/InvertedPendulum/Tool/ArmGnuToolchain/bin/../lib/gcc/arm-none-eabi/14.2.1/thumb/v7e-m+fp/hard\libc_nano.a(libc_a-impure.o)
                              D:/InvertedPendulum/Tool/ArmGnuToolchain/bin/../lib/gcc/arm-none-eabi/14.2.1/thumb/v7e-m+fp/hard\libc_nano.a(libc_a-reent.o) (_impure_ptr)
D:/InvertedPendulum/Tool/ArmGnuToolchain/bin/../lib/gcc/arm-none-eabi/14.2.1/thumb/v7e-m+fp/hard\libc_nano.a(libc_a-lseekr.o)
                              D:/InvertedPendulum/Tool/ArmGnuToolchain/bin/../lib/gcc/arm-none-eabi/14.2.1/thumb/v7e-m+fp/hard\libc_nano.a(libc_a-stdio.o) (_lseek_r)
D:/InvertedPendulum/Tool/ArmGnuToolchain/bin/../lib/gcc/arm-none-eabi/14.2.1/thumb/v7e-m+fp/hard\libc_nano.a(libc_a-readr.o)
                              D:/InvertedPendulum/Tool/ArmGnuToolchain/bin/../lib/gcc/arm-none-eabi/14.2.1/thumb/v7e-m+fp/hard\libc_nano.a(libc_a-stdio.o) (_read_r)
D:/InvertedPendulum/Tool/ArmGnuToolchain/bin/../lib/gcc/arm-none-eabi/14.2.1/thumb/v7e-m+fp/hard\libc_nano.a(libc_a-writer.o)
                              D:/InvertedPendulum/Tool/ArmGnuToolchain/bin/../lib/gcc/arm-none-eabi/14.2.1/thumb/v7e-m+fp/hard\libc_nano.a(libc_a-stdio.o) (_write_r)
D:/InvertedPendulum/Tool/ArmGnuToolchain/bin/../lib/gcc/arm-none-eabi/14.2.1/thumb/v7e-m+fp/hard\libc_nano.a(libc_a-errno.o)
                              Build/sysmem.o (__errno)
D:/InvertedPendulum/Tool/ArmGnuToolchain/bin/../lib/gcc/arm-none-eabi/14.2.1/thumb/v7e-m+fp/hard\libc_nano.a(libc_a-init.o)
                              D:/InvertedPendulum/Tool/ArmGnuToolchain/bin/../lib/gcc/arm-none-eabi/14.2.1/thumb/v7e-m+fp/hard/crt0.o (__libc_init_array)
D:/InvertedPendulum/Tool/ArmGnuToolchain/bin/../lib/gcc/arm-none-eabi/14.2.1/thumb/v7e-m+fp/hard\libc_nano.a(libc_a-lock.o)
                              D:/InvertedPendulum/Tool/ArmGnuToolchain/bin/../lib/gcc/arm-none-eabi/14.2.1/thumb/v7e-m+fp/hard\libc_nano.a(libc_a-findfp.o) (__retarget_lock_init_recursive)
D:/InvertedPendulum/Tool/ArmGnuToolchain/bin/../lib/gcc/arm-none-eabi/14.2.1/thumb/v7e-m+fp/hard\libc_nano.a(libc_a-memcpy-stub.o)
                              Build/queue.o (memcpy)
D:/InvertedPendulum/Tool/ArmGnuToolchain/bin/../lib/gcc/arm-none-eabi/14.2.1/thumb/v7e-m+fp/hard\libc_nano.a(libc_a-strlen.o)
                              Build/main.o (strlen)
D:/InvertedPendulum/Tool/ArmGnuToolchain/bin/../lib/gcc/arm-none-eabi/14.2.1/thumb/v7e-m+fp/hard\libc_nano.a(libc_a-freer.o)
                              D:/InvertedPendulum/Tool/ArmGnuToolchain/bin/../lib/gcc/arm-none-eabi/14.2.1/thumb/v7e-m+fp/hard\libc_nano.a(libc_a-reent.o) (_free_r)
D:/InvertedPendulum/Tool/ArmGnuToolchain/bin/../lib/gcc/arm-none-eabi/14.2.1/thumb/v7e-m+fp/hard\libc_nano.a(libc_a-mallocr.o)
                              D:/InvertedPendulum/Tool/ArmGnuToolchain/bin/../lib/gcc/arm-none-eabi/14.2.1/thumb/v7e-m+fp/hard\libc_nano.a(libc_a-findfp.o) (_malloc_r)
[...]
Memory Configuration

Name             Origin             Length             Attributes
RAM              0x20000000         0x00020000         xrw
CCMRAM           0x10000000         0x00010000         xrw
FLASH            0x08000000         0x00100000         xr
*default*        0x00000000         0xffffffff

Linker script and memory map

LOAD D:/InvertedPendulum/Tool/ArmGnuToolchain/bin/../lib/gcc/arm-none-eabi/14.2.1/thumb/v7e-m+fp/hard/crti.o
LOAD D:/InvertedPendulum/Tool/ArmGnuToolchain/bin/../lib/gcc/arm-none-eabi/14.2.1/thumb/v7e-m+fp/hard/crtbegin.o
LOAD D:/InvertedPendulum/Tool/ArmGnuToolchain/bin/../lib/gcc/arm-none-eabi/14.2.1/thumb/v7e-m+fp/hard/crt0.o
LOAD Build/main.o
LOAD Build/stm32f4xx_it.o
LOAD Build/stm32f4xx_hal_msp.o
LOAD Build/stm32f4xx_hal_rcc.o
LOAD Build/stm32f4xx_hal_rcc_ex.o
LOAD Build/stm32f4xx_hal_flash.o
LOAD Build/stm32f4xx_hal_flash_ex.o
LOAD Build/stm32f4xx_hal_flash_ramfunc.o
LOAD Build/stm32f4xx_hal_gpio.o
LOAD Build/stm32f4xx_hal_dma_ex.o
LOAD Build/stm32f4xx_hal_dma.o
LOAD Build/stm32f4xx_hal_pwr.o
LOAD Build/stm32f4xx_hal_pwr_ex.o
LOAD Build/stm32f4xx_hal_cortex.o
LOAD Build/stm32f4xx_hal.o
LOAD Build/stm32f4xx_hal_exti.o
LOAD Build/stm32f4xx_hal_tim.o
LOAD Build/stm32f4xx_hal_tim_ex.o
LOAD Build/stm32f4xx_hal_uart.o
LOAD Build/system_stm32f4xx.o
LOAD Build/sysmem.o
LOAD Build/syscalls.o
LOAD Build/stm32f4xx_hal_adc.o
LOAD Build/stm32f4xx_hal_adc_ex.o
LOAD Build/stm32f4xx_ll_adc.o
LOAD Build/croutine.o
LOAD Build/event_groups.o
LOAD Build/list.o
LOAD Build/queue.o
LOAD Build/stream_buffer.o
LOAD Build/tasks.o
LOAD Build/timers.o
LOAD Build/port.o
LOAD Build/heap_4.o
LOAD Build/printf.o
LOAD Build/startup_stm32f407xx.o
LOAD D:/InvertedPendulum/Tool/ArmGnuToolchain/bin/../lib/gcc/arm-none-eabi/14.2.1/thumb/v7e-m+fp/hard\libc_nano.a
LOAD D:/InvertedPendulum/Tool/ArmGnuToolchain/bin/../lib/gcc/arm-none-eabi/14.2.1/thumb/v7e-m+fp/hard\libm.a
LOAD D:/InvertedPendulum/Tool/ArmGnuToolchain/bin/../lib/gcc/arm-none-eabi/14.2.1/thumb/v7e-m+fp/hard\libnosys.a
LOAD Middlewares/ST/ARM/DSP/Lib/libarm_cortexM4lf_math.a
START GROUP
LOAD D:/InvertedPendulum/Tool/ArmGnuToolchain/bin/../lib/gcc/arm-none-eabi/14.2.1/thumb/v7e-m+fp/hard\libgcc.a
LOAD D:/InvertedPendulum/Tool/ArmGnuToolchain/bin/../lib/gcc/arm-none-eabi/14.2.1/thumb/v7e-m+fp/hard\libc_nano.a
END GROUP
START GROUP
LOAD D:/InvertedPendulum/Tool/ArmGnuToolchain/bin/../lib/gcc/arm-none-eabi/14.2.1/thumb/v7e-m+fp/hard\libgcc.a
LOAD D:/InvertedPendulum/Tool/ArmGnuToolchain/bin/../lib/gcc/arm-none-eabi/14.2.1/thumb/v7e-m+fp/hard\libc_nano.a
END GROUP
LOAD D:/InvertedPendulum/Tool/ArmGnuToolchain/bin/../lib/gcc/arm-none-eabi/14.2.1/thumb/v7e-m+fp/hard/crtend.o
LOAD D:/InvertedPendulum/Tool/ArmGnuToolchain/bin/../lib/gcc/arm-none-eabi/14.2.1/thumb/v7e-m+fp/hard/crtn.o
                0x20020000                        _estack = (ORIGIN (RAM) + LENGTH (RAM))
                0x00000200                        _Min_Heap_Size = 0x200
                0x00000400                        _Min_Stack_Size = 0x400

.isr_vector     0x08000000      0x188
                0x08000000                        . = ALIGN (0x4)
 *(.isr_vector)
 .isr_vector    0x08000000      0x188 Build/startup_stm32f407xx.o
                0x08000000                g_pfnVectors
                0x08000188                        . = ALIGN (0x4)

.text           0x08000190     0x57c0
                0x08000190                        . = ALIGN (0x4)
 *(.text)
 .text          0x08000190       0x10 D:/InvertedPendulum/Tool/ArmGnuToolchain/bin/../lib/gcc/arm-none-eabi/14.2.1/thumb/v7e-m+fp/hard\libc_nano.a(libc_a-strlen.o)
                0x08000190                strlen
 .text          0x080001a0      0x378 D:/InvertedPendulum/Tool/ArmGnuToolchain/bin/../lib/gcc/arm-none-eabi/14.2.1/thumb/v7e-m+fp/hard\libgcc.a(_arm_addsubdf3.o)
                0x080001a0                __aeabi_drsub
                0x080001a8                __aeabi_dsub
                0x080001a8                __subdf3
                0x080001ac                __aeabi_dadd
                0x080001ac                __adddf3
                0x08000424                __floatunsidf
                0x08000424                __aeabi_ui2d
                0x08000444                __floatsidf
                0x08000444                __aeabi_i2d
                0x08000468                __aeabi_f2d
                0x08000468                __extendsfdf2
                0x080004ac                __floatundidf
                0x080004ac                __aeabi_ul2d
                0x080004bc                __floatdidf
                0x080004bc                __aeabi_l2d
 .text          0x08000518      0x424 D:/InvertedPendulum/Tool/ArmGnuToolchain/bin/../lib/gcc/arm-none-eabi/14.2.1/thumb/v7e-m+fp/hard\libgcc.a(_arm_muldivdf3.o)
                0x08000518                __aeabi_dmul
                0x08000518                __muldf3
                0x0800076c                __divdf3
                0x0800076c                __aeabi_ddiv
 .text          0x0800093c      0x110 D:/InvertedPendulum/Tool/ArmGnuToolchain/bin/../lib/gcc/arm-none-eabi/14.2.1/thumb/v7e-m+fp/hard\libgcc.a(_arm_cmpdf2.o)
                0x0800093c                __gtdf2
                0x0800093c                __gedf2
                0x08000944                __ltdf2
                0x08000944                __ledf2
                0x0800094c                __nedf2
                0x0800094c                __eqdf2
                0x0800094c                __cmpdf2
                0x080009c8                __aeabi_cdrcmple
                0x080009d8                __aeabi_cdcmpeq
                0x080009d8                __aeabi_cdcmple
                0x080009e8                __aeabi_dcmpeq
                0x080009fc                __aeabi_dcmplt
                0x08000a10                __aeabi_dcmple
                0x08000a24                __aeabi_dcmpge
                0x08000a38                __aeabi_dcmpgt
 .text          0x08000a4c       0x50 D:/InvertedPendulum/Tool/ArmGnuToolchain/bin/../lib/gcc/arm-none-eabi/14.2.1/thumb/v7e-m+fp/hard\libgcc.a(_arm_fixdfsi.o)
                0x08000a4c                __aeabi_d2iz
                0x08000a4c                __fixdfsi
 .text          0x08000a9c       0x40 D:/InvertedPendulum/Tool/ArmGnuToolchain/bin/../lib/gcc/arm-none-eabi/14.2.1/thumb/v7e-m+fp/hard\libgcc.a(_arm_fixunsdfsi.o)
                0x08000a9c                __aeabi_d2uiz
                0x08000a9c                __fixunsdfsi
 .text          0x08000adc       0x30 D:/InvertedPendulum/Tool/ArmGnuToolchain/bin/../lib/gcc/arm-none-eabi/14.2.1/thumb/v7e-m+fp/hard\libgcc.a(_aeabi_uldivmod.o)
                0x08000adc                __aeabi_uldivmod
 .text          0x08000b0c        0x4 D:/InvertedPendulum/Tool/ArmGnuToolchain/bin/../lib/gcc/arm-none-eabi/14.2.1/thumb/v7e-m+fp/hard\libgcc.a(_dvmd_tls.o)
                0x08000b0c                __aeabi_idiv0
                0x08000b0c                __aeabi_ldiv0
 *(.text*)
 .text.deregister_tm_clones
                0x08000b10       0x1c D:/InvertedPendulum/Tool/ArmGnuToolchain/bin/../lib/gcc/arm-none-eabi/14.2.1/thumb/v7e-m+fp/hard/crtbegin.o
 .text.register_tm_clones
                0x08000b2c       0x24 D:/InvertedPendulum/Tool/ArmGnuToolchain/bin/../lib/gcc/arm-none-eabi/14.2.1/thumb/v7e-m+fp/hard/crtbegin.o
 .text.__do_global_dtors_aux
                0x08000b50       0x28 D:/InvertedPendulum/Tool/ArmGnuToolchain/bin/../lib/gcc/arm-none-eabi/14.2.1/thumb/v7e-m+fp/hard/crtbegin.o
 .text.frame_dummy
                0x08000b78       0x24 D:/InvertedPendulum/Tool/ArmGnuToolchain/bin/../lib/gcc/arm-none-eabi/14.2.1/thumb/v7e-m+fp/hard/crtbegin.o
 .text.MX_GPIO_Init
                0x08000b9c       0x94 Build/main.o
 .text.SendBuffer
                0x08000c30       0x18 Build/main.o
                0x08000c30                SendBuffer
 .text.mainTask
                0x08000c48       0x40 Build/main.o
                0x08000c48                mainTask
 .text.Error_Handler
                0x08000c88        0x4 Build/main.o
                0x08000c88                Error_Handler
 .text.MX_TIM2_Init
                0x08000c8c       0x68 Build/main.o
 .text.MX_USART2_UART_Init
                0x08000cf4       0x34 Build/main.o
 .text.MX_USART3_UART_Init
                0x08000d28       0x34 Build/main.o
 .text.MX_TIM6_Init
                0x08000d5c       0x50 Build/main.o
 .text.MX_TIM7_Init
                0x08000dac       0x4c Build/main.o
 .text.MX_TIM3_Init
                0x08000df8       0x68 Build/main.o
 .text.MX_ADC1_Init
                0x08000e60       0x6c Build/main.o
 .text.SystemClock_Config
                0x08000ecc       0xa4 Build/main.o
                0x08000ecc                SystemClock_Config
 .text.main     0x08000f70       0x60 Build/main.o
                0x08000f70                main
 .text.NMI_Handler
                0x08000fd0        0x2 Build/stm32f4xx_it.o
                0x08000fd0                NMI_Handler
 .text.HardFault_Handler
                0x08000fd2        0x2 Build/stm32f4xx_it.o
                0x08000fd2                HardFault_Handler
 .text.MemManage_Handler
                0x08000fd4        0x2 Build/stm32f4xx_it.o
                0x08000fd4                MemManage_Handler
 .text.BusFault_Handler
                0x08000fd6        0x2 Build/stm32f4xx_it.o
                0x08000fd6                BusFault_Handler
 .text.UsageFault_Handler
                0x08000fd8        0x2 Build/stm32f4xx_it.o
                0x08000fd8                UsageFault_Handler
 .text.DebugMon_Handler
                0x08000fda        0x2 Build/stm32f4xx_it.o
                0x08000fda                DebugMon_Handler
 .text.ADC_IRQHandler
                0x08000fdc       0x10 Build/stm32f4xx_it.o
                0x08000fdc                ADC_IRQHandler
 .text.TIM2_IRQHandler
                0x08000fec       0x10 Build/stm32f4xx_it.o
                0x08000fec                TIM2_IRQHandler
 .text.TIM3_IRQHandler
                0x08000ffc       0x10 Build/stm32f4xx_it.o
                0x08000ffc                TIM3_IRQHandler
 .text.USART2_IRQHandler
                0x0800100c       0x10 Build/stm32f4xx_it.o
                0x0800100c                USART2_IRQHandler
 .text.USART3_IRQHandler
                0x0800101c       0x10 Build/stm32f4xx_it.o
                0x0800101c                USART3_IRQHandler
 .text.TIM6_DAC_IRQHandler
                0x0800102c       0x10 Build/stm32f4xx_it.o
                0x0800102c                TIM6_DAC_IRQHandler
 .text.TIM7_IRQHandler
                0x0800103c       0x10 Build/stm32f4xx_it.o
                0x0800103c                TIM7_IRQHandler
 .text.HAL_MspInit
                0x0800104c       0x38 Build/stm32f4xx_hal_msp.o
                0x0800104c                HAL_MspInit
 .text.HAL_ADC_MspInit
                0x08001084       0x78 Build/stm32f4xx_hal_msp.o
                0x08001084                HAL_ADC_MspInit
 .text.HAL_TIM_Encoder_MspInit
                0x080010fc       0xd4 Build/stm32f4xx_hal_msp.o
                0x080010fc                HAL_TIM_Encoder_MspInit
 .text.HAL_TIM_Base_MspInit
                0x080011d0       0x74 Build/stm32f4xx_hal_msp.o
                0x080011d0                HAL_TIM_Base_MspInit
 .text.HAL_UART_MspInit
                0x08001244       0xe4 Build/stm32f4xx_hal_msp.o
                0x08001244                HAL_UART_MspInit
 .text.HAL_RCC_OscConfig
                0x08001328      0x3f8 Build/stm32f4xx_hal_rcc.o
                0x08001328                HAL_RCC_OscConfig
 .text.HAL_RCC_GetSysClockFreq
                0x08001720       0xdc Build/stm32f4xx_hal_rcc.o
                0x08001720                HAL_RCC_GetSysClockFreq
 .text.HAL_RCC_ClockConfig
                0x080017fc      0x160 Build/stm32f4xx_hal_rcc.o
                0x080017fc                HAL_RCC_ClockConfig
 .text.HAL_RCC_GetHCLKFreq
                0x0800195c        0xc Build/stm32f4xx_hal_rcc.o
                0x0800195c                HAL_RCC_GetHCLKFreq
 .text.HAL_RCC_GetPCLK1Freq
                0x08001968       0x20 Build/stm32f4xx_hal_rcc.o
                0x08001968                HAL_RCC_GetPCLK1Freq
 .text.HAL_RCC_GetPCLK2Freq
                0x08001988       0x20 Build/stm32f4xx_hal_rcc.o
                0x08001988                HAL_RCC_GetPCLK2Freq
 .text.HAL_GPIO_Init
                0x080019a8      0x1ec Build/stm32f4xx_hal_gpio.o
                0x080019a8                HAL_GPIO_Init
 .text.HAL_GPIO_WritePin
                0x08001b94        0xc Build/stm32f4xx_hal_gpio.o
                0x08001b94                HAL_GPIO_WritePin
 .text.HAL_GPIO_TogglePin
                0x08001ba0       0x12 Build/stm32f4xx_hal_gpio.o
                0x08001ba0                HAL_GPIO_TogglePin
 .text.HAL_DMA_Abort
                0x08001bb2       0x92 Build/stm32f4xx_hal_dma.o
                0x08001bb2                HAL_DMA_Abort
 .text.HAL_DMA_Abort_IT
                0x08001c44       0x24 Build/stm32f4xx_hal_dma.o
                0x08001c44                HAL_DMA_Abort_IT
 .text.__NVIC_EnableIRQ
                0x08001c68       0x1c Build/stm32f4xx_hal_cortex.o
 .text.__NVIC_SetPriority
                0x08001c84       0x28 Build/stm32f4xx_hal_cortex.o
 .text.NVIC_EncodePriority
                0x08001cac       0x3e Build/stm32f4xx_hal_cortex.o
 *fill*         0x08001cea        0x2 
 .text.HAL_NVIC_SetPriorityGrouping
                0x08001cec       0x24 Build/stm32f4xx_hal_cortex.o
                0x08001cec                HAL_NVIC_SetPriorityGrouping
 .text.HAL_NVIC_SetPriority
                0x08001d10       0x20 Build/stm32f4xx_hal_cortex.o
                0x08001d10                HAL_NVIC_SetPriority
 .text.HAL_NVIC_EnableIRQ
                0x08001d30        0x8 Build/stm32f4xx_hal_cortex.o
                0x08001d30                HAL_NVIC_EnableIRQ
 .text.HAL_SYSTICK_Config
                0x08001d38       0x28 Build/stm32f4xx_hal_cortex.o
                0x08001d38                HAL_SYSTICK_Config
 .text.HAL_InitTick
                0x08001d60       0x4c Build/stm32f4xx_hal.o
                0x08001d60                HAL_InitTick
 .text.HAL_Init
                0x08001dac       0x34 Build/stm32f4xx_hal.o
                0x08001dac                HAL_Init
 .text.HAL_GetTick
                0x08001de0        0xc Build/stm32f4xx_hal.o
                0x08001de0                HAL_GetTick
 .text.HAL_TIM_PeriodElapsedCallback
                0x08001dec        0x2 Build/stm32f4xx_hal_tim.o
                0x08001dec                HAL_TIM_PeriodElapsedCallback
 .text.HAL_TIM_OC_DelayElapsedCallback
                0x08001dee        0x2 Build/stm32f4xx_hal_tim.o
                0x08001dee                HAL_TIM_OC_DelayElapsedCallback
 .text.HAL_TIM_IC_CaptureCallback
                0x08001df0        0x2 Build/stm32f4xx_hal_tim.o
                0x08001df0                HAL_TIM_IC_CaptureCallback
 .text.HAL_TIM_PWM_PulseFinishedCallback
                0x08001df2        0x2 Build/stm32f4xx_hal_tim.o
                0x08001df2                HAL_TIM_PWM_PulseFinishedCallback
 .text.HAL_TIM_TriggerCallback
                0x08001df4        0x2 Build/stm32f4xx_hal_tim.o
                0x08001df4                HAL_TIM_TriggerCallback
 .text.HAL_TIM_IRQHandler
                0x08001df6      0x15e Build/stm32f4xx_hal_tim.o
                0x08001df6                HAL_TIM_IRQHandler
 .text.TIM_Base_SetConfig
                0x08001f54       0xd8 Build/stm32f4xx_hal_tim.o
                0x08001f54                TIM_Base_SetConfig
 .text.HAL_TIM_Base_Init
                0x0800202c       0x58 Build/stm32f4xx_hal_tim.o
                0x0800202c                HAL_TIM_Base_Init
 .text.HAL_TIM_Encoder_Init
                0x08002084       0xb0 Build/stm32f4xx_hal_tim.o
                0x08002084                HAL_TIM_Encoder_Init
 .text.HAL_TIMEx_MasterConfigSynchronization
                0x08002134       0x8c Build/stm32f4xx_hal_tim_ex.o
                0x08002134                HAL_TIMEx_MasterConfigSynchronization
 .text.HAL_TIMEx_CommutCallback
                0x080021c0        0x2 Build/stm32f4xx_hal_tim_ex.o
                0x080021c0                HAL_TIMEx_CommutCallback
 .text.HAL_TIMEx_BreakCallback
                0x080021c2        0x2 Build/stm32f4xx_hal_tim_ex.o
                0x080021c2                HAL_TIMEx_BreakCallback
 .text.UART_EndRxTransfer
                0x080021c4       0x5c Build/stm32f4xx_hal_uart.o
 .text.UART_Transmit_IT
                0x08002220       0x5e Build/stm32f4xx_hal_uart.o
 *fill*         0x0800227e        0x2 
 .text.UART_SetConfig
                0x08002280      0x110 Build/stm32f4xx_hal_uart.o
 .text.HAL_UART_Init
                0x08002390       0x60 Build/stm32f4xx_hal_uart.o
                0x08002390                HAL_UART_Init
 .text.HAL_UART_Transmit_IT
                0x080023f0       0x36 Build/stm32f4xx_hal_uart.o
                0x080023f0                HAL_UART_Transmit_IT
 .text.HAL_UART_TxCpltCallback
                0x08002426        0x2 Build/stm32f4xx_hal_uart.o
                0x08002426                HAL_UART_TxCpltCallback
 .text.UART_EndTransmit_IT
                0x08002428       0x1a Build/stm32f4xx_hal_uart.o
 .text.HAL_UART_RxCpltCallback
                0x08002442        0x2 Build/stm32f4xx_hal_uart.o
                0x08002442                HAL_UART_RxCpltCallback
 .text.HAL_UART_ErrorCallback
                0x08002444        0x2 Build/stm32f4xx_hal_uart.o
                0x08002444                HAL_UART_ErrorCallback
 .text.UART_DMAAbortOnError
                0x08002446       0x10 Build/stm32f4xx_hal_uart.o
 .text.HAL_UARTEx_RxEventCallback
                0x08002456        0x2 Build/stm32f4xx_hal_uart.o
                0x08002456                HAL_UARTEx_RxEventCallback
 .text.UART_Receive_IT
                0x08002458       0xe4 Build/stm32f4xx_hal_uart.o
 .text.HAL_UART_IRQHandler
                0x0800253c      0x284 Build/stm32f4xx_hal_uart.o
                0x0800253c                HAL_UART_IRQHandler
 .text.SystemInit
                0x080027c0       0x14 Build/system_stm32f4xx.o
                0x080027c0                SystemInit
 .text.ADC_Init
                0x080027d4      0x134 Build/stm32f4xx_hal_adc.o
 .text.HAL_ADC_Init
                0x08002908       0x56 Build/stm32f4xx_hal_adc.o
                0x08002908                HAL_ADC_Init
 .text.HAL_ADC_ConvCpltCallback
                0x0800295e        0x2 Build/stm32f4xx_hal_adc.o
                0x0800295e                HAL_ADC_ConvCpltCallback
 .text.HAL_ADC_LevelOutOfWindowCallback
                0x08002960        0x2 Build/stm32f4xx_hal_adc.o
                0x08002960                HAL_ADC_LevelOutOfWindowCallback
 .text.HAL_ADC_ErrorCallback
                0x08002962        0x2 Build/stm32f4xx_hal_adc.o
                0x08002962                HAL_ADC_ErrorCallback
 .text.HAL_ADC_IRQHandler
                0x08002964      0x142 Build/stm32f4xx_hal_adc.o
                0x08002964                HAL_ADC_IRQHandler
 *fill*         0x08002aa6        0x2 
 .text.HAL_ADC_ConfigChannel
                0x08002aa8      0x194 Build/stm32f4xx_hal_adc.o
                0x08002aa8                HAL_ADC_ConfigChannel
 .text.HAL_ADCEx_InjectedConvCpltCallback
                0x08002c3c        0x2 Build/stm32f4xx_hal_adc_ex.o
                0x08002c3c                HAL_ADCEx_InjectedConvCpltCallback
 .text.vListInitialise
                0x08002c3e       0x16 Build/list.o
                0x08002c3e                vListInitialise
 .text.vListInitialiseItem
                0x08002c54        0x6 Build/list.o
                0x08002c54                vListInitialiseItem
 .text.vListInsert
                0x08002c5a       0x32 Build/list.o
                0x08002c5a                vListInsert
 .text.uxListRemove
                0x08002c8c       0x26 Build/list.o
                0x08002c8c                uxListRemove
 .text.prvIsQueueEmpty
                0x08002cb2       0x1a Build/queue.o
 .text.prvCopyDataFromQueue
                0x08002ccc       0x24 Build/queue.o
 .text.prvUnlockQueue
                0x08002cf0       0x6e Build/queue.o
 .text.xQueueGenericReset
                0x08002d5e       0xaa Build/queue.o
                0x08002d5e                xQueueGenericReset
 .text.prvInitialiseNewQueue
                0x08002e08       0x22 Build/queue.o
 .text.xQueueGenericCreate
                0x08002e2a       0x56 Build/queue.o
                0x08002e2a                xQueueGenericCreate
 .text.xQueueReceive
                0x08002e80      0x15e Build/queue.o
                0x08002e80                xQueueReceive
 *fill*         0x08002fde        0x2 
 .text.vQueueAddToRegistry
                0x08002fe0       0x60 Build/queue.o
                0x08002fe0                vQueueAddToRegistry
 .text.vQueueWaitForMessageRestricted
                0x08003040       0x52 Build/queue.o
                0x08003040                vQueueWaitForMessageRestricted
 *fill*         0x08003092        0x2 
 .text.prvResetNextTaskUnblockTime
                0x08003094       0x28 Build/tasks.o
 .text.prvDeleteTCB
                0x080030bc       0x12 Build/tasks.o
 .text.prvInitialiseNewTask
                0x080030ce       0x8e Build/tasks.o
 .text.prvInitialiseTaskLists
                0x0800315c       0x68 Build/tasks.o
 .text.prvAddNewTaskToReadyList
                0x080031c4       0xc8 Build/tasks.o
 .text.prvCheckTasksWaitingTermination
                0x0800328c       0x4c Build/tasks.o
 .text.prvIdleTask
                0x080032d8       0x28 Build/tasks.o
 .text.prvAddCurrentTaskToDelayedList
                0x08003300       0xb0 Build/tasks.o
 .text.xTaskCreate
                0x080033b0       0x68 Build/tasks.o
                0x080033b0                xTaskCreate
 .text.vTaskStartScheduler
                0x08003418       0x8c Build/tasks.o
                0x08003418                vTaskStartScheduler
 .text.vTaskSuspendAll
                0x080034a4       0x10 Build/tasks.o
                0x080034a4                vTaskSuspendAll
 .text.xTaskGetTickCount
                0x080034b4        0xc Build/tasks.o
                0x080034b4                xTaskGetTickCount
 .text.xTaskIncrementTick
                0x080034c0      0x178 Build/tasks.o
                0x080034c0                xTaskIncrementTick
 .text.xTaskResumeAll
                0x08003638      0x150 Build/tasks.o
                0x08003638                xTaskResumeAll
 .text.vTaskDelay
                0x08003788       0x4c Build/tasks.o
                0x08003788                vTaskDelay
 .text.vTaskSwitchContext
                0x080037d4       0x98 Build/tasks.o
                0x080037d4                vTaskSwitchContext
 .text.vTaskPlaceOnEventList
                0x0800386c       0x30 Build/tasks.o
                0x0800386c                vTaskPlaceOnEventList
 .text.vTaskPlaceOnEventListRestricted
                0x0800389c       0x54 Build/tasks.o
                0x0800389c                vTaskPlaceOnEventListRestricted
 .text.xTaskRemoveFromEventList
                0x080038f0       0xf0 Build/tasks.o
                0x080038f0                xTaskRemoveFromEventList
 .text.vTaskInternalSetTimeOutState
                0x080039e0       0x18 Build/tasks.o
                0x080039e0                vTaskInternalSetTimeOutState
 .text.xTaskCheckForTimeOut
                0x080039f8       0x8c Build/tasks.o
                0x080039f8                xTaskCheckForTimeOut
 .text.vTaskMissedYield
                0x08003a84        0xc Build/tasks.o
                0x08003a84                vTaskMissedYield
 .text.xTaskGetSchedulerState
                0x08003a90       0x20 Build/tasks.o
                0x08003a90                xTaskGetSchedulerState
 .text.prvGetNextExpireTime
                0x08003ab0       0x20 Build/timers.o
 .text.prvInsertTimerInActiveList
                0x08003ad0       0x48 Build/timers.o
 .text.prvReloadTimer
                0x08003b18       0x28 Build/timers.o
 .text.prvProcessExpiredTimer
                0x08003b40       0x40 Build/timers.o
 .text.prvSwitchTimerLists
                0x08003b80       0x30 Build/timers.o
 .text.prvSampleTimeNow
                0x08003bb0       0x2c Build/timers.o
 .text.prvProcessTimerOrBlockTask
                0x08003bdc       0x74 Build/timers.o
 .text.prvProcessReceivedCommands
                0x08003c50       0xf0 Build/timers.o
 .text.prvTimerTask
                0x08003d40       0x16 Build/timers.o
 *fill*         0x08003d56        0x2 
 .text.prvCheckForValidListAndQueue
                0x08003d58       0x5c Build/timers.o
 .text.xTimerCreateTimerTask
                0x08003db4       0x50 Build/timers.o
                0x08003db4                xTimerCreateTimerTask
 .text.prvTaskExitError
                0x08003e04       0x40 Build/port.o
 .text.prvPortStartFirstTask
                0x08003e44       0x28 Build/port.o
 .text.vPortEnableVFP
                0x08003e6c       0x14 Build/port.o
 .text.pxPortInitialiseStack
                0x08003e80       0x2c Build/port.o
                0x08003e80                pxPortInitialiseStack
 *fill*         0x08003eac        0x4 
 .text.SVC_Handler
                0x08003eb0       0x24 Build/port.o
                0x08003eb0                SVC_Handler
 .text.vPortEnterCritical
                0x08003ed4       0x44 Build/port.o
                0x08003ed4                vPortEnterCritical
 .text.vPortExitCritical
                0x08003f18       0x2c Build/port.o
                0x08003f18                vPortExitCritical
 *fill*         0x08003f44        0xc 
 .text.PendSV_Handler
                0x08003f50       0x64 Build/port.o
                0x08003f50                PendSV_Handler
 .text.SysTick_Handler
                0x08003fb4       0x2c Build/port.o
                0x08003fb4                SysTick_Handler
 .text.vPortSetupTimerInterrupt
                0x08003fe0       0x28 Build/port.o
                0x08003fe0                vPortSetupTimerInterrupt
 .text.xPortStartScheduler
                0x08004008      0x118 Build/port.o
                0x08004008                xPortStartScheduler
 .text.prvHeapInit
                0x08004120       0x58 Build/heap_4.o
 .text.prvInsertBlockIntoFreeList
                0x08004178       0x64 Build/heap_4.o
 .text.pvPortMalloc
                0x080041dc       0xf4 Build/heap_4.o
                0x080041dc                pvPortMalloc
 .text.vPortFree
                0x080042d0       0x74 Build/heap_4.o
                0x080042d0                vPortFree
 .text._out_buffer
                0x08004344        0x8 Build/printf.o
 .text._out_null
                0x0800434c        0x2 Build/printf.o
 .text._atoi    0x0800434e       0x26 Build/printf.o
 .text._out_rev
                0x08004374       0x7e Build/printf.o
 .text._ntoa_format
                0x080043f2      0x134 Build/printf.o
 .text._ntoa_long
                0x08004526       0x94 Build/printf.o
 .text._ntoa_long_long
                0x080045ba       0xc2 Build/printf.o
 *fill*         0x0800467c        0x4 
 .text._etoa    0x08004680      0x3f0 Build/printf.o
 .text._ftoa    0x08004a70      0x380 Build/printf.o
 .text._vsnprintf
                0x08004df0      0x6d0 Build/printf.o
 .text.sprintf_
                0x080054c0       0x2c Build/printf.o
                0x080054c0                sprintf_
 .text.Reset_Handler
                0x080054ec       0x50 Build/startup_stm32f407xx.o
                0x080054ec                Reset_Handler
 .text.Default_Handler
                0x0800553c        0x2 Build/startup_stm32f407xx.o
                0x0800553c                RTC_Alarm_IRQHandler
                0x0800553c                HASH_RNG_IRQHandler
                0x0800553c                EXTI2_IRQHandler
                0x0800553c                TIM8_CC_IRQHandler
                0x0800553c                TIM1_CC_IRQHandler
                0x0800553c                DMA2_Stream5_IRQHandler
                0x0800553c                DMA1_Stream5_IRQHandler
                0x0800553c                PVD_IRQHandler
                0x0800553c                SDIO_IRQHandler
                0x0800553c                TAMP_STAMP_IRQHandler
                0x0800553c                CAN2_RX1_IRQHandler
                0x0800553c                EXTI3_IRQHandler
                0x0800553c                TIM8_TRG_COM_TIM14_IRQHandler
                0x0800553c                TIM1_UP_TIM10_IRQHandler
                0x0800553c                TIM8_UP_TIM13_IRQHandler
                0x0800553c                I2C3_ER_IRQHandler
                0x0800553c                EXTI0_IRQHandler
                0x0800553c                I2C2_EV_IRQHandler
                0x0800553c                DMA1_Stream2_IRQHandler
                0x0800553c                CAN1_RX0_IRQHandler
                0x0800553c                FPU_IRQHandler
                0x0800553c                OTG_HS_WKUP_IRQHandler
                0x0800553c                CAN2_SCE_IRQHandler
                0x0800553c                DMA2_Stream2_IRQHandler
                0x0800553c                SPI1_IRQHandler
                0x0800553c                TIM1_BRK_TIM9_IRQHandler
                0x0800553c                DCMI_IRQHandler
                0x0800553c                CAN2_RX0_IRQHandler
                0x0800553c                DMA2_Stream3_IRQHandler
                0x0800553c                USART6_IRQHandler
                0x0800553c                CAN1_RX1_IRQHandler
                0x0800553c                UART5_IRQHandler
                0x0800553c                DMA2_Stream0_IRQHandler
                0x0800553c                TIM4_IRQHandler
                0x0800553c                I2C1_EV_IRQHandler
                0x0800553c                DMA1_Stream6_IRQHandler
                0x0800553c                DMA1_Stream1_IRQHandler
                0x0800553c                UART4_IRQHandler
                0x0800553c                RCC_IRQHandler
                0x0800553c                TIM8_BRK_TIM12_IRQHandler
                0x0800553c                Default_Handler
                0x0800553c                EXTI15_10_IRQHandler
                0x0800553c                DMA1_Stream7_IRQHandler
                0x0800553c                CAN2_TX_IRQHandler
                0x0800553c                TIM5_IRQHandler
                0x0800553c                DMA2_Stream7_IRQHandler
                0x0800553c                I2C3_EV_IRQHandler
                0x0800553c                EXTI9_5_IRQHandler
                0x0800553c                RTC_WKUP_IRQHandler
                0x0800553c                ETH_WKUP_IRQHandler
                0x0800553c                SPI2_IRQHandler
                0x0800553c                OTG_HS_EP1_IN_IRQHandler
                0x0800553c                DMA1_Stream0_IRQHandler
                0x0800553c                CAN1_TX_IRQHandler
                0x0800553c                EXTI4_IRQHandler
                0x0800553c                FSMC_IRQHandler
                0x0800553c                ETH_IRQHandler
                0x0800553c                OTG_HS_EP1_OUT_IRQHandler
                0x0800553c                WWDG_IRQHandler
                0x0800553c                OTG_FS_WKUP_IRQHandler
                0x0800553c                TIM1_TRG_COM_TIM11_IRQHandler
                0x0800553c                OTG_HS_IRQHandler
                0x0800553c                EXTI1_IRQHandler
                0x0800553c                I2C2_ER_IRQHandler
                0x0800553c                DMA2_Stream1_IRQHandler
                0x0800553c                CAN1_SCE_IRQHandler
                0x0800553c                FLASH_IRQHandler
                0x0800553c                DMA2_Stream4_IRQHandler
                0x0800553c                USART1_IRQHandler
                0x0800553c                OTG_FS_IRQHandler
                0x0800553c                SPI3_IRQHandler
                0x0800553c                DMA1_Stream4_IRQHandler
                0x0800553c                I2C1_ER_IRQHandler
                0x0800553c                DMA2_Stream6_IRQHandler
                0x0800553c                DMA1_Stream3_IRQHandler
 .text.memset   0x0800553e       0x10 D:/InvertedPendulum/Tool/ArmGnuToolchain/bin/../lib/gcc/arm-none-eabi/14.2.1/thumb/v7e-m+fp/hard\libc_nano.a(libc_a-memset.o)
                0x0800553e                memset
 *fill*         0x0800554e        0x2 
 .text.__libc_init_array
                0x08005550       0x48 D:/InvertedPendulum/Tool/ArmGnuToolchain/bin/../lib/gcc/arm-none-eabi/14.2.1/thumb/v7e-m+fp/hard\libc_nano.a(libc_a-init.o)
                0x08005550                __libc_init_array
 .text.memcpy   0x08005598       0x1c D:/InvertedPendulum/Tool/ArmGnuToolchain/bin/../lib/gcc/arm-none-eabi/14.2.1/thumb/v7e-m+fp/hard\libc_nano.a(libc_a-memcpy-stub.o)
                0x08005598                memcpy
 .text.arm_sin_f32
                0x080055b4       0x8c Middlewares/ST/ARM/DSP/Lib/libarm_cortexM4lf_math.a(arm_sin_f32.o)
                0x080055b4                arm_sin_f32
 .text.__udivmoddi4
                0x08005640      0x2f8 D:/InvertedPendulum/Tool/ArmGnuToolchain/bin/../lib/gcc/arm-none-eabi/14.2.1/thumb/v7e-m+fp/hard\libgcc.a(_udivmoddi4.o)
                0x08005640                __udivmoddi4
 *(.glue_7)
 .glue_7        0x08005938        0x0 linker stubs
 *(.glue_7t)
 .glue_7t       0x08005938        0x0 linker stubs
 *(.eh_frame)
 .eh_frame      0x08005938        0x0 D:/InvertedPendulum/Tool/ArmGnuToolchain/bin/../lib/gcc/arm-none-eabi/14.2.1/thumb/v7e-m+fp/hard/crtbegin.o
 *(.init)
 .init          0x08005938        0x4 D:/InvertedPendulum/Tool/ArmGnuToolchain/bin/../lib/gcc/arm-none-eabi/14.2.1/thumb/v7e-m+fp/hard/crti.o
                0x08005938                _init
 .init          0x0800593c        0x8 D:/InvertedPendulum/Tool/ArmGnuToolchain/bin/../lib/gcc/arm-none-eabi/14.2.1/thumb/v7e-m+fp/hard/crtn.o
 *(.fini)
 .fini          0x08005944        0x4 D:/InvertedPendulum/Tool/ArmGnuToolchain/bin/../lib/gcc/arm-none-eabi/14.2.1/thumb/v7e-m+fp/hard/crti.o
                0x08005944                _fini
 .fini          0x08005948        0x8 D:/InvertedPendulum/Tool/ArmGnuToolchain/bin/../lib/gcc/arm-none-eabi/14.2.1/thumb/v7e-m+fp/hard/crtn.o
                0x08005950                        . = ALIGN (0x4)
                0x08005950                        _etext = .

.vfp11_veneer   0x08005950        0x0
 .vfp11_veneer  0x08005950        0x0 linker stubs

.v4_bx          0x08005950        0x0
 .v4_bx         0x08005950        0x0 linker stubs

.iplt           0x08005950        0x0
 .iplt          0x08005950        0x0 D:/InvertedPendulum/Tool/ArmGnuToolchain/bin/../lib/gcc/arm-none-eabi/14.2.1/thumb/v7e-m+fp/hard/crtbegin.o

.rodata         0x08005950      0x8b4
                0x08005950                        . = ALIGN (0x4)
 *(.rodata)
 *(.rodata*)
 .rodata.mainTask.str1.4
                0x08005950       0x41 Build/main.o
                                 0x12 (size before relaxing)
 *fill*         0x08005991        0x3 
 .rodata.APBPrescTable
                0x08005994        0x8 Build/system_stm32f4xx.o
                0x08005994                APBPrescTable
 .rodata.AHBPrescTable
                0x0800599c       0x10 Build/system_stm32f4xx.o
                0x0800599c                AHBPrescTable
 .rodata.vTaskStartScheduler.str1.4
                0x080059ac        0x5 Build/tasks.o
 .rodata.uxTopUsedPriority
                0x080059ac        0x4 Build/tasks.o
                0x080059ac                uxTopUsedPriority
 .rodata.prvCheckForValidListAndQueue.str1.4
                0x080059b0        0x5 Build/timers.o
 .rodata.xTimerCreateTimerTask.str1.4
                0x080059b0        0x8 Build/timers.o
 .rodata._ftoa.str1.4
                0x080059b0       0x15 Build/printf.o
 .rodata.pow10.0
                0x080059b0       0x50 Build/printf.o
 .rodata.sinTable_f32
                0x08005a00      0x804 Middlewares/ST/ARM/DSP/Lib/libarm_cortexM4lf_math.a(arm_common_tables.o)
                0x08005a00                sinTable_f32
                0x08006204                        . = ALIGN (0x4)

.ARM.extab
 *(.ARM.extab* .gnu.linkonce.armextab.*)

.ARM            0x08006204        0x8
                0x08006204                        __exidx_start = .
 *(.ARM.exidx*)
 .ARM.exidx     0x08006204        0x8 D:/InvertedPendulum/Tool/ArmGnuToolchain/bin/../lib/gcc/arm-none-eabi/14.2.1/thumb/v7e-m+fp/hard\libc_nano.a(libc_a-strlen.o)
 .ARM.exidx.text.__udivmoddi4
                0x0800620c        0x0 D:/InvertedPendulum/Tool/ArmGnuToolchain/bin/../lib/gcc/arm-none-eabi/14.2.1/thumb/v7e-m+fp/hard\libgcc.a(_udivmoddi4.o)
                                  0x8 (size before relaxing)
                0x0800620c                        __exidx_end = .

.rel.dyn        0x0800620c        0x0
 .rel.iplt      0x0800620c        0x0 D:/InvertedPendulum/Tool/ArmGnuToolchain/bin/../lib/gcc/arm-none-eabi/14.2.1/thumb/v7e-m+fp/hard/crtbegin.o

.preinit_array  0x0800620c        0x0
                0x0800620c                        PROVIDE (__preinit_array_start = .)
 *(.preinit_array*)
                0x0800620c                        PROVIDE (__preinit_array_end = .)

.init_array     0x0800620c        0x4
                0x0800620c                        PROVIDE (__init_array_start = .)
 *(SORT_BY_NAME(.init_array.*))
 *(.init_array*)
 .init_array    0x0800620c        0x4 D:/InvertedPendulum/Tool/ArmGnuToolchain/bin/../lib/gcc/arm-none-eabi/14.2.1/thumb/v7e-m+fp/hard/crtbegin.o
                0x08006210                        PROVIDE (__init_array_end = .)

.fini_array     0x08006210        0x4
                [!provide]                        PROVIDE (__fini_array_start = .)
 *(SORT_BY_NAME(.fini_array.*))
 *(.fini_array*)
 .fini_array    0x08006210        0x4 D:/InvertedPendulum/Tool/ArmGnuToolchain/bin/../lib/gcc/arm-none-eabi/14.2.1/thumb/v7e-m+fp/hard/crtbegin.o
                [!provide]                        PROVIDE (__fini_array_end = .)
                0x08006214                        _sidata = LOADADDR (.data)

.data           0x20000000       0x10 load address 0x08006214
                0x20000000                        . = ALIGN (0x4)
                0x20000000                        _sdata = .
 *(.data)
 *(.data*)
 .data.uwTickFreq
                0x20000000        0x1 Build/stm32f4xx_hal.o
                0x20000000                uwTickFreq
 *fill*         0x20000001        0x3 
 .data.uwTickPrio
                0x20000004        0x4 Build/stm32f4xx_hal.o
                0x20000004                uwTickPrio
 .data.SystemCoreClock
                0x20000008        0x4 Build/system_stm32f4xx.o
                0x20000008                SystemCoreClock
 .data.uxCriticalNesting
                0x2000000c        0x4 Build/port.o
                0x20000010                        . = ALIGN (0x4)
                0x20000010                        _edata = .
                0x08006224                        _siccmram = LOADADDR (.ccmram)

.tm_clone_table
                0x20000010        0x0 load address 0x08006224
 .tm_clone_table
                0x20000010        0x0 D:/InvertedPendulum/Tool/ArmGnuToolchain/bin/../lib/gcc/arm-none-eabi/14.2.1/thumb/v7e-m+fp/hard/crtbegin.o
 .tm_clone_table
                0x20000010        0x0 D:/InvertedPendulum/Tool/ArmGnuToolchain/bin/../lib/gcc/arm-none-eabi/14.2.1/thumb/v7e-m+fp/hard/crtend.o

.igot.plt       0x20000010        0x0 load address 0x08006224
 .igot.plt      0x20000010        0x0 D:/InvertedPendulum/Tool/ArmGnuToolchain/bin/../lib/gcc/arm-none-eabi/14.2.1/thumb/v7e-m+fp/hard/crtbegin.o

.ccmram         0x10000000        0x0 load address 0x08006224
                0x10000000                        . = ALIGN (0x4)
                0x10000000                        _sccmram = .
 *(.ccmram)
 *(.ccmram*)
                0x10000000                        . = ALIGN (0x4)
                0x10000000                        _eccmram = .
                0x10000000                        . = ALIGN (0x4)

.bss            0x20000010    0x12fd4
                0x20000010                        _sbss = .
                0x20000010                        __bss_start__ = _sbss
 *(.bss)
 *(.bss*)
 .bss.completed.1
                0x20000010        0x1 D:/InvertedPendulum/Tool/ArmGnuToolchain/bin/../lib/gcc/arm-none-eabi/14.2.1/thumb/v7e-m+fp/hard/crtbegin.o
 *fill*         0x20000011        0x3 
 .bss.object.0  0x20000014       0x18 D:/InvertedPendulum/Tool/ArmGnuToolchain/bin/../lib/gcc/arm-none-eabi/14.2.1/thumb/v7e-m+fp/hard/crtbegin.o
 .bss.buffer    0x2000002c       0x14 Build/main.o
                0x2000002c                buffer
 .bss.testSin   0x20000040        0x4 Build/main.o
                0x20000040                testSin
 .bss.huart3    0x20000044       0x48 Build/main.o
                0x20000044                huart3
 .bss.huart2    0x2000008c       0x48 Build/main.o
                0x2000008c                huart2
 .bss.htim7     0x200000d4       0x48 Build/main.o
                0x200000d4                htim7
 .bss.htim6     0x2000011c       0x48 Build/main.o
                0x2000011c                htim6
 .bss.htim3     0x20000164       0x48 Build/main.o
                0x20000164                htim3
 .bss.htim2     0x200001ac       0x48 Build/main.o
                0x200001ac                htim2
 .bss.hadc1     0x200001f4       0x48 Build/main.o
                0x200001f4                hadc1
 .bss.uwTick    0x2000023c        0x4 Build/stm32f4xx_hal.o
                0x2000023c                uwTick
 .bss.xQueueRegistry
                0x20000240       0x40 Build/queue.o
                0x20000240                xQueueRegistry
 .bss.uxSchedulerSuspended
                0x20000280        0x4 Build/tasks.o
 .bss.xIdleTaskHandle
                0x20000284        0x4 Build/tasks.o
 .bss.xNextTaskUnblockTime
                0x20000288        0x4 Build/tasks.o
 .bss.uxTaskNumber
                0x2000028c        0x4 Build/tasks.o
 .bss.xNumOfOverflows
                0x20000290        0x4 Build/tasks.o
 .bss.xYieldPending
                0x20000294        0x4 Build/tasks.o
 .bss.xPendedTicks
                0x20000298        0x4 Build/tasks.o
 .bss.xSchedulerRunning
                0x2000029c        0x4 Build/tasks.o
 .bss.uxTopReadyPriority
                0x200002a0        0x4 Build/tasks.o
 .bss.xTickCount
                0x200002a4        0x4 Build/tasks.o
 .bss.uxCurrentNumberOfTasks
                0x200002a8        0x4 Build/tasks.o
 .bss.xSuspendedTaskList
                0x200002ac       0x14 Build/tasks.o
 .bss.uxDeletedTasksWaitingCleanUp
                0x200002c0        0x4 Build/tasks.o
 .bss.xTasksWaitingTermination
                0x200002c4       0x14 Build/tasks.o
 .bss.xPendingReadyList
                0x200002d8       0x14 Build/tasks.o
 .bss.pxOverflowDelayedTaskList
                0x200002ec        0x4 Build/tasks.o
 .bss.pxDelayedTaskList
                0x200002f0        0x4 Build/tasks.o
 .bss.xDelayedTaskList2
                0x200002f4       0x14 Build/tasks.o
 .bss.xDelayedTaskList1
                0x20000308       0x14 Build/tasks.o
 .bss.pxReadyTasksLists
                0x2000031c       0x64 Build/tasks.o
 .bss.pxCurrentTCB
                0x20000380        0x4 Build/tasks.o
                0x20000380                pxCurrentTCB
 .bss.xLastTime.0
                0x20000384        0x4 Build/timers.o
 .bss.xTimerTaskHandle
                0x20000388        0x4 Build/timers.o
 .bss.xTimerQueue
                0x2000038c        0x4 Build/timers.o
 .bss.pxOverflowTimerList
                0x20000390        0x4 Build/timers.o
 .bss.pxCurrentTimerList
                0x20000394        0x4 Build/timers.o
 .bss.xActiveTimerList2
                0x20000398       0x14 Build/timers.o
 .bss.xActiveTimerList1
                0x200003ac       0x14 Build/timers.o
 .bss.ulMaxPRIGROUPValue
                0x200003c0        0x4 Build/port.o
 .bss.ucMaxSysCallPriority
                0x200003c4        0x1 Build/port.o
 *fill*         0x200003c5        0x3 
 .bss.xNumberOfSuccessfulFrees
                0x200003c8        0x4 Build/heap_4.o
 .bss.xNumberOfSuccessfulAllocations
                0x200003cc        0x4 Build/heap_4.o
 .bss.xMinimumEverFreeBytesRemaining
                0x200003d0        0x4 Build/heap_4.o
 .bss.xFreeBytesRemaining
                0x200003d4        0x4 Build/heap_4.o
 .bss.pxEnd     0x200003d8        0x4 Build/heap_4.o
 .bss.xStart    0x200003dc        0x8 Build/heap_4.o
 .bss.ucHeap    0x200003e4    0x12c00 Build/heap_4.o
 *(COMMON)
                0x20012fe4                        . = ALIGN (0x4)
                0x20012fe4                        _ebss = .
                0x20012fe4                        __bss_end__ = _ebss

._user_heap_stack
                0x20012fe4      0x604
                0x20012fe8                        . = ALIGN (0x8)
 *fill*         0x20012fe4        0x4 
                [!provide]                        PROVIDE (end = .)
                0x20012fe8                        PROVIDE (_end = .)
                0x200131e8                        . = (. + _Min_Heap_Size)
 *fill*         0x20012fe8      0x200 
                0x200135e8                        . = (. + _Min_Stack_Size)
 *fill*         0x200131e8      0x400 
                0x200135e8                        . = ALIGN (0x8)

/DISCARD/
 libc.a(*)
 libm.a(*)
 libgcc.a(*)
OUTPUT(Build/InvertedPendulum.elf elf32-littlearm)
LOAD linker stubs
LOAD D:/InvertedPendulum/Tool/ArmGnuToolchain/bin/../lib/gcc/arm-none-eabi/14.2.1/thumb/v7e-m+fp/hard\libc.a
LOAD D:/InvertedPendulum/Tool/ArmGnuToolchain/bin/../lib/gcc/arm-none-eabi/14.2.1/thumb/v7e-m+fp/hard\libm.a
LOAD D:/InvertedPendulum/Tool/ArmGnuToolchain/bin/../lib/gcc/arm-none-eabi/14.2.1/thumb/v7e-m+fp/hard\libgcc.a

.ARM.attributes
                0x00000000       0x30
 .ARM.attributes
                0x00000000       0x22 D:/InvertedPendulum/Tool/ArmGnuToolchain/bin/../lib/gcc/arm-none-eabi/14.2.1/thumb/v7e-m+fp/hard/crti.o
 .ARM.attributes
                0x00000022       0x34 D:/InvertedPendulum/Tool/ArmGnuToolchain/bin/../lib/gcc/arm-none-eabi/14.2.1/thumb/v7e-m+fp/hard/crtbegin.o
 .ARM.attributes
                0x00000056       0x34 Build/main.o
 .ARM.attributes
                0x0000008a       0x34 Build/stm32f4xx_it.o
 .ARM.attributes
                0x000000be       0x34 Build/stm32f4xx_hal_msp.o
 .ARM.attributes
                0x000000f2       0x34 Build/stm32f4xx_hal_rcc.o
 .ARM.attributes
                0x00000126       0x34 Build/stm32f4xx_hal_gpio.o
 .ARM.attributes
                0x0000015a       0x34 Build/stm32f4xx_hal_dma.o
 .ARM.attributes
                0x0000018e       0x34 Build/stm32f4xx_hal_cortex.o
 .ARM.attributes
                0x000001c2       0x34 Build/stm32f4xx_hal.o
 .ARM.attributes
                0x000001f6       0x34 Build/stm32f4xx_hal_tim.o
 .ARM.attributes
                0x0000022a       0x34 Build/stm32f4xx_hal_tim_ex.o
 .ARM.attributes
                0x0000025e       0x34 Build/stm32f4xx_hal_uart.o
 .ARM.attributes
                0x00000292       0x34 Build/system_stm32f4xx.o
 .ARM.attributes
                0x000002c6       0x34 Build/stm32f4xx_hal_adc.o
 .ARM.attributes
                0x000002fa       0x34 Build/stm32f4xx_hal_adc_ex.o
 .ARM.attributes
                0x0000032e       0x34 Build/list.o
 .ARM.attributes
                0x00000362       0x34 Build/queue.o
 .ARM.attributes
                0x00000396       0x34 Build/tasks.o
 .ARM.attributes
                0x000003ca       0x34 Build/timers.o
 .ARM.attributes
                0x000003fe       0x34 Build/port.o
 .ARM.attributes
                0x00000432       0x34 Build/heap_4.o
 .ARM.attributes
                0x00000466       0x34 Build/printf.o
 .ARM.attributes
                0x0000049a       0x21 Build/startup_stm32f407xx.o
 .ARM.attributes
                0x000004bb       0x34 D:/InvertedPendulum/Tool/ArmGnuToolchain/bin/../lib/gcc/arm-none-eabi/14.2.1/thumb/v7e-m+fp/hard\libc_nano.a(libc_a-memset.o)
 .ARM.attributes
                0x000004ef       0x34 D:/InvertedPendulum/Tool/ArmGnuToolchain/bin/../lib/gcc/arm-none-eabi/14.2.1/thumb/v7e-m+fp/hard\libc_nano.a(libc_a-init.o)
 .ARM.attributes
                0x00000523       0x34 D:/InvertedPendulum/Tool/ArmGnuToolchain/bin/../lib/gcc/arm-none-eabi/14.2.1/thumb/v7e-m+fp/hard\libc_nano.a(libc_a-memcpy-stub.o)
 .ARM.attributes
                0x00000557       0x17 D:/InvertedPendulum/Tool/ArmGnuToolchain/bin/../lib/gcc/arm-none-eabi/14.2.1/thumb/v7e-m+fp/hard\libc_nano.a(libc_a-strlen.o)
 .ARM.attributes
                0x0000056e       0x34 Middlewares/ST/ARM/DSP/Lib/libarm_cortexM4lf_math.a(arm_sin_f32.o)
 .ARM.attributes
                0x000005a2       0x39 Middlewares/ST/ARM/DSP/Lib/libarm_cortexM4lf_math.a(arm_common_tables.o)
 .ARM.attributes
                0x000005db       0x22 D:/InvertedPendulum/Tool/ArmGnuToolchain/bin/../lib/gcc/arm-none-eabi/14.2.1/thumb/v7e-m+fp/hard\libgcc.a(_arm_addsubdf3.o)
 .ARM.attributes
                0x000005fd       0x22 D:/InvertedPendulum/Tool/ArmGnuToolchain/bin/../lib/gcc/arm-none-eabi/14.2.1/thumb/v7e-m+fp/hard\libgcc.a(_arm_muldivdf3.o)
 .ARM.attributes
                0x0000061f       0x22 D:/InvertedPendulum/Tool/ArmGnuToolchain/bin/../lib/gcc/arm-none-eabi/14.2.1/thumb/v7e-m+fp/hard\libgcc.a(_arm_cmpdf2.o)
 .ARM.attributes
                0x00000641       0x22 D:/InvertedPendulum/Tool/ArmGnuToolchain/bin/../lib/gcc/arm-none-eabi/14.2.1/thumb/v7e-m+fp/hard\libgcc.a(_arm_fixdfsi.o)
 .ARM.attributes
                0x00000663       0x22 D:/InvertedPendulum/Tool/ArmGnuToolchain/bin/../lib/gcc/arm-none-eabi/14.2.1/thumb/v7e-m+fp/hard\libgcc.a(_arm_fixunsdfsi.o)
 .ARM.attributes
                0x00000685       0x22 D:/InvertedPendulum/Tool/ArmGnuToolchain/bin/../lib/gcc/arm-none-eabi/14.2.1/thumb/v7e-m+fp/hard\libgcc.a(_aeabi_uldivmod.o)
 .ARM.attributes
                0x000006a7       0x34 D:/InvertedPendulum/Tool/ArmGnuToolchain/bin/../lib/gcc/arm-none-eabi/14.2.1/thumb/v7e-m+fp/hard\libgcc.a(_udivmoddi4.o)
 .ARM.attributes
                0x000006db       0x22 D:/InvertedPendulum/Tool/ArmGnuToolchain/bin/../lib/gcc/arm-none-eabi/14.2.1/thumb/v7e-m+fp/hard\libgcc.a(_dvmd_tls.o)
 .ARM.attributes
                0x000006fd       0x34 D:/InvertedPendulum/Tool/ArmGnuToolchain/bin/../lib/gcc/arm-none-eabi/14.2.1/thumb/v7e-m+fp/hard/crtend.o
 .ARM.attributes
                0x00000731       0x22 D:/InvertedPendulum/Tool/ArmGnuToolchain/bin/../lib/gcc/arm-none-eabi/14.2.1/thumb/v7e-m+fp/hard/crtn.o

.comment        0x00000000       0xbe
 .comment       0x00000000       0xbe Build/main.o
                                 0x46 (size before relaxing)
 .comment       0x000000be       0x46 Build/stm32f4xx_it.o
 .comment       0x000000be       0x46 Build/stm32f4xx_hal_msp.o
 .comment       0x000000be       0x46 Build/stm32f4xx_hal_rcc.o
 .comment       0x000000be       0x46 Build/stm32f4xx_hal_gpio.o
 .comment       0x000000be       0x46 Build/stm32f4xx_hal_dma.o
 .comment       0x000000be       0x46 Build/stm32f4xx_hal_cortex.o
 .comment       0x000000be       0x46 Build/stm32f4xx_hal.o
 .comment       0x000000be       0x46 Build/stm32f4xx_hal_tim.o
 .comment       0x000000be       0x46 Build/stm32f4xx_hal_tim_ex.o
 .comment       0x000000be       0x46 Build/stm32f4xx_hal_uart.o
 .comment       0x000000be       0x46 Build/system_stm32f4xx.o
 .comment       0x000000be       0x46 Build/stm32f4xx_hal_adc.o
 .comment       0x000000be       0x46 Build/stm32f4xx_hal_adc_ex.o
 .comment       0x000000be       0x46 Build/list.o
 .comment       0x000000be       0x46 Build/queue.o
 .comment       0x000000be       0x46 Build/tasks.o
 .comment       0x000000be       0x46 Build/timers.o
 .comment       0x000000be       0x46 Build/port.o
 .comment       0x000000be       0x46 Build/heap_4.o
 .comment       0x000000be       0x46 Build/printf.o
 .comment       0x000000be       0x7a Middlewares/ST/ARM/DSP/Lib/libarm_cortexM4lf_math.a(arm_sin_f32.o)
 .comment       0x000000be       0x7a Middlewares/ST/ARM/DSP/Lib/libarm_cortexM4lf_math.a(arm_common_tables.o)

.debug_info     0x00000000    0x219f3
 .debug_info    0x00000000     0x1d6e Build/main.o
 .debug_info    0x00001d6e      0xea1 Build/stm32f4xx_it.o
 .debug_info    0x00002c0f     0x18a3 Build/stm32f4xx_hal_msp.o
 .debug_info    0x000044b2      0xc0a Build/stm32f4xx_hal_rcc.o
 .debug_info    0x000050bc      0x848 Build/stm32f4xx_hal_gpio.o
 .debug_info    0x00005904      0xbce Build/stm32f4xx_hal_dma.o
 .debug_info    0x000064d2     0x11e0 Build/stm32f4xx_hal_cortex.o
 .debug_info    0x000076b2      0xafa Build/stm32f4xx_hal.o
 .debug_info    0x000081ac     0x41a0 Build/stm32f4xx_hal_tim.o
 .debug_info    0x0000c34c     0x1d97 Build/stm32f4xx_hal_tim_ex.o
 .debug_info    0x0000e0e3     0x439d Build/stm32f4xx_hal_uart.o
 .debug_info    0x00012480      0x5b3 Build/system_stm32f4xx.o
 .debug_info    0x00012a33     0x1045 Build/stm32f4xx_hal_adc.o
 .debug_info    0x00013a78      0xdf0 Build/stm32f4xx_hal_adc_ex.o
 .debug_info    0x00014868      0x30f Build/list.o
 .debug_info    0x00014b77     0x25ff Build/queue.o
 .debug_info    0x00017176     0x3398 Build/tasks.o
 .debug_info    0x0001a50e     0x14fb Build/timers.o
 .debug_info    0x0001ba09      0x5c2 Build/port.o
 .debug_info    0x0001bfcb      0x6e0 Build/heap_4.o
 .debug_info    0x0001c6ab     0x1c1e Build/printf.o
 .debug_info    0x0001e2c9       0x30 Build/startup_stm32f407xx.o
 .debug_info    0x0001e2f9     0x1874 Middlewares/ST/ARM/DSP/Lib/libarm_cortexM4lf_math.a(arm_sin_f32.o)
 .debug_info    0x0001fb6d     0x1e86 Middlewares/ST/ARM/DSP/Lib/libarm_cortexM4lf_math.a(arm_common_tables.o)

.debug_abbrev   0x00000000     0x3e22
 .debug_abbrev  0x00000000      0x314 Build/main.o
 .debug_abbrev  0x00000314      0x1b1 Build/stm32f4xx_it.o
 .debug_abbrev  0x000004c5      0x233 Build/stm32f4xx_hal_msp.o
 .debug_abbrev  0x000006f8      0x2de Build/stm32f4xx_hal_rcc.o
 .debug_abbrev  0x000009d6      0x22b Build/stm32f4xx_hal_gpio.o
 .debug_abbrev  0x00000c01      0x2fe Build/stm32f4xx_hal_dma.o
 .debug_abbrev  0x00000eff      0x3ca Build/stm32f4xx_hal_cortex.o
 .debug_abbrev  0x000012c9      0x244 Build/stm32f4xx_hal.o
 .debug_abbrev  0x0000150d      0x2bd Build/stm32f4xx_hal_tim.o
 .debug_abbrev  0x000017ca      0x2b7 Build/stm32f4xx_hal_tim_ex.o
 .debug_abbrev  0x00001a81      0x36f Build/stm32f4xx_hal_uart.o
 .debug_abbrev  0x00001df0      0x11b Build/system_stm32f4xx.o
 .debug_abbrev  0x00001f0b      0x2c7 Build/stm32f4xx_hal_adc.o
 .debug_abbrev  0x000021d2      0x2ea Build/stm32f4xx_hal_adc_ex.o
 .debug_abbrev  0x000024bc      0x124 Build/list.o
 .debug_abbrev  0x000025e0      0x39f Build/queue.o
 .debug_abbrev  0x0000297f      0x403 Build/tasks.o
 .debug_abbrev  0x00002d82      0x33d Build/timers.o
 .debug_abbrev  0x000030bf      0x2af Build/port.o
 .debug_abbrev  0x0000336e      0x2d5 Build/heap_4.o
 .debug_abbrev  0x00003643      0x3aa Build/printf.o
 .debug_abbrev  0x000039ed       0x1d Build/startup_stm32f407xx.o
 .debug_abbrev  0x00003a0a      0x22c Middlewares/ST/ARM/DSP/Lib/libarm_cortexM4lf_math.a(arm_sin_f32.o)
 .debug_abbrev  0x00003c36      0x1ec Middlewares/ST/ARM/DSP/Lib/libarm_cortexM4lf_math.a(arm_common_tables.o)

.debug_loc      0x00000000    0x1b186
 .debug_loc     0x00000000      0x308 Build/main.o
 .debug_loc     0x00000308       0xe0 Build/stm32f4xx_it.o
 .debug_loc     0x000003e8      0x4fe Build/stm32f4xx_hal_msp.o
 .debug_loc     0x000008e6      0x712 Build/stm32f4xx_hal_rcc.o
 .debug_loc     0x00000ff8      0x60b Build/stm32f4xx_hal_gpio.o
 .debug_loc     0x00001603      0xe9a Build/stm32f4xx_hal_dma.o
 .debug_loc     0x0000249d      0x8ff Build/stm32f4xx_hal_cortex.o
 .debug_loc     0x00002d9c      0x1f9 Build/stm32f4xx_hal.o
 .debug_loc     0x00002f95     0x60b5 Build/stm32f4xx_hal_tim.o
 .debug_loc     0x0000904a     0x2309 Build/stm32f4xx_hal_tim_ex.o
 .debug_loc     0x0000b353     0x506e Build/stm32f4xx_hal_uart.o
 .debug_loc     0x000103c1      0x166 Build/system_stm32f4xx.o
 .debug_loc     0x00010527      0xfbf Build/stm32f4xx_hal_adc.o
 .debug_loc     0x000114e6      0xdad Build/stm32f4xx_hal_adc_ex.o
 .debug_loc     0x00012293       0xeb Build/list.o
 .debug_loc     0x0001237e     0x1dd6 Build/queue.o
 .debug_loc     0x00014154     0x31ae Build/tasks.o
 .debug_loc     0x00017302     0x12b1 Build/timers.o
 .debug_loc     0x000185b3      0x1c6 Build/port.o
 .debug_loc     0x00018779      0x576 Build/heap_4.o
 .debug_loc     0x00018cef     0x239d Build/printf.o
 .debug_loc     0x0001b08c       0xfa Middlewares/ST/ARM/DSP/Lib/libarm_cortexM4lf_math.a(arm_sin_f32.o)

.debug_aranges  0x00000000     0x13d0
 .debug_aranges
                0x00000000       0x80 Build/main.o
 .debug_aranges
                0x00000080       0x80 Build/stm32f4xx_it.o
 .debug_aranges
                0x00000100       0x60 Build/stm32f4xx_hal_msp.o
 .debug_aranges
                0x00000160       0x88 Build/stm32f4xx_hal_rcc.o
 .debug_aranges
                0x000001e8       0x58 Build/stm32f4xx_hal_gpio.o
 .debug_aranges
                0x00000240       0x90 Build/stm32f4xx_hal_dma.o
 .debug_aranges
                0x000002d0       0xf8 Build/stm32f4xx_hal_cortex.o
 .debug_aranges
                0x000003c8       0xf0 Build/stm32f4xx_hal.o
 .debug_aranges
                0x000004b8      0x3d0 Build/stm32f4xx_hal_tim.o
 .debug_aranges
                0x00000888      0x168 Build/stm32f4xx_hal_tim_ex.o
 .debug_aranges
                0x000009f0      0x208 Build/stm32f4xx_hal_uart.o
 .debug_aranges
                0x00000bf8       0x28 Build/system_stm32f4xx.o
 .debug_aranges
                0x00000c20       0xe8 Build/stm32f4xx_hal_adc.o
 .debug_aranges
                0x00000d08       0x90 Build/stm32f4xx_hal_adc_ex.o
 .debug_aranges
                0x00000d98       0x40 Build/list.o
 .debug_aranges
                0x00000dd8      0x130 Build/queue.o
 .debug_aranges
                0x00000f08      0x1f8 Build/tasks.o
 .debug_aranges
                0x00001100       0xe8 Build/timers.o
 .debug_aranges
                0x000011e8       0x80 Build/port.o
 .debug_aranges
                0x00001268       0x60 Build/heap_4.o
 .debug_aranges
                0x000012c8       0xa8 Build/printf.o
 .debug_aranges
                0x00001370       0x28 Build/startup_stm32f407xx.o
 .debug_aranges
                0x00001398       0x20 Middlewares/ST/ARM/DSP/Lib/libarm_cortexM4lf_math.a(arm_sin_f32.o)
 .debug_aranges
                0x000013b8       0x18 Middlewares/ST/ARM/DSP/Lib/libarm_cortexM4lf_math.a(arm_common_tables.o)

.debug_ranges   0x00000000     0x16d0
 .debug_ranges  0x00000000       0x70 Build/main.o
 .debug_ranges  0x00000070       0x70 Build/stm32f4xx_it.o
 .debug_ranges  0x000000e0       0x50 Build/stm32f4xx_hal_msp.o
 .debug_ranges  0x00000130       0x90 Build/stm32f4xx_hal_rcc.o
 .debug_ranges  0x000001c0       0x48 Build/stm32f4xx_hal_gpio.o
 .debug_ranges  0x00000208       0x80 Build/stm32f4xx_hal_dma.o
 .debug_ranges  0x00000288       0xe8 Build/stm32f4xx_hal_cortex.o
 .debug_ranges  0x00000370       0xe0 Build/stm32f4xx_hal.o
 .debug_ranges  0x00000450      0x3c0 Build/stm32f4xx_hal_tim.o
 .debug_ranges  0x00000810      0x158 Build/stm32f4xx_hal_tim_ex.o
 .debug_ranges  0x00000968      0x210 Build/stm32f4xx_hal_uart.o
 .debug_ranges  0x00000b78       0x18 Build/system_stm32f4xx.o
 .debug_ranges  0x00000b90       0xd8 Build/stm32f4xx_hal_adc.o
 .debug_ranges  0x00000c68       0x80 Build/stm32f4xx_hal_adc_ex.o
 .debug_ranges  0x00000ce8       0x30 Build/list.o
 .debug_ranges  0x00000d18      0x220 Build/queue.o
 .debug_ranges  0x00000f38      0x428 Build/tasks.o
 .debug_ranges  0x00001360       0xd8 Build/timers.o
 .debug_ranges  0x00001438       0x88 Build/port.o
 .debug_ranges  0x000014c0       0x50 Build/heap_4.o
 .debug_ranges  0x00001510      0x190 Build/printf.o
 .debug_ranges  0x000016a0       0x20 Build/startup_stm32f407xx.o
 .debug_ranges  0x000016c0       0x10 Middlewares/ST/ARM/DSP/Lib/libarm_cortexM4lf_math.a(arm_sin_f32.o)

.debug_line     0x00000000    0x16b25
 .debug_line    0x00000000      0x991 Build/main.o
 .debug_line    0x00000991      0x303 Build/stm32f4xx_it.o
 .debug_line    0x00000c94      0x501 Build/stm32f4xx_hal_msp.o
 .debug_line    0x00001195      0xbba Build/stm32f4xx_hal_rcc.o
 .debug_line    0x00001d4f      0x6e5 Build/stm32f4xx_hal_gpio.o
 .debug_line    0x00002434      0xe10 Build/stm32f4xx_hal_dma.o
 .debug_line    0x00003244      0x81a Build/stm32f4xx_hal_cortex.o
 .debug_line    0x00003a5e      0x557 Build/stm32f4xx_hal.o
 .debug_line    0x00003fb5     0x4714 Build/stm32f4xx_hal_tim.o
 .debug_line    0x000086c9     0x1a37 Build/stm32f4xx_hal_tim_ex.o
 .debug_line    0x0000a100     0x3498 Build/stm32f4xx_hal_uart.o
 .debug_line    0x0000d598      0x23d Build/system_stm32f4xx.o
 .debug_line    0x0000d7d5     0x107a Build/stm32f4xx_hal_adc.o
 .debug_line    0x0000e84f      0xbcf Build/stm32f4xx_hal_adc_ex.o
 .debug_line    0x0000f41e      0x348 Build/list.o
 .debug_line    0x0000f766     0x1b14 Build/queue.o
 .debug_line    0x0001127a     0x28b9 Build/tasks.o
 .debug_line    0x00013b33      0xb8d Build/timers.o
 .debug_line    0x000146c0      0x5f1 Build/port.o
 .debug_line    0x00014cb1      0x773 Build/heap_4.o
 .debug_line    0x00015424     0x1213 Build/printf.o
 .debug_line    0x00016637       0x73 Build/startup_stm32f407xx.o
 .debug_line    0x000166aa      0x284 Middlewares/ST/ARM/DSP/Lib/libarm_cortexM4lf_math.a(arm_sin_f32.o)
 .debug_line    0x0001692e      0x1f7 Middlewares/ST/ARM/DSP/Lib/libarm_cortexM4lf_math.a(arm_common_tables.o)

.debug_str      0x00000000     0x7369
 .debug_str     0x00000000     0x7369 Build/main.o
                               0x110a (size before relaxing)
 .debug_str     0x00007369      0xb77 Build/stm32f4xx_it.o
 .debug_str     0x00007369     0x11c9 Build/stm32f4xx_hal_msp.o
 .debug_str     0x00007369      0x6ca Build/stm32f4xx_hal_rcc.o
 .debug_str     0x00007369      0x4a4 Build/stm32f4xx_hal_gpio.o
 .debug_str     0x00007369      0x73a Build/stm32f4xx_hal_dma.o
 .debug_str     0x00007369      0xc39 Build/stm32f4xx_hal_cortex.o
 .debug_str     0x00007369      0xb28 Build/stm32f4xx_hal.o
 .debug_str     0x00007369     0x16c3 Build/stm32f4xx_hal_tim.o
 .debug_str     0x00007369      0xecf Build/stm32f4xx_hal_tim_ex.o
 .debug_str     0x00007369      0xd5f Build/stm32f4xx_hal_uart.o
 .debug_str     0x00007369      0x339 Build/system_stm32f4xx.o
 .debug_str     0x00007369      0x926 Build/stm32f4xx_hal_adc.o
 .debug_str     0x00007369      0x97a Build/stm32f4xx_hal_adc_ex.o
 .debug_str     0x00007369      0x2c3 Build/list.o
 .debug_str     0x00007369      0xb7e Build/queue.o
 .debug_str     0x00007369     0x11d9 Build/tasks.o
 .debug_str     0x00007369      0x90d Build/timers.o
 .debug_str     0x00007369      0x43f Build/port.o
 .debug_str     0x00007369      0x511 Build/heap_4.o
 .debug_str     0x00007369      0x421 Build/printf.o
 .debug_str     0x00007369       0x46 Build/startup_stm32f407xx.o
 .debug_str     0x00007369      0xfb7 Middlewares/ST/ARM/DSP/Lib/libarm_cortexM4lf_math.a(arm_sin_f32.o)
 .debug_str     0x00007369      0xf92 Middlewares/ST/ARM/DSP/Lib/libarm_cortexM4lf_math.a(arm_common_tables.o)

.debug_frame    0x00000000     0x39c8
 .debug_frame   0x00000000      0x184 Build/main.o
 .debug_frame   0x00000184      0x118 Build/stm32f4xx_it.o
 .debug_frame   0x0000029c      0x108 Build/stm32f4xx_hal_msp.o
 .debug_frame   0x000003a4      0x16c Build/stm32f4xx_hal_rcc.o
 .debug_frame   0x00000510       0xd8 Build/stm32f4xx_hal_gpio.o
 .debug_frame   0x000005e8      0x188 Build/stm32f4xx_hal_dma.o
 .debug_frame   0x00000770      0x214 Build/stm32f4xx_hal_cortex.o
 .debug_frame   0x00000984      0x1ec Build/stm32f4xx_hal.o
 .debug_frame   0x00000b70      0xb10 Build/stm32f4xx_hal_tim.o
 .debug_frame   0x00001680      0x418 Build/stm32f4xx_hal_tim_ex.o
 .debug_frame   0x00001a98      0x5dc Build/stm32f4xx_hal_uart.o
 .debug_frame   0x00002074       0x30 Build/system_stm32f4xx.o
 .debug_frame   0x000020a4      0x268 Build/stm32f4xx_hal_adc.o
 .debug_frame   0x0000230c      0x18c Build/stm32f4xx_hal_adc_ex.o
 .debug_frame   0x00002498       0x70 Build/list.o
 .debug_frame   0x00002508      0x3cc Build/queue.o
 .debug_frame   0x000028d4      0x658 Build/tasks.o
 .debug_frame   0x00002f2c      0x2bc Build/timers.o
 .debug_frame   0x000031e8      0x110 Build/port.o
 .debug_frame   0x000032f8       0xec Build/heap_4.o
 .debug_frame   0x000033e4      0x2c8 Build/printf.o
 .debug_frame   0x000036ac       0x20 D:/InvertedPendulum/Tool/ArmGnuToolchain/bin/../lib/gcc/arm-none-eabi/14.2.1/thumb/v7e-m+fp/hard\libc_nano.a(libc_a-memset.o)
 .debug_frame   0x000036cc       0x2c D:/InvertedPendulum/Tool/ArmGnuToolchain/bin/../lib/gcc/arm-none-eabi/14.2.1/thumb/v7e-m+fp/hard\libc_nano.a(libc_a-init.o)
 .debug_frame   0x000036f8       0x28 D:/InvertedPendulum/Tool/ArmGnuToolchain/bin/../lib/gcc/arm-none-eabi/14.2.1/thumb/v7e-m+fp/hard\libc_nano.a(libc_a-memcpy-stub.o)
 .debug_frame   0x00003720       0x20 D:/InvertedPendulum/Tool/ArmGnuToolchain/bin/../lib/gcc/arm-none-eabi/14.2.1/thumb/v7e-m+fp/hard\libc_nano.a(libc_a-strlen.o)
 .debug_frame   0x00003740       0x20 Middlewares/ST/ARM/DSP/Lib/libarm_cortexM4lf_math.a(arm_sin_f32.o)
 .debug_frame   0x00003760       0xac D:/InvertedPendulum/Tool/ArmGnuToolchain/bin/../lib/gcc/arm-none-eabi/14.2.1/thumb/v7e-m+fp/hard\libgcc.a(_arm_addsubdf3.o)
 .debug_frame   0x0000380c       0x50 D:/InvertedPendulum/Tool/ArmGnuToolchain/bin/../lib/gcc/arm-none-eabi/14.2.1/thumb/v7e-m+fp/hard\libgcc.a(_arm_muldivdf3.o)
 .debug_frame   0x0000385c       0xc4 D:/InvertedPendulum/Tool/ArmGnuToolchain/bin/../lib/gcc/arm-none-eabi/14.2.1/thumb/v7e-m+fp/hard\libgcc.a(_arm_cmpdf2.o)
 .debug_frame   0x00003920       0x24 D:/InvertedPendulum/Tool/ArmGnuToolchain/bin/../lib/gcc/arm-none-eabi/14.2.1/thumb/v7e-m+fp/hard\libgcc.a(_arm_fixdfsi.o)
 .debug_frame   0x00003944       0x24 D:/InvertedPendulum/Tool/ArmGnuToolchain/bin/../lib/gcc/arm-none-eabi/14.2.1/thumb/v7e-m+fp/hard\libgcc.a(_arm_fixunsdfsi.o)
 .debug_frame   0x00003968       0x2c D:/InvertedPendulum/Tool/ArmGnuToolchain/bin/../lib/gcc/arm-none-eabi/14.2.1/thumb/v7e-m+fp/hard\libgcc.a(_aeabi_uldivmod.o)
 .debug_frame   0x00003994       0x34 D:/InvertedPendulum/Tool/ArmGnuToolchain/bin/../lib/gcc/arm-none-eabi/14.2.1/thumb/v7e-m+fp/hard\libgcc.a(_udivmoddi4.o)

.debug_line_str
                0x00000000      0x1d5
 .debug_line_str
                0x00000000      0x1d5 D:/InvertedPendulum/Tool/ArmGnuToolchain/bin/../lib/gcc/arm-none-eabi/14.2.1/thumb/v7e-m+fp/hard\libc_nano.a(libc_a-strlen.o)
                                 0xef (size before relaxing)
 .debug_line_str
                0x000001d5       0xd2 D:/InvertedPendulum/Tool/ArmGnuToolchain/bin/../lib/gcc/arm-none-eabi/14.2.1/thumb/v7e-m+fp/hard\libgcc.a(_arm_addsubdf3.o)
 .debug_line_str
                0x000001d5       0xd2 D:/InvertedPendulum/Tool/ArmGnuToolchain/bin/../lib/gcc/arm-none-eabi/14.2.1/thumb/v7e-m+fp/hard\libgcc.a(_arm_muldivdf3.o)
 .debug_line_str
                0x000001d5       0xd2 D:/InvertedPendulum/Tool/ArmGnuToolchain/bin/../lib/gcc/arm-none-eabi/14.2.1/thumb/v7e-m+fp/hard\libgcc.a(_arm_cmpdf2.o)
 .debug_line_str
                0x000001d5       0xd2 D:/InvertedPendulum/Tool/ArmGnuToolchain/bin/../lib/gcc/arm-none-eabi/14.2.1/thumb/v7e-m+fp/hard\libgcc.a(_arm_fixdfsi.o)
 .debug_line_str
                0x000001d5       0xd2 D:/InvertedPendulum/Tool/ArmGnuToolchain/bin/../lib/gcc/arm-none-eabi/14.2.1/thumb/v7e-m+fp/hard\libgcc.a(_arm_fixunsdfsi.o)
 .debug_line_str
                0x000001d5       0xcd D:/InvertedPendulum/Tool/ArmGnuToolchain/bin/../lib/gcc/arm-none-eabi/14.2.1/thumb/v7e-m+fp/hard\libgcc.a(_aeabi_uldivmod.o)
 .debug_line_str
                0x000001d5       0xd1 D:/InvertedPendulum/Tool/ArmGnuToolchain/bin/../lib/gcc/arm-none-eabi/14.2.1/thumb/v7e-m+fp/hard\libgcc.a(_dvmd_tls.o)

Cross Reference Table

Symbol                                            File
ADC_IRQHandler                                    Build/stm32f4xx_it.o
AHBPrescTable                                     Build/system_stm32f4xx.o
                                                  Build/stm32f4xx_hal_rcc.o
APBPrescTable                                     Build/system_stm32f4xx.o
                                                  Build/stm32f4xx_hal_rcc.o
BusFault_Handler                                  Build/stm32f4xx_it.o
CAN1_RX0_IRQHandler                               Build/startup_stm32f407xx.o
CAN1_RX1_IRQHandler                               Build/startup_stm32f407xx.o
CAN1_SCE_IRQHandler                               Build/startup_stm32f407xx.o
CAN1_TX_IRQHandler                                Build/startup_stm32f407xx.o
CAN2_RX0_IRQHandler                               Build/startup_stm32f407xx.o
CAN2_RX1_IRQHandler                               Build/startup_stm32f407xx.o
CAN2_SCE_IRQHandler                               Build/startup_stm32f407xx.o
CAN2_TX_IRQHandler                                Build/startup_stm32f407xx.o
DCMI_IRQHandler                                   Build/startup_stm32f407xx.o
DMA1_Stream0_IRQHandler                           Build/startup_stm32f407xx.o
DMA1_Stream1_IRQHandler                           Build/startup_stm32f407xx.o
DMA1_Stream2_IRQHandler                           Build/startup_stm32f407xx.o
DMA1_Stream3_IRQHandler                           Build/startup_stm32f407xx.o
DMA1_Stream4_IRQHandler                           Build/startup_stm32f407xx.o
DMA1_Stream5_IRQHandler                           Build/startup_stm32f407xx.o
DMA1_Stream6_IRQHandler                           Build/startup_stm32f407xx.o
DMA1_Stream7_IRQHandler                           Build/startup_stm32f407xx.o
DMA2_Stream0_IRQHandler                           Build/startup_stm32f407xx.o
DMA2_Stream1_IRQHandler                           Build/startup_stm32f407xx.o
DMA2_Stream2_IRQHandler                           Build/startup_stm32f407xx.o
DMA2_Stream3_IRQHandler                           Build/startup_stm32f407xx.o
DMA2_Stream4_IRQHandler                           Build/startup_stm32f407xx.o
DMA2_Stream5_IRQHandler                           Build/startup_stm32f407xx.o
DMA2_Stream6_IRQHandler                           Build/startup_stm32f407xx.o
DMA2_Stream7_IRQHandler                           Build/startup_stm32f407xx.o
DebugMon_Handler                                  Build/stm32f4xx_it.o
Default_Handler                                   Build/startup_stm32f407xx.o
ETH_IRQHandler                                    Build/startup_stm32f407xx.o
ETH_WKUP_IRQHandler                               Build/startup_stm32f407xx.o
EXTI0_IRQHandler                                  Build/startup_stm32f407xx.o
EXTI15_10_IRQHandler                              Build/startup_stm32f407xx.o
EXTI1_IRQHandler                                  Build/startup_stm32f407xx.o
EXTI2_IRQHandler                                  Build/startup_stm32f407xx.o
EXTI3_IRQHandler                                  Build/startup_stm32f407xx.o
EXTI4_IRQHandler                                  Build/startup_stm32f407xx.o
EXTI9_5_IRQHandler                                Build/startup_stm32f407xx.o
Error_Handler                                     Build/main.o
FLASH_Erase_Sector                                Build/stm32f4xx_hal_flash_ex.o
                                                  Build/stm32f4xx_hal_flash.o
FLASH_FlushCaches                                 Build/stm32f4xx_hal_flash_ex.o
                                                  Build/stm32f4xx_hal_flash.o
FLASH_IRQHandler                                  Build/startup_stm32f407xx.o
FLASH_WaitForLastOperation                        Build/stm32f4xx_hal_flash.o
                                                  Build/stm32f4xx_hal_flash_ex.o
FPU_IRQHandler                                    Build/startup_stm32f407xx.o
FSMC_IRQHandler                                   Build/startup_stm32f407xx.o
HAL_ADCEx_InjectedConfigChannel                   Build/stm32f4xx_hal_adc_ex.o
HAL_ADCEx_InjectedConvCpltCallback                Build/stm32f4xx_hal_adc_ex.o
                                                  Build/stm32f4xx_hal_adc.o
HAL_ADCEx_InjectedGetValue                        Build/stm32f4xx_hal_adc_ex.o
HAL_ADCEx_InjectedPollForConversion               Build/stm32f4xx_hal_adc_ex.o
HAL_ADCEx_InjectedStart                           Build/stm32f4xx_hal_adc_ex.o
HAL_ADCEx_InjectedStart_IT                        Build/stm32f4xx_hal_adc_ex.o
HAL_ADCEx_InjectedStop                            Build/stm32f4xx_hal_adc_ex.o
HAL_ADCEx_InjectedStop_IT                         Build/stm32f4xx_hal_adc_ex.o
HAL_ADCEx_MultiModeConfigChannel                  Build/stm32f4xx_hal_adc_ex.o
HAL_ADCEx_MultiModeGetValue                       Build/stm32f4xx_hal_adc_ex.o
HAL_ADCEx_MultiModeStart_DMA                      Build/stm32f4xx_hal_adc_ex.o
HAL_ADCEx_MultiModeStop_DMA                       Build/stm32f4xx_hal_adc_ex.o
HAL_ADC_AnalogWDGConfig                           Build/stm32f4xx_hal_adc.o
HAL_ADC_ConfigChannel                             Build/stm32f4xx_hal_adc.o
                                                  Build/main.o
HAL_ADC_ConvCpltCallback                          Build/stm32f4xx_hal_adc.o
                                                  Build/stm32f4xx_hal_adc_ex.o
HAL_ADC_ConvHalfCpltCallback                      Build/stm32f4xx_hal_adc.o
                                                  Build/stm32f4xx_hal_adc_ex.o
HAL_ADC_DeInit                                    Build/stm32f4xx_hal_adc.o
HAL_ADC_ErrorCallback                             Build/stm32f4xx_hal_adc.o
                                                  Build/stm32f4xx_hal_adc_ex.o
HAL_ADC_GetError                                  Build/stm32f4xx_hal_adc.o
HAL_ADC_GetState                                  Build/stm32f4xx_hal_adc.o
HAL_ADC_GetValue                                  Build/stm32f4xx_hal_adc.o
HAL_ADC_IRQHandler                                Build/stm32f4xx_hal_adc.o
                                                  Build/stm32f4xx_it.o
HAL_ADC_Init                                      Build/stm32f4xx_hal_adc.o
                                                  Build/main.o
HAL_ADC_LevelOutOfWindowCallback                  Build/stm32f4xx_hal_adc.o
HAL_ADC_MspDeInit                                 Build/stm32f4xx_hal_msp.o
HAL_ADC_MspInit                                   Build/stm32f4xx_hal_msp.o
HAL_ADC_PollForConversion                         Build/stm32f4xx_hal_adc.o
HAL_ADC_PollForEvent                              Build/stm32f4xx_hal_adc.o
HAL_ADC_Start                                     Build/stm32f4xx_hal_adc.o
HAL_ADC_Start_DMA                                 Build/stm32f4xx_hal_adc.o
HAL_ADC_Start_IT                                  Build/stm32f4xx_hal_adc.o
HAL_ADC_Stop                                      Build/stm32f4xx_hal_adc.o
HAL_ADC_Stop_DMA                                  Build/stm32f4xx_hal_adc.o
HAL_ADC_Stop_IT                                   Build/stm32f4xx_hal_adc.o
HAL_CORTEX_ClearEvent                             Build/stm32f4xx_hal_cortex.o
HAL_DBGMCU_DisableDBGSleepMode                    Build/stm32f4xx_hal.o
HAL_DBGMCU_DisableDBGStandbyMode                  Build/stm32f4xx_hal.o
HAL_DBGMCU_DisableDBGStopMode                     Build/stm32f4xx_hal.o
HAL_DBGMCU_EnableDBGSleepMode                     Build/stm32f4xx_hal.o
HAL_DBGMCU_EnableDBGStandbyMode                   Build/stm32f4xx_hal.o
HAL_DBGMCU_EnableDBGStopMode                      Build/stm32f4xx_hal.o
HAL_DMAEx_ChangeMemory                            Build/stm32f4xx_hal_dma_ex.o
HAL_DMAEx_MultiBufferStart                        Build/stm32f4xx_hal_dma_ex.o
HAL_DMAEx_MultiBufferStart_IT                     Build/stm32f4xx_hal_dma_ex.o
HAL_DMA_Abort                                     Build/stm32f4xx_hal_dma.o
                                                  Build/stm32f4xx_hal_adc_ex.o
                                                  Build/stm32f4xx_hal_adc.o
                                                  Build/stm32f4xx_hal_uart.o
HAL_DMA_Abort_IT                                  Build/stm32f4xx_hal_dma.o
                                                  Build/stm32f4xx_hal_uart.o
                                                  Build/stm32f4xx_hal_tim_ex.o
                                                  Build/stm32f4xx_hal_tim.o
HAL_DMA_DeInit                                    Build/stm32f4xx_hal_dma.o
HAL_DMA_GetError                                  Build/stm32f4xx_hal_dma.o
                                                  Build/stm32f4xx_hal_uart.o
HAL_DMA_GetState                                  Build/stm32f4xx_hal_dma.o
HAL_DMA_IRQHandler                                Build/stm32f4xx_hal_dma.o
HAL_DMA_Init                                      Build/stm32f4xx_hal_dma.o
HAL_DMA_PollForTransfer                           Build/stm32f4xx_hal_dma.o
HAL_DMA_RegisterCallback                          Build/stm32f4xx_hal_dma.o
HAL_DMA_Start                                     Build/stm32f4xx_hal_dma.o
HAL_DMA_Start_IT                                  Build/stm32f4xx_hal_dma.o
                                                  Build/stm32f4xx_hal_adc_ex.o
                                                  Build/stm32f4xx_hal_adc.o
                                                  Build/stm32f4xx_hal_uart.o
                                                  Build/stm32f4xx_hal_tim_ex.o
                                                  Build/stm32f4xx_hal_tim.o
HAL_DMA_UnRegisterCallback                        Build/stm32f4xx_hal_dma.o
HAL_DeInit                                        Build/stm32f4xx_hal.o
HAL_Delay                                         Build/stm32f4xx_hal.o
HAL_DisableCompensationCell                       Build/stm32f4xx_hal.o
HAL_EXTI_ClearConfigLine                          Build/stm32f4xx_hal_exti.o
HAL_EXTI_ClearPending                             Build/stm32f4xx_hal_exti.o
HAL_EXTI_GenerateSWI                              Build/stm32f4xx_hal_exti.o
HAL_EXTI_GetConfigLine                            Build/stm32f4xx_hal_exti.o
HAL_EXTI_GetHandle                                Build/stm32f4xx_hal_exti.o
HAL_EXTI_GetPending                               Build/stm32f4xx_hal_exti.o
HAL_EXTI_IRQHandler                               Build/stm32f4xx_hal_exti.o
HAL_EXTI_RegisterCallback                         Build/stm32f4xx_hal_exti.o
HAL_EXTI_SetConfigLine                            Build/stm32f4xx_hal_exti.o
HAL_EnableCompensationCell                        Build/stm32f4xx_hal.o
HAL_FLASHEx_Erase                                 Build/stm32f4xx_hal_flash_ex.o
HAL_FLASHEx_Erase_IT                              Build/stm32f4xx_hal_flash_ex.o
HAL_FLASHEx_OBGetConfig                           Build/stm32f4xx_hal_flash_ex.o
HAL_FLASHEx_OBProgram                             Build/stm32f4xx_hal_flash_ex.o
HAL_FLASH_EndOfOperationCallback                  Build/stm32f4xx_hal_flash.o
HAL_FLASH_GetError                                Build/stm32f4xx_hal_flash.o
HAL_FLASH_IRQHandler                              Build/stm32f4xx_hal_flash.o
HAL_FLASH_Lock                                    Build/stm32f4xx_hal_flash.o
HAL_FLASH_OB_Launch                               Build/stm32f4xx_hal_flash.o
HAL_FLASH_OB_Lock                                 Build/stm32f4xx_hal_flash.o
HAL_FLASH_OB_Unlock                               Build/stm32f4xx_hal_flash.o
HAL_FLASH_OperationErrorCallback                  Build/stm32f4xx_hal_flash.o
HAL_FLASH_Program                                 Build/stm32f4xx_hal_flash.o
HAL_FLASH_Program_IT                              Build/stm32f4xx_hal_flash.o
HAL_FLASH_Unlock                                  Build/stm32f4xx_hal_flash.o
HAL_GPIO_DeInit                                   Build/stm32f4xx_hal_gpio.o
                                                  Build/stm32f4xx_hal_msp.o
HAL_GPIO_EXTI_Callback                            Build/stm32f4xx_hal_gpio.o
HAL_GPIO_EXTI_IRQHandler                          Build/stm32f4xx_hal_gpio.o
HAL_GPIO_Init                                     Build/stm32f4xx_hal_gpio.o
                                                  Build/stm32f4xx_hal_rcc.o
                                                  Build/stm32f4xx_hal_msp.o
                                                  Build/main.o
HAL_GPIO_LockPin                                  Build/stm32f4xx_hal_gpio.o
HAL_GPIO_ReadPin                                  Build/stm32f4xx_hal_gpio.o
HAL_GPIO_TogglePin                                Build/stm32f4xx_hal_gpio.o
                                                  Build/main.o
HAL_GPIO_WritePin                                 Build/stm32f4xx_hal_gpio.o
                                                  Build/main.o
HAL_GetDEVID                                      Build/stm32f4xx_hal.o
HAL_GetHalVersion                                 Build/stm32f4xx_hal.o
HAL_GetREVID                                      Build/stm32f4xx_hal.o
HAL_GetTick                                       Build/stm32f4xx_hal.o
                                                  Build/stm32f4xx_hal_adc_ex.o
                                                  Build/stm32f4xx_hal_adc.o
                                                  Build/stm32f4xx_hal_uart.o
                                                  Build/stm32f4xx_hal_pwr_ex.o
                                                  Build/stm32f4xx_hal_dma.o
                                                  Build/stm32f4xx_hal_flash.o
                                                  Build/stm32f4xx_hal_rcc_ex.o
                                                  Build/stm32f4xx_hal_rcc.o
HAL_GetTickFreq                                   Build/stm32f4xx_hal.o
HAL_GetTickPrio                                   Build/stm32f4xx_hal.o
HAL_GetUIDw0                                      Build/stm32f4xx_hal.o
HAL_GetUIDw1                                      Build/stm32f4xx_hal.o
HAL_GetUIDw2                                      Build/stm32f4xx_hal.o
HAL_HalfDuplex_EnableReceiver                     Build/stm32f4xx_hal_uart.o
HAL_HalfDuplex_EnableTransmitter                  Build/stm32f4xx_hal_uart.o
HAL_HalfDuplex_Init                               Build/stm32f4xx_hal_uart.o
HAL_IncTick                                       Build/stm32f4xx_hal.o
HAL_Init                                          Build/stm32f4xx_hal.o
                                                  Build/main.o
HAL_InitTick                                      Build/stm32f4xx_hal.o
                                                  Build/stm32f4xx_hal_rcc_ex.o
                                                  Build/stm32f4xx_hal_rcc.o
HAL_LIN_Init                                      Build/stm32f4xx_hal_uart.o
HAL_LIN_SendBreak                                 Build/stm32f4xx_hal_uart.o
HAL_MPU_ConfigRegion                              Build/stm32f4xx_hal_cortex.o
HAL_MPU_Disable                                   Build/stm32f4xx_hal_cortex.o
HAL_MPU_DisableRegion                             Build/stm32f4xx_hal_cortex.o
HAL_MPU_Enable                                    Build/stm32f4xx_hal_cortex.o
HAL_MPU_EnableRegion                              Build/stm32f4xx_hal_cortex.o
HAL_MspDeInit                                     Build/stm32f4xx_hal.o
HAL_MspInit                                       Build/stm32f4xx_hal_msp.o
HAL_MultiProcessor_EnterMuteMode                  Build/stm32f4xx_hal_uart.o
HAL_MultiProcessor_ExitMuteMode                   Build/stm32f4xx_hal_uart.o
HAL_MultiProcessor_Init                           Build/stm32f4xx_hal_uart.o
HAL_NVIC_ClearPendingIRQ                          Build/stm32f4xx_hal_cortex.o
HAL_NVIC_DisableIRQ                               Build/stm32f4xx_hal_cortex.o
                                                  Build/stm32f4xx_hal_msp.o
HAL_NVIC_EnableIRQ                                Build/stm32f4xx_hal_cortex.o
                                                  Build/stm32f4xx_hal_msp.o
HAL_NVIC_GetActive                                Build/stm32f4xx_hal_cortex.o
HAL_NVIC_GetPendingIRQ                            Build/stm32f4xx_hal_cortex.o
HAL_NVIC_GetPriority                              Build/stm32f4xx_hal_cortex.o
HAL_NVIC_GetPriorityGrouping                      Build/stm32f4xx_hal_cortex.o
HAL_NVIC_SetPendingIRQ                            Build/stm32f4xx_hal_cortex.o
HAL_NVIC_SetPriority                              Build/stm32f4xx_hal_cortex.o
                                                  Build/stm32f4xx_hal.o
                                                  Build/stm32f4xx_hal_msp.o
HAL_NVIC_SetPriorityGrouping                      Build/stm32f4xx_hal_cortex.o
                                                  Build/stm32f4xx_hal.o
HAL_NVIC_SystemReset                              Build/stm32f4xx_hal_cortex.o
HAL_PWREx_ControlVoltageScaling                   Build/stm32f4xx_hal_pwr_ex.o
HAL_PWREx_DisableBkUpReg                          Build/stm32f4xx_hal_pwr_ex.o
HAL_PWREx_DisableFlashPowerDown                   Build/stm32f4xx_hal_pwr_ex.o
HAL_PWREx_EnableBkUpReg                           Build/stm32f4xx_hal_pwr_ex.o
HAL_PWREx_EnableFlashPowerDown                    Build/stm32f4xx_hal_pwr_ex.o
HAL_PWREx_GetVoltageRange                         Build/stm32f4xx_hal_pwr_ex.o
HAL_PWR_ConfigPVD                                 Build/stm32f4xx_hal_pwr.o
HAL_PWR_DeInit                                    Build/stm32f4xx_hal_pwr.o
HAL_PWR_DisableBkUpAccess                         Build/stm32f4xx_hal_pwr.o
HAL_PWR_DisablePVD                                Build/stm32f4xx_hal_pwr.o
HAL_PWR_DisableSEVOnPend                          Build/stm32f4xx_hal_pwr.o
HAL_PWR_DisableSleepOnExit                        Build/stm32f4xx_hal_pwr.o
HAL_PWR_DisableWakeUpPin                          Build/stm32f4xx_hal_pwr.o
HAL_PWR_EnableBkUpAccess                          Build/stm32f4xx_hal_pwr.o
HAL_PWR_EnablePVD                                 Build/stm32f4xx_hal_pwr.o
HAL_PWR_EnableSEVOnPend                           Build/stm32f4xx_hal_pwr.o
HAL_PWR_EnableSleepOnExit                         Build/stm32f4xx_hal_pwr.o
HAL_PWR_EnableWakeUpPin                           Build/stm32f4xx_hal_pwr.o
HAL_PWR_EnterSLEEPMode                            Build/stm32f4xx_hal_pwr.o
HAL_PWR_EnterSTANDBYMode                          Build/stm32f4xx_hal_pwr.o
HAL_PWR_EnterSTOPMode                             Build/stm32f4xx_hal_pwr.o
HAL_PWR_PVDCallback                               Build/stm32f4xx_hal_pwr.o
HAL_PWR_PVD_IRQHandler                            Build/stm32f4xx_hal_pwr.o
HAL_RCCEx_DisablePLLI2S                           Build/stm32f4xx_hal_rcc_ex.o
HAL_RCCEx_EnablePLLI2S                            Build/stm32f4xx_hal_rcc_ex.o
HAL_RCCEx_GetPeriphCLKConfig                      Build/stm32f4xx_hal_rcc_ex.o
HAL_RCCEx_GetPeriphCLKFreq                        Build/stm32f4xx_hal_rcc_ex.o
HAL_RCCEx_PeriphCLKConfig                         Build/stm32f4xx_hal_rcc_ex.o
HAL_RCC_CSSCallback                               Build/stm32f4xx_hal_rcc.o
HAL_RCC_ClockConfig                               Build/stm32f4xx_hal_rcc.o
                                                  Build/main.o
HAL_RCC_DeInit                                    Build/stm32f4xx_hal_rcc_ex.o
                                                  Build/stm32f4xx_hal_rcc.o
HAL_RCC_DisableCSS                                Build/stm32f4xx_hal_rcc.o
HAL_RCC_EnableCSS                                 Build/stm32f4xx_hal_rcc.o
HAL_RCC_GetClockConfig                            Build/stm32f4xx_hal_rcc.o
HAL_RCC_GetHCLKFreq                               Build/stm32f4xx_hal_rcc.o
HAL_RCC_GetOscConfig                              Build/stm32f4xx_hal_rcc.o
HAL_RCC_GetPCLK1Freq                              Build/stm32f4xx_hal_rcc.o
                                                  Build/stm32f4xx_hal_uart.o
HAL_RCC_GetPCLK2Freq                              Build/stm32f4xx_hal_rcc.o
                                                  Build/stm32f4xx_hal_uart.o
HAL_RCC_GetSysClockFreq                           Build/stm32f4xx_hal_rcc.o
HAL_RCC_MCOConfig                                 Build/stm32f4xx_hal_rcc.o
HAL_RCC_NMI_IRQHandler                            Build/stm32f4xx_hal_rcc.o
HAL_RCC_OscConfig                                 Build/stm32f4xx_hal_rcc.o
                                                  Build/main.o
HAL_ResumeTick                                    Build/stm32f4xx_hal.o
HAL_SYSTICK_CLKSourceConfig                       Build/stm32f4xx_hal_cortex.o
HAL_SYSTICK_Callback                              Build/stm32f4xx_hal_cortex.o
HAL_SYSTICK_Config                                Build/stm32f4xx_hal_cortex.o
                                                  Build/stm32f4xx_hal.o
HAL_SYSTICK_IRQHandler                            Build/stm32f4xx_hal_cortex.o
HAL_SetTickFreq                                   Build/stm32f4xx_hal.o
HAL_SuspendTick                                   Build/stm32f4xx_hal.o
HAL_TIMEx_BreakCallback                           Build/stm32f4xx_hal_tim_ex.o
                                                  Build/stm32f4xx_hal_tim.o
HAL_TIMEx_CommutCallback                          Build/stm32f4xx_hal_tim_ex.o
                                                  Build/stm32f4xx_hal_tim.o
HAL_TIMEx_CommutHalfCpltCallback                  Build/stm32f4xx_hal_tim_ex.o
HAL_TIMEx_ConfigBreakDeadTime                     Build/stm32f4xx_hal_tim_ex.o
HAL_TIMEx_ConfigCommutEvent                       Build/stm32f4xx_hal_tim_ex.o
HAL_TIMEx_ConfigCommutEvent_DMA                   Build/stm32f4xx_hal_tim_ex.o
HAL_TIMEx_ConfigCommutEvent_IT                    Build/stm32f4xx_hal_tim_ex.o
HAL_TIMEx_GetChannelNState                        Build/stm32f4xx_hal_tim_ex.o
HAL_TIMEx_HallSensor_DeInit                       Build/stm32f4xx_hal_tim_ex.o
HAL_TIMEx_HallSensor_GetState                     Build/stm32f4xx_hal_tim_ex.o
HAL_TIMEx_HallSensor_Init                         Build/stm32f4xx_hal_tim_ex.o
HAL_TIMEx_HallSensor_MspDeInit                    Build/stm32f4xx_hal_tim_ex.o
HAL_TIMEx_HallSensor_MspInit                      Build/stm32f4xx_hal_tim_ex.o
HAL_TIMEx_HallSensor_Start                        Build/stm32f4xx_hal_tim_ex.o
HAL_TIMEx_HallSensor_Start_DMA                    Build/stm32f4xx_hal_tim_ex.o
HAL_TIMEx_HallSensor_Start_IT                     Build/stm32f4xx_hal_tim_ex.o
HAL_TIMEx_HallSensor_Stop                         Build/stm32f4xx_hal_tim_ex.o
HAL_TIMEx_HallSensor_Stop_DMA                     Build/stm32f4xx_hal_tim_ex.o
HAL_TIMEx_HallSensor_Stop_IT                      Build/stm32f4xx_hal_tim_ex.o
HAL_TIMEx_MasterConfigSynchronization             Build/stm32f4xx_hal_tim_ex.o
                                                  Build/main.o
HAL_TIMEx_OCN_Start                               Build/stm32f4xx_hal_tim_ex.o
HAL_TIMEx_OCN_Start_DMA                           Build/stm32f4xx_hal_tim_ex.o
HAL_TIMEx_OCN_Start_IT                            Build/stm32f4xx_hal_tim_ex.o
HAL_TIMEx_OCN_Stop                                Build/stm32f4xx_hal_tim_ex.o
HAL_TIMEx_OCN_Stop_DMA                            Build/stm32f4xx_hal_tim_ex.o
HAL_TIMEx_OCN_Stop_IT                             Build/stm32f4xx_hal_tim_ex.o
HAL_TIMEx_OnePulseN_Start                         Build/stm32f4xx_hal_tim_ex.o
HAL_TIMEx_OnePulseN_Start_IT                      Build/stm32f4xx_hal_tim_ex.o
HAL_TIMEx_OnePulseN_Stop                          Build/stm32f4xx_hal_tim_ex.o
HAL_TIMEx_OnePulseN_Stop_IT                       Build/stm32f4xx_hal_tim_ex.o
HAL_TIMEx_PWMN_Start                              Build/stm32f4xx_hal_tim_ex.o
HAL_TIMEx_PWMN_Start_DMA                          Build/stm32f4xx_hal_tim_ex.o
HAL_TIMEx_PWMN_Start_IT                           Build/stm32f4xx_hal_tim_ex.o
HAL_TIMEx_PWMN_Stop                               Build/stm32f4xx_hal_tim_ex.o
HAL_TIMEx_PWMN_Stop_DMA                           Build/stm32f4xx_hal_tim_ex.o
HAL_TIMEx_PWMN_Stop_IT                            Build/stm32f4xx_hal_tim_ex.o
HAL_TIMEx_RemapConfig                             Build/stm32f4xx_hal_tim_ex.o
HAL_TIM_Base_DeInit                               Build/stm32f4xx_hal_tim.o
HAL_TIM_Base_GetState                             Build/stm32f4xx_hal_tim.o
HAL_TIM_Base_Init                                 Build/stm32f4xx_hal_tim.o
                                                  Build/main.o
HAL_TIM_Base_MspDeInit                            Build/stm32f4xx_hal_msp.o
HAL_TIM_Base_MspInit                              Build/stm32f4xx_hal_msp.o
HAL_TIM_Base_Start                                Build/stm32f4xx_hal_tim.o
HAL_TIM_Base_Start_DMA                            Build/stm32f4xx_hal_tim.o
HAL_TIM_Base_Start_IT                             Build/stm32f4xx_hal_tim.o
HAL_TIM_Base_Stop                                 Build/stm32f4xx_hal_tim.o
HAL_TIM_Base_Stop_DMA                             Build/stm32f4xx_hal_tim.o
HAL_TIM_Base_Stop_IT                              Build/stm32f4xx_hal_tim.o
HAL_TIM_ConfigClockSource                         Build/stm32f4xx_hal_tim.o
HAL_TIM_ConfigOCrefClear                          Build/stm32f4xx_hal_tim.o
HAL_TIM_ConfigTI1Input                            Build/stm32f4xx_hal_tim.o
HAL_TIM_DMABurstState                             Build/stm32f4xx_hal_tim.o
HAL_TIM_DMABurst_MultiReadStart                   Build/stm32f4xx_hal_tim.o
HAL_TIM_DMABurst_MultiWriteStart                  Build/stm32f4xx_hal_tim.o
HAL_TIM_DMABurst_ReadStart                        Build/stm32f4xx_hal_tim.o
HAL_TIM_DMABurst_ReadStop                         Build/stm32f4xx_hal_tim.o
HAL_TIM_DMABurst_WriteStart                       Build/stm32f4xx_hal_tim.o
HAL_TIM_DMABurst_WriteStop                        Build/stm32f4xx_hal_tim.o
HAL_TIM_Encoder_DeInit                            Build/stm32f4xx_hal_tim.o
HAL_TIM_Encoder_GetState                          Build/stm32f4xx_hal_tim.o
HAL_TIM_Encoder_Init                              Build/stm32f4xx_hal_tim.o
                                                  Build/main.o
HAL_TIM_Encoder_MspDeInit                         Build/stm32f4xx_hal_msp.o
HAL_TIM_Encoder_MspInit                           Build/stm32f4xx_hal_msp.o