Archive member included to satisfy reference by file (symbol)

D:/DATN/00_MainFolder/00_FirmwaveSTM32/InvertedPendulum/Tool/ArmGnuToolchain/bin/../lib/gcc/arm-none-eabi/14.2.1/thumb/v7e-m+fp/hard\libc_nano.a(libc_a-exit.o)
                              D:/DATN/00_MainFolder/00_FirmwaveSTM32/InvertedPendulum/Tool/ArmGnuToolchain/bin/../lib/gcc/arm-none-eabi/14.2.1/thumb/v7e-m+fp/hard/crt0.o (exit)
D:/DATN/00_MainFolder/00_FirmwaveSTM32/InvertedPendulum/Tool/ArmGnuToolchain/bin/../lib/gcc/arm-none-eabi/14.2.1/thumb/v7e-m+fp/hard\libc_nano.a(libc_a-findfp.o)
                              D:/DATN/00_MainFolder/00_FirmwaveSTM32/InvertedPendulum/Tool/ArmGnuToolchain/bin/../lib/gcc/arm-none-eabi/14.2.1/thumb/v7e-m+fp/hard\libc_nano.a(libc_a-exit.o) (__stdio_exit_handler)
D:/DATN/00_MainFolder/00_FirmwaveSTM32/InvertedPendulum/Tool/ArmGnuToolchain/bin/../lib/gcc/arm-none-eabi/14.2.1/thumb/v7e-m+fp/hard\libc_nano.a(libc_a-fwalk.o)
                              D:/DATN/00_MainFolder/00_FirmwaveSTM32/InvertedPendulum/Tool/ArmGnuToolchain/bin/../lib/gcc/arm-none-eabi/14.2.1/thumb/v7e-m+fp/hard\libc_nano.a(libc_a-findfp.o) (_fwalk_sglue)
D:/DATN/00_MainFolder/00_FirmwaveSTM32/InvertedPendulum/Tool/ArmGnuToolchain/bin/../lib/gcc/arm-none-eabi/14.2.1/thumb/v7e-m+fp/hard\libc_nano.a(libc_a-stdio.o)
                              D:/DATN/00_MainFolder/00_FirmwaveSTM32/InvertedPendulum/Tool/ArmGnuToolchain/bin/../lib/gcc/arm-none-eabi/14.2.1/thumb/v7e-m+fp/hard\libc_nano.a(libc_a-findfp.o) (__sread)
D:/DATN/00_MainFolder/00_FirmwaveSTM32/InvertedPendulum/Tool/ArmGnuToolchain/bin/../lib/gcc/arm-none-eabi/14.2.1/thumb/v7e-m+fp/hard\libc_nano.a(libc_a-memset.o)
                              D:/DATN/00_MainFolder/00_FirmwaveSTM32/InvertedPendulum/Tool/ArmGnuToolchain/bin/../lib/gcc/arm-none-eabi/14.2.1/thumb/v7e-m+fp/hard/crt0.o (memset)
D:/DATN/00_MainFolder/00_FirmwaveSTM32/InvertedPendulum/Tool/ArmGnuToolchain/bin/../lib/gcc/arm-none-eabi/14.2.1/thumb/v7e-m+fp/hard\libc_nano.a(libc_a-closer.o)
                              D:/DATN/00_MainFolder/00_FirmwaveSTM32/InvertedPendulum/Tool/ArmGnuToolchain/bin/../lib/gcc/arm-none-eabi/14.2.1/thumb/v7e-m+fp/hard\libc_nano.a(libc_a-stdio.o) (_close_r)
D:/DATN/00_MainFolder/00_FirmwaveSTM32/InvertedPendulum/Tool/ArmGnuToolchain/bin/../lib/gcc/arm-none-eabi/14.2.1/thumb/v7e-m+fp/hard\libc_nano.a(libc_a-reent.o)
                              D:/DATN/00_MainFolder/00_FirmwaveSTM32/InvertedPendulum/Tool/ArmGnuToolchain/bin/../lib/gcc/arm-none-eabi/14.2.1/thumb/v7e-m+fp/hard\libc_nano.a(libc_a-closer.o) (errno)
D:/DATN/00_MainFolder/00_FirmwaveSTM32/InvertedPendulum/Tool/ArmGnuToolchain/bin/../lib/gcc/arm-none-eabi/14.2.1/thumb/v7e-m+fp/hard\libc_nano.a(libc_a-impure.o)
                              D:/DATN/00_MainFolder/00_FirmwaveSTM32/InvertedPendulum/Tool/ArmGnuToolchain/bin/../lib/gcc/arm-none-eabi/14.2.1/thumb/v7e-m+fp/hard\libc_nano.a(libc_a-reent.o) (_impure_ptr)
D:/DATN/00_MainFolder/00_FirmwaveSTM32/InvertedPendulum/Tool/ArmGnuToolchain/bin/../lib/gcc/arm-none-eabi/14.2.1/thumb/v7e-m+fp/hard\libc_nano.a(libc_a-lseekr.o)
                              D:/DATN/00_MainFolder/00_FirmwaveSTM32/InvertedPendulum/Tool/ArmGnuToolchain/bin/../lib/gcc/arm-none-eabi/14.2.1/thumb/v7e-m+fp/hard\libc_nano.a(libc_a-stdio.o) (_lseek_r)
D:/DATN/00_MainFolder/00_FirmwaveSTM32/InvertedPendulum/Tool/ArmGnuToolchain/bin/../lib/gcc/arm-none-eabi/14.2.1/thumb/v7e-m+fp/hard\libc_nano.a(libc_a-readr.o)
                              D:/DATN/00_MainFolder/00_FirmwaveSTM32/InvertedPendulum/Tool/ArmGnuToolchain/bin/../lib/gcc/arm-none-eabi/14.2.1/thumb/v7e-m+fp/hard\libc_nano.a(libc_a-stdio.o) (_read_r)
D:/DATN/00_MainFolder/00_FirmwaveSTM32/InvertedPendulum/Tool/ArmGnuToolchain/bin/../lib/gcc/arm-none-eabi/14.2.1/thumb/v7e-m+fp/hard\libc_nano.a(libc_a-writer.o)
                              D:/DATN/00_MainFolder/00_FirmwaveSTM32/InvertedPendulum/Tool/ArmGnuToolchain/bin/../lib/gcc/arm-none-eabi/14.2.1/thumb/v7e-m+fp/hard\libc_nano.a(libc_a-stdio.o) (_write_r)
D:/DATN/00_MainFolder/00_FirmwaveSTM32/InvertedPendulum/Tool/ArmGnuToolchain/bin/../lib/gcc/arm-none-eabi/14.2.1/thumb/v7e-m+fp/hard\libc_nano.a(libc_a-errno.o)
                              build/sysmem.o (__errno)
D:/DATN/00_MainFolder/00_FirmwaveSTM32/InvertedPendulum/Tool/ArmGnuToolchain/bin/../lib/gcc/arm-none-eabi/14.2.1/thumb/v7e-m+fp/hard\libc_nano.a(libc_a-init.o)
                              D:/DATN/00_MainFolder/00_FirmwaveSTM32/InvertedPendulum/Tool/ArmGnuToolchain/bin/../lib/gcc/arm-none-eabi/14.2.1/thumb/v7e-m+fp/hard/crt0.o (__libc_init_array)
D:/DATN/00_MainFolder/00_FirmwaveSTM32/InvertedPendulum/Tool/ArmGnuToolchain/bin/../lib/gcc/arm-none-eabi/14.2.1/thumb/v7e-m+fp/hard\libc_nano.a(libc_a-lock.o)
                              D:/DATN/00_MainFolder/00_FirmwaveSTM32/InvertedPendulum/Tool/ArmGnuToolchain/bin/../lib/gcc/arm-none-eabi/14.2.1/thumb/v7e-m+fp/hard\libc_nano.a(libc_a-findfp.o) (__retarget_lock_init_recursive)
[...]
Memory Configuration

Name             Origin             Length             Attributes
RAM              0x20000000         0x00020000         xrw
CCMRAM           0x10000000         0x00010000         xrw
FLASH            0x08000000         0x00100000         xr
*default*        0x00000000         0xffffffff

Linker script and memory map

LOAD D:/DATN/00_MainFolder/00_FirmwaveSTM32/InvertedPendulum/Tool/ArmGnuToolchain/bin/../lib/gcc/arm-none-eabi/14.2.1/thumb/v7e-m+fp/hard/crti.o
LOAD D:/DATN/00_MainFolder/00_FirmwaveSTM32/InvertedPendulum/Tool/ArmGnuToolchain/bin/../lib/gcc/arm-none-eabi/14.2.1/thumb/v7e-m+fp/hard/crtbegin.o
LOAD D:/DATN/00_MainFolder/00_FirmwaveSTM32/InvertedPendulum/Tool/ArmGnuToolchain/bin/../lib/gcc/arm-none-eabi/14.2.1/thumb/v7e-m+fp/hard/crt0.o
LOAD build/main.o
LOAD build/stm32f4xx_it.o
LOAD build/stm32f4xx_hal_msp.o
LOAD build/stm32f4xx_hal_rcc.o
LOAD build/stm32f4xx_hal_rcc_ex.o
LOAD build/stm32f4xx_hal_flash.o
LOAD build/stm32f4xx_hal_flash_ex.o
LOAD build/stm32f4xx_hal_flash_ramfunc.o
LOAD build/stm32f4xx_hal_gpio.o
LOAD build/stm32f4xx_hal_dma_ex.o
LOAD build/stm32f4xx_hal_dma.o
LOAD build/stm32f4xx_hal_pwr.o
LOAD build/stm32f4xx_hal_pwr_ex.o
LOAD build/stm32f4xx_hal_cortex.o
LOAD build/stm32f4xx_hal.o
LOAD build/stm32f4xx_hal_exti.o
LOAD build/stm32f4xx_hal_tim.o
LOAD build/stm32f4xx_hal_tim_ex.o
LOAD build/stm32f4xx_hal_uart.o
LOAD build/system_stm32f4xx.o
LOAD build/sysmem.o
LOAD build/syscalls.o
LOAD build/stm32f4xx_hal_adc.o
LOAD build/stm32f4xx_hal_adc_ex.o
LOAD build/stm32f4xx_ll_adc.o
LOAD build/croutine.o
LOAD build/event_groups.o
LOAD build/list.o
LOAD build/queue.o
LOAD build/stream_buffer.o
LOAD build/tasks.o
LOAD build/timers.o
LOAD build/port.o
LOAD build/heap_4.o
LOAD build/printf.o
LOAD build/adc.o
LOAD build/timer.o
LOAD build/usart.o
LOAD build/ActiveObject.o
LOAD build/Computer.o
LOAD build/Estimator.o
LOAD build/Motor.o
LOAD build/Butter_Worth.o
LOAD build/dsp.o
LOAD build/startup_stm32f407xx.o
LOAD D:/DATN/00_MainFolder/00_FirmwaveSTM32/InvertedPendulum/Tool/ArmGnuToolchain/bin/../lib/gcc/arm-none-eabi/14.2.1/thumb/v7e-m+fp/hard\libc_nano.a
LOAD D:/DATN/00_MainFolder/00_FirmwaveSTM32/InvertedPendulum/Tool/ArmGnuToolchain/bin/../lib/gcc/arm-none-eabi/14.2.1/thumb/v7e-m+fp/hard\libm.a
LOAD D:/DATN/00_MainFolder/00_FirmwaveSTM32/InvertedPendulum/Tool/ArmGnuToolchain/bin/../lib/gcc/arm-none-eabi/14.2.1/thumb/v7e-m+fp/hard\libnosys.a
LOAD Middlewares/ST/ARM/DSP/Lib/libarm_cortexM4lf_math.a
START GROUP
LOAD D:/DATN/00_MainFolder/00_FirmwaveSTM32/InvertedPendulum/Tool/ArmGnuToolchain/bin/../lib/gcc/arm-none-eabi/14.2.1/thumb/v7e-m+fp/hard\libgcc.a
LOAD D:/DATN/00_MainFolder/00_FirmwaveSTM32/InvertedPendulum/Tool/ArmGnuToolchain/bin/../lib/gcc/arm-none-eabi/14.2.1/thumb/v7e-m+fp/hard\libc_nano.a
END GROUP
START GROUP
LOAD D:/DATN/00_MainFolder/00_FirmwaveSTM32/InvertedPendulum/Tool/ArmGnuToolchain/bin/../lib/gcc/arm-none-eabi/14.2.1/thumb/v7e-m+fp/hard\libgcc.a
LOAD D:/DATN/00_MainFolder/00_FirmwaveSTM32/InvertedPendulum/Tool/ArmGnuToolchain/bin/../lib/gcc/arm-none-eabi/14.2.1/thumb/v7e-m+fp/hard\libc_nano.a
END GROUP
LOAD D:/DATN/00_MainFolder/00_FirmwaveSTM32/InvertedPendulum/Tool/ArmGnuToolchain/bin/../lib/gcc/arm-none-eabi/14.2.1/thumb/v7e-m+fp/hard/crtend.o
LOAD D:/DATN/00_MainFolder/00_FirmwaveSTM32/InvertedPendulum/Tool/ArmGnuToolchain/bin/../lib/gcc/arm-none-eabi/14.2.1/thumb/v7e-m+fp/hard/crtn.o
                0x20020000                        _estack = (ORIGIN (RAM) + LENGTH (RAM))
                0x00000200                        _Min_Heap_Size = 0x200
                0x00000400                        _Min_Stack_Size = 0x400

.isr_vector     0x08000000      0x188
                0x08000000                        . = ALIGN (0x4)
 *(.isr_vector)
 .isr_vector    0x08000000      0x188 build/startup_stm32f407xx.o
                0x08000000                g_pfnVectors
                0x08000188                        . = ALIGN (0x4)

.text           0x08000190     0x78a0
                0x08000190                        . = ALIGN (0x4)
 *(.text)
 .text          0x08000190       0x10 D:/DATN/00_MainFolder/00_FirmwaveSTM32/InvertedPendulum/Tool/ArmGnuToolchain/bin/../lib/gcc/arm-none-eabi/14.2.1/thumb/v7e-m+fp/hard\libc_nano.a(libc_a-strlen.o)
                0x08000190                strlen
 .text          0x080001a0      0x378 D:/DATN/00_MainFolder/00_FirmwaveSTM32/InvertedPendulum/Tool/ArmGnuToolchain/bin/../lib/gcc/arm-none-eabi/14.2.1/thumb/v7e-m+fp/hard\libgcc.a(_arm_addsubdf3.o)
                0x080001a0                __aeabi_drsub
                0x080001a8                __aeabi_dsub
                0x080001a8                __subdf3
                0x080001ac                __aeabi_dadd
                0x080001ac                __adddf3
                0x08000424                __floatunsidf
                0x08000424                __aeabi_ui2d
                0x08000444                __floatsidf
                0x08000444                __aeabi_i2d
                0x08000468                __aeabi_f2d
                0x08000468                __extendsfdf2
                0x080004ac                __floatundidf
                0x080004ac                __aeabi_ul2d
                0x080004bc                __floatdidf
                0x080004bc                __aeabi_l2d
 .text          0x08000518      0x424 D:/DATN/00_MainFolder/00_FirmwaveSTM32/InvertedPendulum/Tool/ArmGnuToolchain/bin/../lib/gcc/arm-none-eabi/14.2.1/thumb/v7e-m+fp/hard\libgcc.a(_arm_muldivdf3.o)
                0x08000518                __aeabi_dmul
                0x08000518                __muldf3
                0x0800076c                __divdf3
                0x0800076c                __aeabi_ddiv
 .text          0x0800093c      0x110 D:/DATN/00_MainFolder/00_FirmwaveSTM32/InvertedPendulum/Tool/ArmGnuToolchain/bin/../lib/gcc/arm-none-eabi/14.2.1/thumb/v7e-m+fp/hard\libgcc.a(_arm_cmpdf2.o)
                0x0800093c                __gtdf2
                0x0800093c                __gedf2
                0x08000944                __ltdf2
                0x08000944                __ledf2
                0x0800094c                __nedf2
                0x0800094c                __eqdf2
                0x0800094c                __cmpdf2
                0x080009c8                __aeabi_cdrcmple
                0x080009d8                __aeabi_cdcmpeq
                0x080009d8                __aeabi_cdcmple
                0x080009e8                __aeabi_dcmpeq
                0x080009fc                __aeabi_dcmplt
                0x08000a10                __aeabi_dcmple
                0x08000a24                __aeabi_dcmpge
                0x08000a38                __aeabi_dcmpgt
 .text          0x08000a4c       0x50 D:/DATN/00_MainFolder/00_FirmwaveSTM32/InvertedPendulum/Tool/ArmGnuToolchain/bin/../lib/gcc/arm-none-eabi/14.2.1/thumb/v7e-m+fp/hard\libgcc.a(_arm_fixdfsi.o)
                0x08000a4c                __aeabi_d2iz
                0x08000a4c                __fixdfsi
 .text          0x08000a9c       0x40 D:/DATN/00_MainFolder/00_FirmwaveSTM32/InvertedPendulum/Tool/ArmGnuToolchain/bin/../lib/gcc/arm-none-eabi/14.2.1/thumb/v7e-m+fp/hard\libgcc.a(_arm_fixunsdfsi.o)
                0x08000a9c                __aeabi_d2uiz
                0x08000a9c                __fixunsdfsi
 .text          0x08000adc       0xa0 D:/DATN/00_MainFolder/00_FirmwaveSTM32/InvertedPendulum/Tool/ArmGnuToolchain/bin/../lib/gcc/arm-none-eabi/14.2.1/thumb/v7e-m+fp/hard\libgcc.a(_arm_truncdfsf2.o)
                0x08000adc                __truncdfsf2
                0x08000adc                __aeabi_d2f
 .text          0x08000b7c      0x21c D:/DATN/00_MainFolder/00_FirmwaveSTM32/InvertedPendulum/Tool/ArmGnuToolchain/bin/../lib/gcc/arm-none-eabi/14.2.1/thumb/v7e-m+fp/hard\libgcc.a(_arm_addsubsf3.o)
                0x08000b7c                __aeabi_frsub
                0x08000b84                __subsf3
                0x08000b84                __aeabi_fsub
                0x08000b88                __aeabi_fadd
                0x08000b88                __addsf3
                0x08000ce8                __aeabi_ui2f
                0x08000ce8                __floatunsisf
                0x08000cf0                __aeabi_i2f
                0x08000cf0                __floatsisf
                0x08000d0c                __aeabi_ul2f
                0x08000d0c                __floatundisf
                0x08000d1c                __aeabi_l2f
                0x08000d1c                __floatdisf
 .text          0x08000d98       0x30 D:/DATN/00_MainFolder/00_FirmwaveSTM32/InvertedPendulum/Tool/ArmGnuToolchain/bin/../lib/gcc/arm-none-eabi/14.2.1/thumb/v7e-m+fp/hard\libgcc.a(_aeabi_uldivmod.o)
                0x08000d98                __aeabi_uldivmod
 .text          0x08000dc8        0x4 D:/DATN/00_MainFolder/00_FirmwaveSTM32/InvertedPendulum/Tool/ArmGnuToolchain/bin/../lib/gcc/arm-none-eabi/14.2.1/thumb/v7e-m+fp/hard\libgcc.a(_dvmd_tls.o)
                0x08000dc8                __aeabi_idiv0
                0x08000dc8                __aeabi_ldiv0
 *(.text*)
 .text.deregister_tm_clones
                0x08000dcc       0x1c D:/DATN/00_MainFolder/00_FirmwaveSTM32/InvertedPendulum/Tool/ArmGnuToolchain/bin/../lib/gcc/arm-none-eabi/14.2.1/thumb/v7e-m+fp/hard/crtbegin.o
 .text.register_tm_clones
                0x08000de8       0x24 D:/DATN/00_MainFolder/00_FirmwaveSTM32/InvertedPendulum/Tool/ArmGnuToolchain/bin/../lib/gcc/arm-none-eabi/14.2.1/thumb/v7e-m+fp/hard/crtbegin.o
 .text.__do_global_dtors_aux
                0x08000e0c       0x28 D:/DATN/00_MainFolder/00_FirmwaveSTM32/InvertedPendulum/Tool/ArmGnuToolchain/bin/../lib/gcc/arm-none-eabi/14.2.1/thumb/v7e-m+fp/hard/crtbegin.o
 .text.frame_dummy
                0x08000e34       0x24 D:/DATN/00_MainFolder/00_FirmwaveSTM32/InvertedPendulum/Tool/ArmGnuToolchain/bin/../lib/gcc/arm-none-eabi/14.2.1/thumb/v7e-m+fp/hard/crtbegin.o
 .text.MX_GPIO_Init
                0x08000e58       0x94 build/main.o
 .text.MX_DMA_Init
                0x08000eec       0x34 build/main.o
 .text.Error_Handler
                0x08000f20        0x4 build/main.o
                0x08000f20                Error_Handler
 .text.MX_TIM2_Init
                0x08000f24       0x68 build/main.o
 .text.MX_USART2_UART_Init
                0x08000f8c       0x34 build/main.o
 .text.MX_USART3_UART_Init
                0x08000fc0       0x34 build/main.o
 .text.MX_TIM6_Init
                0x08000ff4       0x50 build/main.o
 .text.MX_TIM7_Init
                0x08001044       0x4c build/main.o
 .text.MX_TIM3_Init
                0x08001090       0x68 build/main.o
 .text.MX_ADC1_Init
                0x080010f8       0x6c build/main.o
 .text.SystemClock_Config
                0x08001164       0xa4 build/main.o
                0x08001164                SystemClock_Config
 .text.main     0x08001208       0x9c build/main.o
                0x08001208                main
 .text.NMI_Handler
                0x080012a4        0x2 build/stm32f4xx_it.o
                0x080012a4                NMI_Handler
 .text.HardFault_Handler
                0x080012a6        0x2 build/stm32f4xx_it.o
                0x080012a6                HardFault_Handler
 .text.MemManage_Handler
                0x080012a8        0x2 build/stm32f4xx_it.o
                0x080012a8                MemManage_Handler
 .text.BusFault_Handler
                0x080012aa        0x2 build/stm32f4xx_it.o
                0x080012aa                BusFault_Handler
 .text.UsageFault_Handler
                0x080012ac        0x2 build/stm32f4xx_it.o
                0x080012ac                UsageFault_Handler
 .text.DebugMon_Handler
                0x080012ae        0x2 build/stm32f4xx_it.o
                0x080012ae                DebugMon_Handler
 .text.TIM2_IRQHandler
                0x080012b0       0x10 build/stm32f4xx_it.o
                0x080012b0                TIM2_IRQHandler
 .text.TIM3_IRQHandler
                0x080012c0       0x10 build/stm32f4xx_it.o
                0x080012c0                TIM3_IRQHandler
 .text.USART2_IRQHandler
                0x080012d0       0x10 build/stm32f4xx_it.o
                0x080012d0                USART2_IRQHandler
 .text.USART3_IRQHandler
                0x080012e0       0x10 build/stm32f4xx_it.o
                0x080012e0                USART3_IRQHandler
 .text.TIM6_DAC_IRQHandler
                0x080012f0       0x10 build/stm32f4xx_it.o
                0x080012f0                TIM6_DAC_IRQHandler
 .text.TIM7_IRQHandler
                0x08001300       0x10 build/stm32f4xx_it.o
                0x08001300                TIM7_IRQHandler
 .text.DMA2_Stream0_IRQHandler
                0x08001310       0x10 build/stm32f4xx_it.o
                0x08001310                DMA2_Stream0_IRQHandler
 .text.HAL_MspInit
                0x08001320       0x38 build/stm32f4xx_hal_msp.o
                0x08001320                HAL_MspInit
 .text.HAL_ADC_MspInit
                0x08001358       0xac build/stm32f4xx_hal_msp.o
                0x08001358                HAL_ADC_MspInit
 .text.HAL_TIM_Encoder_MspInit
                0x08001404       0xd4 build/stm32f4xx_hal_msp.o
                0x08001404                HAL_TIM_Encoder_MspInit
 .text.HAL_TIM_Base_MspInit
                0x080014d8       0x74 build/stm32f4xx_hal_msp.o
                0x080014d8                HAL_TIM_Base_MspInit
 .text.HAL_UART_MspInit
                0x0800154c       0xe4 build/stm32f4xx_hal_msp.o
                0x0800154c                HAL_UART_MspInit
 .text.HAL_RCC_OscConfig
                0x08001630      0x3f8 build/stm32f4xx_hal_rcc.o
                0x08001630                HAL_RCC_OscConfig
 .text.HAL_RCC_GetSysClockFreq
                0x08001a28       0xdc build/stm32f4xx_hal_rcc.o
                0x08001a28                HAL_RCC_GetSysClockFreq
 .text.HAL_RCC_ClockConfig
                0x08001b04      0x160 build/stm32f4xx_hal_rcc.o
                0x08001b04                HAL_RCC_ClockConfig
 .text.HAL_RCC_GetHCLKFreq
                0x08001c64        0xc build/stm32f4xx_hal_rcc.o
                0x08001c64                HAL_RCC_GetHCLKFreq
 .text.HAL_RCC_GetPCLK1Freq
                0x08001c70       0x20 build/stm32f4xx_hal_rcc.o
                0x08001c70                HAL_RCC_GetPCLK1Freq
 .text.HAL_RCC_GetPCLK2Freq
                0x08001c90       0x20 build/stm32f4xx_hal_rcc.o
                0x08001c90                HAL_RCC_GetPCLK2Freq
 .text.HAL_GPIO_Init
                0x08001cb0      0x1ec build/stm32f4xx_hal_gpio.o
                0x08001cb0                HAL_GPIO_Init
 .text.HAL_GPIO_WritePin
                0x08001e9c        0xc build/stm32f4xx_hal_gpio.o
                0x08001e9c                HAL_GPIO_WritePin
 .text.HAL_GPIO_TogglePin
                0x08001ea8       0x12 build/stm32f4xx_hal_gpio.o
                0x08001ea8                HAL_GPIO_TogglePin
 .text.DMA_SetConfig
                0x08001eba       0x2c build/stm32f4xx_hal_dma.o
 *fill*         0x08001ee6        0x2 
 .text.DMA_CalcBaseAndBitshift
                0x08001ee8       0x3c build/stm32f4xx_hal_dma.o
 .text.DMA_CheckFifoParam
                0x08001f24       0x8e build/stm32f4xx_hal_dma.o
 *fill*         0x08001fb2        0x2 
 .text.HAL_DMA_Init
                0x08001fb4       0xcc build/stm32f4xx_hal_dma.o
                0x08001fb4                HAL_DMA_Init
 .text.HAL_DMA_Start_IT
                0x08002080       0x68 build/stm32f4xx_hal_dma.o
                0x08002080                HAL_DMA_Start_IT
 .text.HAL_DMA_Abort
                0x080020e8       0x92 build/stm32f4xx_hal_dma.o
                0x080020e8                HAL_DMA_Abort
 .text.HAL_DMA_Abort_IT
                0x0800217a       0x24 build/stm32f4xx_hal_dma.o
                0x0800217a                HAL_DMA_Abort_IT
 *fill*         0x0800219e        0x2 
 .text.HAL_DMA_IRQHandler
                0x080021a0      0x1dc build/stm32f4xx_hal_dma.o
                0x080021a0                HAL_DMA_IRQHandler
 .text.__NVIC_EnableIRQ
                0x0800237c       0x1c build/stm32f4xx_hal_cortex.o
 .text.__NVIC_SetPriority
                0x08002398       0x28 build/stm32f4xx_hal_cortex.o
 .text.NVIC_EncodePriority
                0x080023c0       0x3e build/stm32f4xx_hal_cortex.o
 *fill*         0x080023fe        0x2 
 .text.HAL_NVIC_SetPriorityGrouping
                0x08002400       0x24 build/stm32f4xx_hal_cortex.o
                0x08002400                HAL_NVIC_SetPriorityGrouping
 .text.HAL_NVIC_SetPriority
                0x08002424       0x20 build/stm32f4xx_hal_cortex.o
                0x08002424                HAL_NVIC_SetPriority
 .text.HAL_NVIC_EnableIRQ
                0x08002444        0x8 build/stm32f4xx_hal_cortex.o
                0x08002444                HAL_NVIC_EnableIRQ
 .text.HAL_SYSTICK_Config
                0x0800244c       0x28 build/stm32f4xx_hal_cortex.o
                0x0800244c                HAL_SYSTICK_Config
 .text.HAL_InitTick
                0x08002474       0x4c build/stm32f4xx_hal.o
                0x08002474                HAL_InitTick
 .text.HAL_Init
                0x080024c0       0x34 build/stm32f4xx_hal.o
                0x080024c0                HAL_Init
 .text.HAL_GetTick
                0x080024f4        0xc build/stm32f4xx_hal.o
                0x080024f4                HAL_GetTick
 .text.HAL_TIM_Base_Start_IT
                0x08002500       0x84 build/stm32f4xx_hal_tim.o
                0x08002500                HAL_TIM_Base_Start_IT
 .text.HAL_TIM_OC_DelayElapsedCallback
                0x08002584        0x2 build/stm32f4xx_hal_tim.o
                0x08002584                HAL_TIM_OC_DelayElapsedCallback
 .text.HAL_TIM_PWM_PulseFinishedCallback
                0x08002586        0x2 build/stm32f4xx_hal_tim.o
                0x08002586                HAL_TIM_PWM_PulseFinishedCallback
 .text.HAL_TIM_TriggerCallback
                0x08002588        0x2 build/stm32f4xx_hal_tim.o
                0x08002588                HAL_TIM_TriggerCallback
 .text.HAL_TIM_IRQHandler
                0x0800258a      0x15e build/stm32f4xx_hal_tim.o
                0x0800258a                HAL_TIM_IRQHandler
 .text.TIM_Base_SetConfig
                0x080026e8       0xd8 build/stm32f4xx_hal_tim.o
                0x080026e8                TIM_Base_SetConfig
 .text.HAL_TIM_Base_Init
                0x080027c0       0x58 build/stm32f4xx_hal_tim.o
                0x080027c0                HAL_TIM_Base_Init
 .text.HAL_TIM_Encoder_Init
                0x08002818       0xb0 build/stm32f4xx_hal_tim.o
                0x08002818                HAL_TIM_Encoder_Init
 .text.TIM_CCxChannelCmd
                0x080028c8       0x1e build/stm32f4xx_hal_tim.o
                0x080028c8                TIM_CCxChannelCmd
 .text.HAL_TIM_Encoder_Start_IT
                0x080028e6       0xf6 build/stm32f4xx_hal_tim.o
                0x080028e6                HAL_TIM_Encoder_Start_IT
 .text.HAL_TIMEx_MasterConfigSynchronization
                0x080029dc       0x8c build/stm32f4xx_hal_tim_ex.o
                0x080029dc                HAL_TIMEx_MasterConfigSynchronization
 .text.HAL_TIMEx_CommutCallback
                0x08002a68        0x2 build/stm32f4xx_hal_tim_ex.o
                0x08002a68                HAL_TIMEx_CommutCallback
 .text.HAL_TIMEx_BreakCallback
                0x08002a6a        0x2 build/stm32f4xx_hal_tim_ex.o
                0x08002a6a                HAL_TIMEx_BreakCallback
 .text.UART_EndRxTransfer
                0x08002a6c       0x5c build/stm32f4xx_hal_uart.o
 .text.UART_Transmit_IT
                0x08002ac8       0x5e build/stm32f4xx_hal_uart.o
 *fill*         0x08002b26        0x2 
 .text.UART_SetConfig
                0x08002b28      0x110 build/stm32f4xx_hal_uart.o
 .text.HAL_UART_Init
                0x08002c38       0x60 build/stm32f4xx_hal_uart.o
                0x08002c38                HAL_UART_Init
 .text.HAL_UART_Transmit_IT
                0x08002c98       0x36 build/stm32f4xx_hal_uart.o
                0x08002c98                HAL_UART_Transmit_IT
 .text.UART_EndTransmit_IT
                0x08002cce       0x1a build/stm32f4xx_hal_uart.o
 .text.HAL_UART_ErrorCallback
                0x08002ce8        0x2 build/stm32f4xx_hal_uart.o
                0x08002ce8                HAL_UART_ErrorCallback
 .text.UART_DMAAbortOnError
                0x08002cea       0x10 build/stm32f4xx_hal_uart.o
 .text.HAL_UARTEx_RxEventCallback
                0x08002cfa        0x2 build/stm32f4xx_hal_uart.o
                0x08002cfa                HAL_UARTEx_RxEventCallback
 .text.UART_Receive_IT
                0x08002cfc       0xe4 build/stm32f4xx_hal_uart.o
 .text.HAL_UART_IRQHandler
                0x08002de0      0x284 build/stm32f4xx_hal_uart.o
                0x08002de0                HAL_UART_IRQHandler
 .text.UART_Start_Receive_IT
                0x08003064       0x36 build/stm32f4xx_hal_uart.o
                0x08003064                UART_Start_Receive_IT
 .text.HAL_UART_Receive_IT
                0x0800309a       0x24 build/stm32f4xx_hal_uart.o
                0x0800309a                HAL_UART_Receive_IT
 *fill*         0x080030be        0x2 
 .text.SystemInit
                0x080030c0       0x14 build/system_stm32f4xx.o
                0x080030c0                SystemInit
 .text.ADC_Init
                0x080030d4      0x134 build/stm32f4xx_hal_adc.o
 .text.HAL_ADC_Init
                0x08003208       0x56 build/stm32f4xx_hal_adc.o
                0x08003208                HAL_ADC_Init
 *fill*         0x0800325e        0x2 
 .text.HAL_ADC_Start_DMA
                0x08003260      0x19c build/stm32f4xx_hal_adc.o
                0x08003260                HAL_ADC_Start_DMA
 .text.HAL_ADC_ConvHalfCpltCallback
                0x080033fc        0x2 build/stm32f4xx_hal_adc.o
                0x080033fc                HAL_ADC_ConvHalfCpltCallback
 .text.ADC_DMAHalfConvCplt
                0x080033fe        0xa build/stm32f4xx_hal_adc.o
 .text.HAL_ADC_ErrorCallback
                0x08003408        0x2 build/stm32f4xx_hal_adc.o
                0x08003408                HAL_ADC_ErrorCallback
 .text.ADC_DMAError
                0x0800340a       0x16 build/stm32f4xx_hal_adc.o
 .text.ADC_DMAConvCplt
                0x08003420       0x72 build/stm32f4xx_hal_adc.o
 *fill*         0x08003492        0x2 
 .text.HAL_ADC_ConfigChannel
                0x08003494      0x194 build/stm32f4xx_hal_adc.o
                0x08003494                HAL_ADC_ConfigChannel
 .text.vListInitialise
                0x08003628       0x16 build/list.o
                0x08003628                vListInitialise
 .text.vListInitialiseItem
                0x0800363e        0x6 build/list.o
                0x0800363e                vListInitialiseItem
 .text.vListInsert
                0x08003644       0x32 build/list.o
                0x08003644                vListInsert
 .text.uxListRemove
                0x08003676       0x26 build/list.o
                0x08003676                uxListRemove
 .text.prvIsQueueFull
                0x0800369c       0x1e build/queue.o
 .text.prvIsQueueEmpty
                0x080036ba       0x1a build/queue.o
 .text.prvCopyDataToQueue
                0x080036d4       0x76 build/queue.o
 .text.prvCopyDataFromQueue
                0x0800374a       0x24 build/queue.o
 .text.prvUnlockQueue
                0x0800376e       0x6e build/queue.o
 .text.xQueueGenericReset
                0x080037dc       0xaa build/queue.o
                0x080037dc                xQueueGenericReset
 .text.prvInitialiseNewQueue
                0x08003886       0x22 build/queue.o
 .text.xQueueGenericCreate
                0x080038a8       0x56 build/queue.o
                0x080038a8                xQueueGenericCreate
 .text.xQueueGenericSend
                0x080038fe      0x188 build/queue.o
                0x080038fe                xQueueGenericSend
 .text.xQueueGenericSendFromISR
                0x08003a86       0xf2 build/queue.o
                0x08003a86                xQueueGenericSendFromISR
 .text.xQueueReceive
                0x08003b78      0x15e build/queue.o
                0x08003b78                xQueueReceive
 .text.xQueuePeek
                0x08003cd6      0x15e build/queue.o
                0x08003cd6                xQueuePeek
 .text.vQueueAddToRegistry
                0x08003e34       0x60 build/queue.o
                0x08003e34                vQueueAddToRegistry
 .text.vQueueWaitForMessageRestricted
                0x08003e94       0x52 build/queue.o
                0x08003e94                vQueueWaitForMessageRestricted
 *fill*         0x08003ee6        0x2 
 .text.prvResetNextTaskUnblockTime
                0x08003ee8       0x28 build/tasks.o
 .text.prvDeleteTCB
                0x08003f10       0x12 build/tasks.o
 .text.prvInitialiseNewTask
                0x08003f22       0x8e build/tasks.o
 .text.prvInitialiseTaskLists
                0x08003fb0       0x68 build/tasks.o
 .text.prvAddNewTaskToReadyList
                0x08004018       0xc8 build/tasks.o
 .text.prvCheckTasksWaitingTermination
                0x080040e0       0x4c build/tasks.o
 .text.prvIdleTask
                0x0800412c       0x28 build/tasks.o
 .text.prvAddCurrentTaskToDelayedList
                0x08004154       0xb0 build/tasks.o
 .text.xTaskCreate
                0x08004204       0x68 build/tasks.o
                0x08004204                xTaskCreate
 .text.vTaskStartScheduler
                0x0800426c       0x8c build/tasks.o
                0x0800426c                vTaskStartScheduler
 .text.vTaskSuspendAll
                0x080042f8       0x10 build/tasks.o
                0x080042f8                vTaskSuspendAll
 .text.xTaskGetTickCount
                0x08004308        0xc build/tasks.o
                0x08004308                xTaskGetTickCount
 .text.uxTaskGetNumberOfTasks
                0x08004314        0xc build/tasks.o
                0x08004314                uxTaskGetNumberOfTasks
 .text.xTaskIncrementTick
                0x08004320      0x178 build/tasks.o
                0x08004320                xTaskIncrementTick
 .text.xTaskResumeAll
                0x08004498      0x150 build/tasks.o
                0x08004498                xTaskResumeAll
 .text.vTaskSwitchContext
                0x080045e8       0x98 build/tasks.o
                0x080045e8                vTaskSwitchContext
 .text.vTaskPlaceOnEventList
                0x08004680       0x30 build/tasks.o
                0x08004680                vTaskPlaceOnEventList
 .text.vTaskPlaceOnEventListRestricted
                0x080046b0       0x54 build/tasks.o
                0x080046b0                vTaskPlaceOnEventListRestricted
 .text.xTaskRemoveFromEventList
                0x08004704       0xf0 build/tasks.o
                0x08004704                xTaskRemoveFromEventList
 .text.vTaskInternalSetTimeOutState
                0x080047f4       0x18 build/tasks.o
                0x080047f4                vTaskInternalSetTimeOutState
 .text.xTaskCheckForTimeOut
                0x0800480c       0x8c build/tasks.o
                0x0800480c                xTaskCheckForTimeOut
 .text.vTaskMissedYield
                0x08004898        0xc build/tasks.o
                0x08004898                vTaskMissedYield
 .text.xTaskGetSchedulerState
                0x080048a4       0x20 build/tasks.o
                0x080048a4                xTaskGetSchedulerState
 .text.xTaskPriorityDisinherit
                0x080048c4       0xc0 build/tasks.o
                0x080048c4                xTaskPriorityDisinherit
 .text.prvGetNextExpireTime
                0x08004984       0x20 build/timers.o
 .text.prvInsertTimerInActiveList
                0x080049a4       0x48 build/timers.o
 .text.prvReloadTimer
                0x080049ec       0x28 build/timers.o
 .text.prvProcessExpiredTimer
                0x08004a14       0x40 build/timers.o
 .text.prvSwitchTimerLists
                0x08004a54       0x30 build/timers.o
 .text.prvSampleTimeNow
                0x08004a84       0x2c build/timers.o
 .text.prvProcessTimerOrBlockTask
                0x08004ab0       0x74 build/timers.o
 .text.prvProcessReceivedCommands
                0x08004b24       0xf0 build/timers.o
 .text.prvTimerTask
                0x08004c14       0x16 build/timers.o
 *fill*         0x08004c2a        0x2 
 .text.prvCheckForValidListAndQueue
                0x08004c2c       0x5c build/timers.o
 .text.xTimerCreateTimerTask
                0x08004c88       0x50 build/timers.o
                0x08004c88                xTimerCreateTimerTask
 .text.prvTaskExitError
                0x08004cd8       0x40 build/port.o
 .text.prvPortStartFirstTask
                0x08004d18       0x28 build/port.o
 .text.vPortEnableVFP
                0x08004d40       0x14 build/port.o
 .text.pxPortInitialiseStack
                0x08004d54       0x2c build/port.o
                0x08004d54                pxPortInitialiseStack
 .text.SVC_Handler
                0x08004d80       0x24 build/port.o
                0x08004d80                SVC_Handler
 .text.vPortEnterCritical
                0x08004da4       0x44 build/port.o
                0x08004da4                vPortEnterCritical
 .text.vPortExitCritical
                0x08004de8       0x2c build/port.o
                0x08004de8                vPortExitCritical
 *fill*         0x08004e14        0xc 
 .text.PendSV_Handler
                0x08004e20       0x64 build/port.o
                0x08004e20                PendSV_Handler
 .text.SysTick_Handler
                0x08004e84       0x2c build/port.o
                0x08004e84                SysTick_Handler
 .text.vPortSetupTimerInterrupt
                0x08004eb0       0x28 build/port.o
                0x08004eb0                vPortSetupTimerInterrupt
 .text.xPortStartScheduler
                0x08004ed8      0x118 build/port.o
                0x08004ed8                xPortStartScheduler
 .text.vPortValidateInterruptPriority
                0x08004ff0       0x5c build/port.o
                0x08004ff0                vPortValidateInterruptPriority
 .text.prvHeapInit
                0x0800504c       0x58 build/heap_4.o
 .text.prvInsertBlockIntoFreeList
                0x080050a4       0x64 build/heap_4.o
 .text.pvPortMalloc
                0x08005108       0xf4 build/heap_4.o
                0x08005108                pvPortMalloc
 .text.vPortFree
                0x080051fc       0x74 build/heap_4.o
                0x080051fc                vPortFree
 .text._out_buffer
                0x08005270        0x8 build/printf.o
 .text._out_null
                0x08005278        0x2 build/printf.o
 .text._atoi    0x0800527a       0x26 build/printf.o
 .text._out_rev
                0x080052a0       0x7e build/printf.o
 .text._ntoa_format
                0x0800531e      0x134 build/printf.o
 .text._ntoa_long
                0x08005452       0x94 build/printf.o
 .text._ntoa_long_long
                0x080054e6       0xc2 build/printf.o
 .text._etoa    0x080055a8      0x3f0 build/printf.o
 .text._ftoa    0x08005998      0x380 build/printf.o
 .text._vsnprintf
                0x08005d18      0x6d0 build/printf.o
 .text.sprintf_
                0x080063e8       0x2c build/printf.o
                0x080063e8                sprintf_
 .text.HAL_ADC_ConvCpltCallback
                0x08006414       0x88 build/adc.o
                0x08006414                HAL_ADC_ConvCpltCallback
 .text.HAL_TIM_IC_CaptureCallback
                0x0800649c       0x70 build/timer.o
                0x0800649c                HAL_TIM_IC_CaptureCallback
 .text.HAL_TIM_PeriodElapsedCallback
                0x0800650c       0x70 build/timer.o
                0x0800650c                HAL_TIM_PeriodElapsedCallback
 *fill*         0x0800657c        0x4 
 .text.ExtractMessage
                0x08006580       0x98 build/usart.o
 .text.HAL_UART_RxCpltCallback
                0x08006618       0xe4 build/usart.o
                0x08006618                HAL_UART_RxCpltCallback
 .text.HAL_UART_TxCpltCallback
                0x080066fc       0x6c build/usart.o
                0x080066fc                HAL_UART_TxCpltCallback
 .text.SendBuffer
                0x08006768       0x18 build/usart.o
                0x08006768                SendBuffer
 .text.init     0x08006780       0x18 build/ActiveObject.o
 .text.dispatch
                0x08006798       0x24 build/ActiveObject.o
 .text.postFromISR
                0x080067bc       0x2c build/ActiveObject.o
 .text.post     0x080067e8       0x2e build/ActiveObject.o
 *fill*         0x08006816        0x2 
 .text.start    0x08006818       0x48 build/ActiveObject.o
 .text.Active_eventloop
                0x08006860       0x40 build/ActiveObject.o
 .text.Active_new
                0x080068a0       0x40 build/ActiveObject.o
                0x080068a0                Active_new
 .text.init     0x080068e0        0xa build/Computer.o
 .text.sending  0x080068ea       0x24 build/Computer.o
 *fill*         0x0800690e        0x2 
 .text.new      0x08006910       0x5c build/Computer.o
 .text.publicFromISR
                0x0800696c        0xa build/Computer.o
 .text.public   0x08006976        0xc build/Computer.o
 *fill*         0x08006982        0x2 
 .text.wait     0x08006984       0xec build/Computer.o
 .text.init     0x08006a70        0xa build/Estimator.o
                0x08006a70                init
 *fill*         0x08006a7a        0x2 
 .text.wait     0x08006a7c       0x90 build/Estimator.o
                0x08006a7c                wait
 .text.new      0x08006b0c       0x6c build/Estimator.o
 .text.publicFromISR
                0x08006b78        0xa build/Estimator.o
 .text.public   0x08006b82        0xc build/Estimator.o
 .text.init     0x08006b8e        0xa build/Motor.o
 .text.sending  0x08006b98       0x24 build/Motor.o
 .text.PID_Controller
                0x08006bbc       0xdc build/Motor.o
 .text.publicFromISR
                0x08006c98        0xa build/Motor.o
 .text.public   0x08006ca2        0xc build/Motor.o
 *fill*         0x08006cae        0x2 
 .text.wait     0x08006cb0       0xf4 build/Motor.o
 .text.setVoltage
                0x08006da4       0x70 build/Motor.o
 .text.new      0x08006e14       0x84 build/Motor.o
 .text.different
                0x08006e98       0x40 build/dsp.o
 .text.ConvertAngle
                0x08006ed8       0x38 build/dsp.o
 .text.ConvertCurrent
                0x08006f10       0x44 build/dsp.o
 .text.filter   0x08006f54       0x1a build/dsp.o
 *fill*         0x08006f6e        0x2 
 .text.apply    0x08006f70       0xf4 build/dsp.o
 .text.procesNewData
                0x08007064       0x76 build/dsp.o
 .text.Differentiator_new
                0x080070da       0x28 build/dsp.o
 *fill*         0x08007102        0x2 
 .text.dsp_new  0x08007104       0xa4 build/dsp.o
                0x08007104                dsp_new
 .text.Reset_Handler
                0x080071a8       0x50 build/startup_stm32f407xx.o
                0x080071a8                Reset_Handler
 .text.Default_Handler
                0x080071f8        0x2 build/startup_stm32f407xx.o
                0x080071f8                RTC_Alarm_IRQHandler
                0x080071f8                HASH_RNG_IRQHandler
                0x080071f8                EXTI2_IRQHandler
                0x080071f8                TIM8_CC_IRQHandler
                0x080071f8                TIM1_CC_IRQHandler
                0x080071f8                DMA2_Stream5_IRQHandler
                0x080071f8                DMA1_Stream5_IRQHandler
                0x080071f8                PVD_IRQHandler
                0x080071f8                SDIO_IRQHandler
                0x080071f8                TAMP_STAMP_IRQHandler
                0x080071f8                CAN2_RX1_IRQHandler
                0x080071f8                EXTI3_IRQHandler
                0x080071f8                TIM8_TRG_COM_TIM14_IRQHandler
                0x080071f8                TIM1_UP_TIM10_IRQHandler
                0x080071f8                TIM8_UP_TIM13_IRQHandler
                0x080071f8                I2C3_ER_IRQHandler
                0x080071f8                EXTI0_IRQHandler
                0x080071f8                I2C2_EV_IRQHandler
                0x080071f8                DMA1_Stream2_IRQHandler
                0x080071f8                CAN1_RX0_IRQHandler
                0x080071f8                FPU_IRQHandler
                0x080071f8                OTG_HS_WKUP_IRQHandler
                0x080071f8                CAN2_SCE_IRQHandler
                0x080071f8                DMA2_Stream2_IRQHandler
                0x080071f8                SPI1_IRQHandler
                0x080071f8                TIM1_BRK_TIM9_IRQHandler
                0x080071f8                DCMI_IRQHandler
                0x080071f8                CAN2_RX0_IRQHandler
                0x080071f8                DMA2_Stream3_IRQHandler
                0x080071f8                USART6_IRQHandler
                0x080071f8                CAN1_RX1_IRQHandler
                0x080071f8                UART5_IRQHandler
                0x080071f8                TIM4_IRQHandler
                0x080071f8                I2C1_EV_IRQHandler
                0x080071f8                DMA1_Stream6_IRQHandler
                0x080071f8                DMA1_Stream1_IRQHandler
                0x080071f8                UART4_IRQHandler
                0x080071f8                RCC_IRQHandler
                0x080071f8                TIM8_BRK_TIM12_IRQHandler
                0x080071f8                Default_Handler
                0x080071f8                EXTI15_10_IRQHandler
                0x080071f8                ADC_IRQHandler
                0x080071f8                DMA1_Stream7_IRQHandler
                0x080071f8                CAN2_TX_IRQHandler
                0x080071f8                TIM5_IRQHandler
                0x080071f8                DMA2_Stream7_IRQHandler
                0x080071f8                I2C3_EV_IRQHandler
                0x080071f8                EXTI9_5_IRQHandler
                0x080071f8                RTC_WKUP_IRQHandler
                0x080071f8                ETH_WKUP_IRQHandler
                0x080071f8                SPI2_IRQHandler
                0x080071f8                OTG_HS_EP1_IN_IRQHandler
                0x080071f8                DMA1_Stream0_IRQHandler
                0x080071f8                CAN1_TX_IRQHandler
                0x080071f8                EXTI4_IRQHandler
                0x080071f8                FSMC_IRQHandler
                0x080071f8                ETH_IRQHandler
                0x080071f8                OTG_HS_EP1_OUT_IRQHandler
                0x080071f8                WWDG_IRQHandler
                0x080071f8                OTG_FS_WKUP_IRQHandler
                0x080071f8                TIM1_TRG_COM_TIM11_IRQHandler
                0x080071f8                OTG_HS_IRQHandler
                0x080071f8                EXTI1_IRQHandler
                0x080071f8                I2C2_ER_IRQHandler
                0x080071f8                DMA2_Stream1_IRQHandler
                0x080071f8                CAN1_SCE_IRQHandler
                0x080071f8                FLASH_IRQHandler
                0x080071f8                DMA2_Stream4_IRQHandler
                0x080071f8                USART1_IRQHandler
                0x080071f8                OTG_FS_IRQHandler
                0x080071f8                SPI3_IRQHandler
                0x080071f8                DMA1_Stream4_IRQHandler
                0x080071f8                I2C1_ER_IRQHandler
                0x080071f8                DMA2_Stream6_IRQHandler
                0x080071f8                DMA1_Stream3_IRQHandler
 .text.memset   0x080071fa       0x10 D:/DATN/00_MainFolder/00_FirmwaveSTM32/InvertedPendulum/Tool/ArmGnuToolchain/bin/../lib/gcc/arm-none-eabi/14.2.1/thumb/v7e-m+fp/hard\libc_nano.a(libc_a-memset.o)
                0x080071fa                memset
 *fill*         0x0800720a        0x2 
 .text.__libc_init_array
                0x0800720c       0x48 D:/DATN/00_MainFolder/00_FirmwaveSTM32/InvertedPendulum/Tool/ArmGnuToolchain/bin/../lib/gcc/arm-none-eabi/14.2.1/thumb/v7e-m+fp/hard\libc_nano.a(libc_a-init.o)
                0x0800720c                __libc_init_array
 .text.memcpy   0x08007254       0x1c D:/DATN/00_MainFolder/00_FirmwaveSTM32/InvertedPendulum/Tool/ArmGnuToolchain/bin/../lib/gcc/arm-none-eabi/14.2.1/thumb/v7e-m+fp/hard\libc_nano.a(libc_a-memcpy-stub.o)
                0x08007254                memcpy
 .text.arm_biquad_cascade_df2T_f32
                0x08007270      0x378 Middlewares/ST/ARM/DSP/Lib/libarm_cortexM4lf_math.a(arm_biquad_cascade_df2t_f32.o)
                0x08007270                arm_biquad_cascade_df2T_f32
 .text.arm_biquad_cascade_df2T_init_f32
                0x080075e8       0x18 Middlewares/ST/ARM/DSP/Lib/libarm_cortexM4lf_math.a(arm_biquad_cascade_df2t_init_f32.o)
                0x080075e8                arm_biquad_cascade_df2T_init_f32
 .text.arm_sin_f32
                0x08007600       0x8c Middlewares/ST/ARM/DSP/Lib/libarm_cortexM4lf_math.a(arm_sin_f32.o)
                0x08007600                arm_sin_f32
 .text.arm_cos_f32
                0x0800768c       0x94 Middlewares/ST/ARM/DSP/Lib/libarm_cortexM4lf_math.a(arm_cos_f32.o)
                0x0800768c                arm_cos_f32
 .text.__udivmoddi4
                0x08007720      0x2f8 D:/DATN/00_MainFolder/00_FirmwaveSTM32/InvertedPendulum/Tool/ArmGnuToolchain/bin/../lib/gcc/arm-none-eabi/14.2.1/thumb/v7e-m+fp/hard\libgcc.a(_udivmoddi4.o)
                0x08007720                __udivmoddi4
 *(.glue_7)
 .glue_7        0x08007a18        0x0 linker stubs
 *(.glue_7t)
 .glue_7t       0x08007a18        0x0 linker stubs
 *(.eh_frame)
 .eh_frame      0x08007a18        0x0 D:/DATN/00_MainFolder/00_FirmwaveSTM32/InvertedPendulum/Tool/ArmGnuToolchain/bin/../lib/gcc/arm-none-eabi/14.2.1/thumb/v7e-m+fp/hard/crtbegin.o
 *(.init)
 .init          0x08007a18        0x4 D:/DATN/00_MainFolder/00_FirmwaveSTM32/InvertedPendulum/Tool/ArmGnuToolchain/bin/../lib/gcc/arm-none-eabi/14.2.1/thumb/v7e-m+fp/hard/crti.o
                0x08007a18                _init
 .init          0x08007a1c        0x8 D:/DATN/00_MainFolder/00_FirmwaveSTM32/InvertedPendulum/Tool/ArmGnuToolchain/bin/../lib/gcc/arm-none-eabi/14.2.1/thumb/v7e-m+fp/hard/crtn.o
 *(.fini)
 .fini          0x08007a24        0x4 D:/DATN/00_MainFolder/00_FirmwaveSTM32/InvertedPendulum/Tool/ArmGnuToolchain/bin/../lib/gcc/arm-none-eabi/14.2.1/thumb/v7e-m+fp/hard/crti.o
                0x08007a24                _fini
 .fini          0x08007a28        0x8 D:/DATN/00_MainFolder/00_FirmwaveSTM32/InvertedPendulum/Tool/ArmGnuToolchain/bin/../lib/gcc/arm-none-eabi/14.2.1/thumb/v7e-m+fp/hard/crtn.o
                0x08007a30                        . = ALIGN (0x4)
                0x08007a30                        _etext = .

.vfp11_veneer   0x08007a30        0x0
 .vfp11_veneer  0x08007a30        0x0 linker stubs

.v4_bx          0x08007a30        0x0
 .v4_bx         0x08007a30        0x0 linker stubs

.iplt           0x08007a30        0x0
 .iplt          0x08007a30        0x0 D:/DATN/00_MainFolder/00_FirmwaveSTM32/InvertedPendulum/Tool/ArmGnuToolchain/bin/../lib/gcc/arm-none-eabi/14.2.1/thumb/v7e-m+fp/hard/crtbegin.o

.rodata         0x08007a30      0x91c
                0x08007a30                        . = ALIGN (0x4)
 *(.rodata)
 *(.rodata*)
 .rodata.flagBitshiftOffset.0
                0x08007a30        0x8 build/stm32f4xx_hal_dma.o
 .rodata.APBPrescTable
                0x08007a38        0x8 build/system_stm32f4xx.o
                0x08007a38                APBPrescTable
 .rodata.AHBPrescTable
                0x08007a40       0x10 build/system_stm32f4xx.o
                0x08007a40                AHBPrescTable
 .rodata.vTaskStartScheduler.str1.4
                0x08007a50       0x72 build/tasks.o
                                  0x5 (size before relaxing)
 *fill*         0x08007ac2        0x2 
 .rodata.uxTopUsedPriority
                0x08007ac4        0x4 build/tasks.o
                0x08007ac4                uxTopUsedPriority
 .rodata.prvCheckForValidListAndQueue.str1.4
                0x08007ac8        0x5 build/timers.o
 .rodata.xTimerCreateTimerTask.str1.4
                0x08007ac8        0x8 build/timers.o
 .rodata._ftoa.str1.4
                0x08007ac8       0x15 build/printf.o
 .rodata.pow10.0
                0x08007ac8       0x50 build/printf.o
 .rodata.time_evt.0
                0x08007b18        0x2 build/timer.o
 *fill*         0x08007b1a        0x2 
 .rodata.time_evt.1
                0x08007b1c        0x2 build/timer.o
 *fill*         0x08007b1e        0x2 
 .rodata.sensor_event.0
                0x08007b20        0x2 build/usart.o
 *fill*         0x08007b22        0x2 
 .rodata.motor_sended_event.1
                0x08007b24        0x2 build/usart.o
 .rodata.start.str1.4
                0x08007b26        0xd build/ActiveObject.o
 *fill*         0x08007b26        0x2 
 .rodata.initEvt.0
                0x08007b28        0x2 build/ActiveObject.o
 *fill*         0x08007b2a        0x2 
 .rodata.entry_evt.1
                0x08007b2c        0x2 build/ActiveObject.o
 *fill*         0x08007b2e        0x2 
 .rodata.entry_evt.2
                0x08007b30        0x2 build/ActiveObject.o
 *fill*         0x08007b32        0x2 
 .rodata.exit_evt.3
                0x08007b34        0x2 build/ActiveObject.o
 .rodata.wait.str1.4
                0x08007b36       0x26 build/Computer.o
 *fill*         0x08007b36        0x2 
 .rodata.Computer
                0x08007b38        0x4 build/Computer.o
                0x08007b38                Computer
 .rodata.stateEvent.0
                0x08007b3c        0x2 build/Estimator.o
 *fill*         0x08007b3e        0x2 
 .rodata.Estimator
                0x08007b40        0x4 build/Estimator.o
                0x08007b40                Estimator
 .rodata.setVoltage.str1.4
                0x08007b44        0xa build/Motor.o
 .rodata.Motor  0x08007b44        0x4 build/Motor.o
                0x08007b44                Motor
 .rodata.sinTable_f32
                0x08007b48      0x804 Middlewares/ST/ARM/DSP/Lib/libarm_cortexM4lf_math.a(arm_common_tables.o)
                0x08007b48                sinTable_f32
                0x0800834c                        . = ALIGN (0x4)

.ARM.extab
 *(.ARM.extab* .gnu.linkonce.armextab.*)

.ARM            0x0800834c        0x8
                0x0800834c                        __exidx_start = .
 *(.ARM.exidx*)
 .ARM.exidx     0x0800834c        0x8 D:/DATN/00_MainFolder/00_FirmwaveSTM32/InvertedPendulum/Tool/ArmGnuToolchain/bin/../lib/gcc/arm-none-eabi/14.2.1/thumb/v7e-m+fp/hard\libc_nano.a(libc_a-strlen.o)
 .ARM.exidx.text.__udivmoddi4
                0x08008354        0x0 D:/DATN/00_MainFolder/00_FirmwaveSTM32/InvertedPendulum/Tool/ArmGnuToolchain/bin/../lib/gcc/arm-none-eabi/14.2.1/thumb/v7e-m+fp/hard\libgcc.a(_udivmoddi4.o)
                                  0x8 (size before relaxing)
                0x08008354                        __exidx_end = .

.rel.dyn        0x08008354        0x0
 .rel.iplt      0x08008354        0x0 D:/DATN/00_MainFolder/00_FirmwaveSTM32/InvertedPendulum/Tool/ArmGnuToolchain/bin/../lib/gcc/arm-none-eabi/14.2.1/thumb/v7e-m+fp/hard/crtbegin.o

.preinit_array  0x08008354        0x0
                0x08008354                        PROVIDE (__preinit_array_start = .)
 *(.preinit_array*)
                0x08008354                        PROVIDE (__preinit_array_end = .)

.init_array     0x08008354        0x4
                0x08008354                        PROVIDE (__init_array_start = .)
 *(SORT_BY_NAME(.init_array.*))
 *(.init_array*)
 .init_array    0x08008354        0x4 D:/DATN/00_MainFolder/00_FirmwaveSTM32/InvertedPendulum/Tool/ArmGnuToolchain/bin/../lib/gcc/arm-none-eabi/14.2.1/thumb/v7e-m+fp/hard/crtbegin.o
                0x08008358                        PROVIDE (__init_array_end = .)

.fini_array     0x08008358        0x4
                [!provide]                        PROVIDE (__fini_array_start = .)
 *(SORT_BY_NAME(.fini_array.*))
 *(.fini_array*)
 .fini_array    0x08008358        0x4 D:/DATN/00_MainFolder/00_FirmwaveSTM32/InvertedPendulum/Tool/ArmGnuToolchain/bin/../lib/gcc/arm-none-eabi/14.2.1/thumb/v7e-m+fp/hard/crtbegin.o
                [!provide]                        PROVIDE (__fini_array_end = .)
                0x0800835c                        _sidata = LOADADDR (.data)

.data           0x20000000       0x5c load address 0x0800835c
                0x20000000                        . = ALIGN (0x4)
                0x20000000                        _sdata = .
 *(.data)
 *(.data*)
 .data.uwTickFreq
                0x20000000        0x1 build/stm32f4xx_hal.o
                0x20000000                uwTickFreq
 *fill*         0x20000001        0x3 
 .data.uwTickPrio
                0x20000004        0x4 build/stm32f4xx_hal.o
                0x20000004                uwTickPrio
 .data.SystemCoreClock
                0x20000008        0x4 build/system_stm32f4xx.o
                0x20000008                SystemCoreClock
 .data.uxCriticalNesting
                0x2000000c        0x4 build/port.o
 .data.recivedMsg
                0x20000010        0xd build/usart.o
                0x20000010                recivedMsg
 *fill*         0x2000001d        0x3 
 .data.CurrentCoefficients
                0x20000020       0x14 build/Butter_Worth.o
                0x20000020                CurrentCoefficients
 .data.PendulumCoefficients
                0x20000034       0x14 build/Butter_Worth.o
                0x20000034                PendulumCoefficients
 .data.MotorCoefficients
                0x20000048       0x14 build/Butter_Worth.o
                0x20000048                MotorCoefficients
                0x2000005c                        . = ALIGN (0x4)
                0x2000005c                        _edata = .
                0x080083b8                        _siccmram = LOADADDR (.ccmram)

.tm_clone_table
                0x2000005c        0x0 load address 0x080083b8
 .tm_clone_table
                0x2000005c        0x0 D:/DATN/00_MainFolder/00_FirmwaveSTM32/InvertedPendulum/Tool/ArmGnuToolchain/bin/../lib/gcc/arm-none-eabi/14.2.1/thumb/v7e-m+fp/hard/crtbegin.o
 .tm_clone_table
                0x2000005c        0x0 D:/DATN/00_MainFolder/00_FirmwaveSTM32/InvertedPendulum/Tool/ArmGnuToolchain/bin/../lib/gcc/arm-none-eabi/14.2.1/thumb/v7e-m+fp/hard/crtend.o

.igot.plt       0x2000005c        0x0 load address 0x080083b8
 .igot.plt      0x2000005c        0x0 D:/DATN/00_MainFolder/00_FirmwaveSTM32/InvertedPendulum/Tool/ArmGnuToolchain/bin/../lib/gcc/arm-none-eabi/14.2.1/thumb/v7e-m+fp/hard/crtbegin.o

.ccmram         0x10000000        0x0 load address 0x080083b8
                0x10000000                        . = ALIGN (0x4)
                0x10000000                        _sccmram = .
 *(.ccmram)
 *(.ccmram*)
                0x10000000                        . = ALIGN (0x4)
                0x10000000                        _eccmram = .
                0x10000000                        . = ALIGN (0x4)

.bss            0x2000005c    0x146ac
                0x2000005c                        _sbss = .
                0x2000005c                        __bss_start__ = _sbss
 *(.bss)
 *(.bss*)
 .bss.completed.1
                0x2000005c        0x1 D:/DATN/00_MainFolder/00_FirmwaveSTM32/InvertedPendulum/Tool/ArmGnuToolchain/bin/../lib/gcc/arm-none-eabi/14.2.1/thumb/v7e-m+fp/hard/crtbegin.o
 *fill*         0x2000005d        0x3 
 .bss.object.0  0x20000060       0x18 D:/DATN/00_MainFolder/00_FirmwaveSTM32/InvertedPendulum/Tool/ArmGnuToolchain/bin/../lib/gcc/arm-none-eabi/14.2.1/thumb/v7e-m+fp/hard/crtbegin.o
 .bss.motor     0x20000078       0xec build/main.o
 .bss.estimator
                0x20000164       0xe8 build/main.o
 .bss.computer  0x2000024c       0xe4 build/main.o
 .bss.huart3    0x20000330       0x48 build/main.o
                0x20000330                huart3
 .bss.huart2    0x20000378       0x48 build/main.o
                0x20000378                huart2
 .bss.htim7     0x200003c0       0x48 build/main.o
                0x200003c0                htim7
 .bss.htim6     0x20000408       0x48 build/main.o
                0x20000408                htim6
 .bss.htim3     0x20000450       0x48 build/main.o
                0x20000450                htim3
 .bss.htim2     0x20000498       0x48 build/main.o
                0x20000498                htim2
 .bss.hdma_adc1
                0x200004e0       0x60 build/main.o
                0x200004e0                hdma_adc1
 .bss.hadc1     0x20000540       0x48 build/main.o
                0x20000540                hadc1
 .bss.uwTick    0x20000588        0x4 build/stm32f4xx_hal.o
                0x20000588                uwTick
 .bss.xQueueRegistry
                0x2000058c       0x40 build/queue.o
                0x2000058c                xQueueRegistry
 .bss.uxSchedulerSuspended
                0x200005cc        0x4 build/tasks.o
 .bss.xIdleTaskHandle
                0x200005d0        0x4 build/tasks.o
 .bss.xNextTaskUnblockTime
                0x200005d4        0x4 build/tasks.o
 .bss.uxTaskNumber
                0x200005d8        0x4 build/tasks.o
 .bss.xNumOfOverflows
                0x200005dc        0x4 build/tasks.o
 .bss.xYieldPending
                0x200005e0        0x4 build/tasks.o
 .bss.xPendedTicks
                0x200005e4        0x4 build/tasks.o
 .bss.xSchedulerRunning
                0x200005e8        0x4 build/tasks.o
 .bss.uxTopReadyPriority
                0x200005ec        0x4 build/tasks.o
 .bss.xTickCount
                0x200005f0        0x4 build/tasks.o
 .bss.uxCurrentNumberOfTasks
                0x200005f4        0x4 build/tasks.o
 .bss.xSuspendedTaskList
                0x200005f8       0x14 build/tasks.o
 .bss.uxDeletedTasksWaitingCleanUp
                0x2000060c        0x4 build/tasks.o
 .bss.xTasksWaitingTermination
                0x20000610       0x14 build/tasks.o
 .bss.xPendingReadyList
                0x20000624       0x14 build/tasks.o
 .bss.pxOverflowDelayedTaskList
                0x20000638        0x4 build/tasks.o
 .bss.pxDelayedTaskList
                0x2000063c        0x4 build/tasks.o
 .bss.xDelayedTaskList2
                0x20000640       0x14 build/tasks.o
 .bss.xDelayedTaskList1
                0x20000654       0x14 build/tasks.o
 .bss.pxReadyTasksLists
                0x20000668       0x64 build/tasks.o
 .bss.pxCurrentTCB
                0x200006cc        0x4 build/tasks.o
                0x200006cc                pxCurrentTCB
 .bss.xLastTime.0
                0x200006d0        0x4 build/timers.o
 .bss.xTimerTaskHandle
                0x200006d4        0x4 build/timers.o
 .bss.xTimerQueue
                0x200006d8        0x4 build/timers.o
 .bss.pxOverflowTimerList
                0x200006dc        0x4 build/timers.o
 .bss.pxCurrentTimerList
                0x200006e0        0x4 build/timers.o
 .bss.xActiveTimerList2
                0x200006e4       0x14 build/timers.o
 .bss.xActiveTimerList1
                0x200006f8       0x14 build/timers.o
 .bss.ulMaxPRIGROUPValue
                0x2000070c        0x4 build/port.o
 .bss.ucMaxSysCallPriority
                0x20000710        0x1 build/port.o
 *fill*         0x20000711        0x3 
 .bss.xNumberOfSuccessfulFrees
                0x20000714        0x4 build/heap_4.o
 .bss.xNumberOfSuccessfulAllocations
                0x20000718        0x4 build/heap_4.o
 .bss.xMinimumEverFreeBytesRemaining
                0x2000071c        0x4 build/heap_4.o
 .bss.xFreeBytesRemaining
                0x20000720        0x4 build/heap_4.o
 .bss.pxEnd     0x20000724        0x4 build/heap_4.o
 .bss.xStart    0x20000728        0x8 build/heap_4.o
 .bss.ucHeap    0x20000730    0x12c00 build/heap_4.o
 .bss.adcBuffer
                0x20013330     0x1000 build/adc.o
                0x20013330                adcBuffer
 .bss.sensorTopic
                0x20014330        0xc build/timer.o
                0x20014330                sensorTopic
 .bss.stateTopic.2
                0x2001433c       0x78 build/usart.o
 .bss.signalControlTopic.0
                0x200143b4       0x14 build/Computer.o
 .bss.stateTopic.1
                0x200143c8       0x78 build/Computer.o
 .bss.tx_data   0x20014440       0xfa build/Computer.o
 .bss.rxByte    0x2001453a        0x1 build/Computer.o
                0x2001453a                rxByte
 *fill*         0x2001453b        0x1 
 .bss.computer  0x2001453c        0x4 build/Computer.o
                0x2001453c                computer
 .bss.AO_Computer
                0x20014540        0x4 build/Computer.o
                0x20014540                AO_Computer
 .bss.stateTopic.1
                0x20014544       0x78 build/Estimator.o
 .bss.sensorTopic.2
                0x200145bc        0xc build/Estimator.o
 .bss.estimator
                0x200145c8        0x4 build/Estimator.o
                0x200145c8                estimator
 .bss.AO_Estimator
                0x200145cc        0x4 build/Estimator.o
                0x200145cc                AO_Estimator
 .bss.Iterm.0   0x200145d0        0x4 build/Motor.o
 .bss.pre_x_error.1
                0x200145d4        0x4 build/Motor.o
 .bss.signalControlTopic.2
                0x200145d8       0x14 build/Motor.o
 .bss.stateTopic.3
                0x200145ec       0x78 build/Motor.o
 .bss.setPoint  0x20014664       0x78 build/Motor.o
                0x20014664                setPoint
 .bss.t         0x200146dc        0x4 build/Motor.o
                0x200146dc                t
 .bss.tx_data   0x200146e0       0x19 build/Motor.o
                0x200146e0                tx_data
 *fill*         0x200146f9        0x3 
 .bss.motor     0x200146fc        0x4 build/Motor.o
                0x200146fc                motor
 .bss.AO_Motor  0x20014700        0x4 build/Motor.o
                0x20014700                AO_Motor
 .bss.vol       0x20014704        0x4 build/dsp.o
                0x20014704                vol
 *(COMMON)
                0x20014708                        . = ALIGN (0x4)
                0x20014708                        _ebss = .
                0x20014708                        __bss_end__ = _ebss

._user_heap_stack
                0x20014708      0x600
                0x20014708                        . = ALIGN (0x8)
                [!provide]                        PROVIDE (end = .)
                0x20014708                        PROVIDE (_end = .)
                0x20014908                        . = (. + _Min_Heap_Size)
 *fill*         0x20014708      0x200 
                0x20014d08                        . = (. + _Min_Stack_Size)
 *fill*         0x20014908      0x400 
                0x20014d08                        . = ALIGN (0x8)

/DISCARD/
 libc.a(*)
 libm.a(*)
 libgcc.a(*)
OUTPUT(build/InvertedPendulum.elf elf32-littlearm)
LOAD linker stubs
LOAD D:/DATN/00_MainFolder/00_FirmwaveSTM32/InvertedPendulum/Tool/ArmGnuToolchain/bin/../lib/gcc/arm-none-eabi/14.2.1/thumb/v7e-m+fp/hard\libc.a
LOAD D:/DATN/00_MainFolder/00_FirmwaveSTM32/InvertedPendulum/Tool/ArmGnuToolchain/bin/../lib/gcc/arm-none-eabi/14.2.1/thumb/v7e-m+fp/hard\libm.a
LOAD D:/DATN/00_MainFolder/00_FirmwaveSTM32/InvertedPendulum/Tool/ArmGnuToolchain/bin/../lib/gcc/arm-none-eabi/14.2.1/thumb/v7e-m+fp/hard\libgcc.a

.ARM.attributes
                0x00000000       0x30
 .ARM.attributes
                0x00000000       0x22 D:/DATN/00_MainFolder/00_FirmwaveSTM32/InvertedPendulum/Tool/ArmGnuToolchain/bin/../lib/gcc/arm-none-eabi/14.2.1/thumb/v7e-m+fp/hard/crti.o
 .ARM.attributes
                0x00000022       0x34 D:/DATN/00_MainFolder/00_FirmwaveSTM32/InvertedPendulum/Tool/ArmGnuToolchain/bin/../lib/gcc/arm-none-eabi/14.2.1/thumb/v7e-m+fp/hard/crtbegin.o
 .ARM.attributes
                0x00000056       0x34 build/main.o
 .ARM.attributes
                0x0000008a       0x34 build/stm32f4xx_it.o
 .ARM.attributes
                0x000000be       0x34 build/stm32f4xx_hal_msp.o
 .ARM.attributes
                0x000000f2       0x34 build/stm32f4xx_hal_rcc.o
 .ARM.attributes
                0x00000126       0x34 build/stm32f4xx_hal_gpio.o
 .ARM.attributes
                0x0000015a       0x34 build/stm32f4xx_hal_dma.o
 .ARM.attributes
                0x0000018e       0x34 build/stm32f4xx_hal_cortex.o
 .ARM.attributes
                0x000001c2       0x34 build/stm32f4xx_hal.o
 .ARM.attributes
                0x000001f6       0x34 build/stm32f4xx_hal_tim.o
 .ARM.attributes
                0x0000022a       0x34 build/stm32f4xx_hal_tim_ex.o
 .ARM.attributes
                0x0000025e       0x34 build/stm32f4xx_hal_uart.o
 .ARM.attributes
                0x00000292       0x34 build/system_stm32f4xx.o
 .ARM.attributes
                0x000002c6       0x34 build/stm32f4xx_hal_adc.o
 .ARM.attributes
                0x000002fa       0x34 build/list.o
 .ARM.attributes
                0x0000032e       0x34 build/queue.o
 .ARM.attributes
                0x00000362       0x34 build/tasks.o
 .ARM.attributes
                0x00000396       0x34 build/timers.o
 .ARM.attributes
                0x000003ca       0x34 build/port.o
 .ARM.attributes
                0x000003fe       0x34 build/heap_4.o
 .ARM.attributes
                0x00000432       0x34 build/printf.o
 .ARM.attributes
                0x00000466       0x34 build/adc.o
 .ARM.attributes
                0x0000049a       0x34 build/timer.o
 .ARM.attributes
                0x000004ce       0x34 build/usart.o
 .ARM.attributes
                0x00000502       0x34 build/ActiveObject.o
 .ARM.attributes
                0x00000536       0x34 build/Computer.o
 .ARM.attributes
                0x0000056a       0x34 build/Estimator.o
 .ARM.attributes
                0x0000059e       0x34 build/Motor.o
 .ARM.attributes
                0x000005d2       0x34 build/Butter_Worth.o
 .ARM.attributes
                0x00000606       0x34 build/dsp.o
 .ARM.attributes
                0x0000063a       0x21 build/startup_stm32f407xx.o
 .ARM.attributes
                0x0000065b       0x34 D:/DATN/00_MainFolder/00_FirmwaveSTM32/InvertedPendulum/Tool/ArmGnuToolchain/bin/../lib/gcc/arm-none-eabi/14.2.1/thumb/v7e-m+fp/hard\libc_nano.a(libc_a-memset.o)
 .ARM.attributes
                0x0000068f       0x34 D:/DATN/00_MainFolder/00_FirmwaveSTM32/InvertedPendulum/Tool/ArmGnuToolchain/bin/../lib/gcc/arm-none-eabi/14.2.1/thumb/v7e-m+fp/hard\libc_nano.a(libc_a-init.o)
 .ARM.attributes
                0x000006c3       0x34 D:/DATN/00_MainFolder/00_FirmwaveSTM32/InvertedPendulum/Tool/ArmGnuToolchain/bin/../lib/gcc/arm-none-eabi/14.2.1/thumb/v7e-m+fp/hard\libc_nano.a(libc_a-memcpy-stub.o)
 .ARM.attributes
                0x000006f7       0x17 D:/DATN/00_MainFolder/00_FirmwaveSTM32/InvertedPendulum/Tool/ArmGnuToolchain/bin/../lib/gcc/arm-none-eabi/14.2.1/thumb/v7e-m+fp/hard\libc_nano.a(libc_a-strlen.o)
 .ARM.attributes
                0x0000070e       0x34 Middlewares/ST/ARM/DSP/Lib/libarm_cortexM4lf_math.a(arm_biquad_cascade_df2t_f32.o)
 .ARM.attributes
                0x00000742       0x34 Middlewares/ST/ARM/DSP/Lib/libarm_cortexM4lf_math.a(arm_biquad_cascade_df2t_init_f32.o)
 .ARM.attributes
                0x00000776       0x34 Middlewares/ST/ARM/DSP/Lib/libarm_cortexM4lf_math.a(arm_sin_f32.o)
 .ARM.attributes
                0x000007aa       0x34 Middlewares/ST/ARM/DSP/Lib/libarm_cortexM4lf_math.a(arm_cos_f32.o)
 .ARM.attributes
                0x000007de       0x39 Middlewares/ST/ARM/DSP/Lib/libarm_cortexM4lf_math.a(arm_common_tables.o)
 .ARM.attributes
                0x00000817       0x22 D:/DATN/00_MainFolder/00_FirmwaveSTM32/InvertedPendulum/Tool/ArmGnuToolchain/bin/../lib/gcc/arm-none-eabi/14.2.1/thumb/v7e-m+fp/hard\libgcc.a(_arm_addsubdf3.o)
 .ARM.attributes
                0x00000839       0x22 D:/DATN/00_MainFolder/00_FirmwaveSTM32/InvertedPendulum/Tool/ArmGnuToolchain/bin/../lib/gcc/arm-none-eabi/14.2.1/thumb/v7e-m+fp/hard\libgcc.a(_arm_muldivdf3.o)
 .ARM.attributes
                0x0000085b       0x22 D:/DATN/00_MainFolder/00_FirmwaveSTM32/InvertedPendulum/Tool/ArmGnuToolchain/bin/../lib/gcc/arm-none-eabi/14.2.1/thumb/v7e-m+fp/hard\libgcc.a(_arm_cmpdf2.o)
 .ARM.attributes
                0x0000087d       0x22 D:/DATN/00_MainFolder/00_FirmwaveSTM32/InvertedPendulum/Tool/ArmGnuToolchain/bin/../lib/gcc/arm-none-eabi/14.2.1/thumb/v7e-m+fp/hard\libgcc.a(_arm_fixdfsi.o)
 .ARM.attributes
                0x0000089f       0x22 D:/DATN/00_MainFolder/00_FirmwaveSTM32/InvertedPendulum/Tool/ArmGnuToolchain/bin/../lib/gcc/arm-none-eabi/14.2.1/thumb/v7e-m+fp/hard\libgcc.a(_arm_fixunsdfsi.o)
 .ARM.attributes
                0x000008c1       0x22 D:/DATN/00_MainFolder/00_FirmwaveSTM32/InvertedPendulum/Tool/ArmGnuToolchain/bin/../lib/gcc/arm-none-eabi/14.2.1/thumb/v7e-m+fp/hard\libgcc.a(_arm_truncdfsf2.o)
 .ARM.attributes
                0x000008e3       0x22 D:/DATN/00_MainFolder/00_FirmwaveSTM32/InvertedPendulum/Tool/ArmGnuToolchain/bin/../lib/gcc/arm-none-eabi/14.2.1/thumb/v7e-m+fp/hard\libgcc.a(_arm_addsubsf3.o)
 .ARM.attributes
                0x00000905       0x22 D:/DATN/00_MainFolder/00_FirmwaveSTM32/InvertedPendulum/Tool/ArmGnuToolchain/bin/../lib/gcc/arm-none-eabi/14.2.1/thumb/v7e-m+fp/hard\libgcc.a(_aeabi_uldivmod.o)
 .ARM.attributes
                0x00000927       0x34 D:/DATN/00_MainFolder/00_FirmwaveSTM32/InvertedPendulum/Tool/ArmGnuToolchain/bin/../lib/gcc/arm-none-eabi/14.2.1/thumb/v7e-m+fp/hard\libgcc.a(_udivmoddi4.o)
 .ARM.attributes
                0x0000095b       0x22 D:/DATN/00_MainFolder/00_FirmwaveSTM32/InvertedPendulum/Tool/ArmGnuToolchain/bin/../lib/gcc/arm-none-eabi/14.2.1/thumb/v7e-m+fp/hard\libgcc.a(_dvmd_tls.o)
 .ARM.attributes
                0x0000097d       0x34 D:/DATN/00_MainFolder/00_FirmwaveSTM32/InvertedPendulum/Tool/ArmGnuToolchain/bin/../lib/gcc/arm-none-eabi/14.2.1/thumb/v7e-m+fp/hard/crtend.o
 .ARM.attributes
                0x000009b1       0x22 D:/DATN/00_MainFolder/00_FirmwaveSTM32/InvertedPendulum/Tool/ArmGnuToolchain/bin/../lib/gcc/arm-none-eabi/14.2.1/thumb/v7e-m+fp/hard/crtn.o

.comment        0x00000000       0xbe
 .comment       0x00000000       0xbe build/main.o
                                 0x46 (size before relaxing)
 .comment       0x000000be       0x46 build/stm32f4xx_it.o
 .comment       0x000000be       0x46 build/stm32f4xx_hal_msp.o
 .comment       0x000000be       0x46 build/stm32f4xx_hal_rcc.o
 .comment       0x000000be       0x46 build/stm32f4xx_hal_gpio.o
 .comment       0x000000be       0x46 build/stm32f4xx_hal_dma.o
 .comment       0x000000be       0x46 build/stm32f4xx_hal_cortex.o
 .comment       0x000000be       0x46 build/stm32f4xx_hal.o
 .comment       0x000000be       0x46 build/stm32f4xx_hal_tim.o
 .comment       0x000000be       0x46 build/stm32f4xx_hal_tim_ex.o
 .comment       0x000000be       0x46 build/stm32f4xx_hal_uart.o
 .comment       0x000000be       0x46 build/system_stm32f4xx.o
 .comment       0x000000be       0x46 build/stm32f4xx_hal_adc.o
 .comment       0x000000be       0x46 build/list.o
 .comment       0x000000be       0x46 build/queue.o
 .comment       0x000000be       0x46 build/tasks.o
 .comment       0x000000be       0x46 build/timers.o
 .comment       0x000000be       0x46 build/port.o
 .comment       0x000000be       0x46 build/heap_4.o
 .comment       0x000000be       0x46 build/printf.o
 .comment       0x000000be       0x46 build/adc.o
 .comment       0x000000be       0x46 build/timer.o
 .comment       0x000000be       0x46 build/usart.o
 .comment       0x000000be       0x46 build/ActiveObject.o
 .comment       0x000000be       0x46 build/Computer.o
 .comment       0x000000be       0x46 build/Estimator.o
 .comment       0x000000be       0x46 build/Motor.o
 .comment       0x000000be       0x46 build/Butter_Worth.o
 .comment       0x000000be       0x46 build/dsp.o
 .comment       0x000000be       0x7a Middlewares/ST/ARM/DSP/Lib/libarm_cortexM4lf_math.a(arm_biquad_cascade_df2t_f32.o)
 .comment       0x000000be       0x7a Middlewares/ST/ARM/DSP/Lib/libarm_cortexM4lf_math.a(arm_biquad_cascade_df2t_init_f32.o)
 .comment       0x000000be       0x7a Middlewares/ST/ARM/DSP/Lib/libarm_cortexM4lf_math.a(arm_sin_f32.o)
 .comment       0x000000be       0x7a Middlewares/ST/ARM/DSP/Lib/libarm_cortexM4lf_math.a(arm_cos_f32.o)
 .comment       0x000000be       0x7a Middlewares/ST/ARM/DSP/Lib/libarm_cortexM4lf_math.a(arm_common_tables.o)

.debug_info     0x00000000    0x2e47f
 .debug_info    0x00000000     0x2a71 build/main.o
 .debug_info    0x00002a71      0xbfa build/stm32f4xx_it.o
 .debug_info    0x0000366b     0x1917 build/stm32f4xx_hal_msp.o
 .debug_info    0x00004f82      0xc0a build/stm32f4xx_hal_rcc.o
 .debug_info    0x00005b8c      0x848 build/stm32f4xx_hal_gpio.o
 .debug_info    0x000063d4      0xbce build/stm32f4xx_hal_dma.o
 .debug_info    0x00006fa2     0x11e0 build/stm32f4xx_hal_cortex.o
 .debug_info    0x00008182      0xafa build/stm32f4xx_hal.o
 .debug_info    0x00008c7c     0x41a0 build/stm32f4xx_hal_tim.o
 .debug_info    0x0000ce1c     0x1d97 build/stm32f4xx_hal_tim_ex.o
 .debug_info    0x0000ebb3     0x439d build/stm32f4xx_hal_uart.o
 .debug_info    0x00012f50      0x5b3 build/system_stm32f4xx.o
 .debug_info    0x00013503     0x1045 build/stm32f4xx_hal_adc.o
 .debug_info    0x00014548      0x30f build/list.o
 .debug_info    0x00014857     0x25ff build/queue.o
 .debug_info    0x00016e56     0x3398 build/tasks.o
 .debug_info    0x0001a1ee     0x14fb build/timers.o
 .debug_info    0x0001b6e9      0x5c2 build/port.o
 .debug_info    0x0001bcab      0x6e0 build/heap_4.o
 .debug_info    0x0001c38b     0x1c1e build/printf.o
 .debug_info    0x0001dfa9     0x1153 build/adc.o
 .debug_info    0x0001f0fc     0x12bc build/timer.o
 .debug_info    0x000203b8     0x1378 build/usart.o
 .debug_info    0x00021730      0xbca build/ActiveObject.o
 .debug_info    0x000222fa     0x1808 build/Computer.o
 .debug_info    0x00023b02     0x1a5d build/Estimator.o
 .debug_info    0x0002555f     0x1c86 build/Motor.o
 .debug_info    0x000271e5       0xd6 build/Butter_Worth.o
 .debug_info    0x000272bb      0xa3b build/dsp.o
 .debug_info    0x00027cf6       0x30 build/startup_stm32f407xx.o
 .debug_info    0x00027d26      0xc80 Middlewares/ST/ARM/DSP/Lib/libarm_cortexM4lf_math.a(arm_biquad_cascade_df2t_f32.o)
 .debug_info    0x000289a6      0xb6b Middlewares/ST/ARM/DSP/Lib/libarm_cortexM4lf_math.a(arm_biquad_cascade_df2t_init_f32.o)
 .debug_info    0x00029511     0x1874 Middlewares/ST/ARM/DSP/Lib/libarm_cortexM4lf_math.a(arm_sin_f32.o)
 .debug_info    0x0002ad85     0x1874 Middlewares/ST/ARM/DSP/Lib/libarm_cortexM4lf_math.a(arm_cos_f32.o)
 .debug_info    0x0002c5f9     0x1e86 Middlewares/ST/ARM/DSP/Lib/libarm_cortexM4lf_math.a(arm_common_tables.o)

.debug_abbrev   0x00000000     0x5856
 .debug_abbrev  0x00000000      0x373 build/main.o
 .debug_abbrev  0x00000373      0x1a0 build/stm32f4xx_it.o
 .debug_abbrev  0x00000513      0x27b build/stm32f4xx_hal_msp.o
 .debug_abbrev  0x0000078e      0x2de build/stm32f4xx_hal_rcc.o
 .debug_abbrev  0x00000a6c      0x22b build/stm32f4xx_hal_gpio.o
 .debug_abbrev  0x00000c97      0x2fe build/stm32f4xx_hal_dma.o
 .debug_abbrev  0x00000f95      0x3ca build/stm32f4xx_hal_cortex.o
 .debug_abbrev  0x0000135f      0x244 build/stm32f4xx_hal.o
 .debug_abbrev  0x000015a3      0x2bd build/stm32f4xx_hal_tim.o
 .debug_abbrev  0x00001860      0x2b7 build/stm32f4xx_hal_tim_ex.o
 .debug_abbrev  0x00001b17      0x36f build/stm32f4xx_hal_uart.o
 .debug_abbrev  0x00001e86      0x11b build/system_stm32f4xx.o
 .debug_abbrev  0x00001fa1      0x2c7 build/stm32f4xx_hal_adc.o
 .debug_abbrev  0x00002268      0x124 build/list.o
 .debug_abbrev  0x0000238c      0x39f build/queue.o
 .debug_abbrev  0x0000272b      0x403 build/tasks.o
 .debug_abbrev  0x00002b2e      0x33d build/timers.o
 .debug_abbrev  0x00002e6b      0x2af build/port.o
 .debug_abbrev  0x0000311a      0x2d5 build/heap_4.o
 .debug_abbrev  0x000033ef      0x3aa build/printf.o
 .debug_abbrev  0x00003799      0x25c build/adc.o
 .debug_abbrev  0x000039f5      0x247 build/timer.o
 .debug_abbrev  0x00003c3c      0x2c6 build/usart.o
 .debug_abbrev  0x00003f02      0x261 build/ActiveObject.o
 .debug_abbrev  0x00004163      0x31e build/Computer.o
 .debug_abbrev  0x00004481      0x33d build/Estimator.o
 .debug_abbrev  0x000047be      0x35b build/Motor.o
 .debug_abbrev  0x00004b19       0x5a build/Butter_Worth.o
 .debug_abbrev  0x00004b73      0x246 build/dsp.o
 .debug_abbrev  0x00004db9       0x1d build/startup_stm32f407xx.o
 .debug_abbrev  0x00004dd6      0x226 Middlewares/ST/ARM/DSP/Lib/libarm_cortexM4lf_math.a(arm_biquad_cascade_df2t_f32.o)
 .debug_abbrev  0x00004ffc      0x216 Middlewares/ST/ARM/DSP/Lib/libarm_cortexM4lf_math.a(arm_biquad_cascade_df2t_init_f32.o)
 .debug_abbrev  0x00005212      0x22c Middlewares/ST/ARM/DSP/Lib/libarm_cortexM4lf_math.a(arm_sin_f32.o)
 .debug_abbrev  0x0000543e      0x22c Middlewares/ST/ARM/DSP/Lib/libarm_cortexM4lf_math.a(arm_cos_f32.o)
 .debug_abbrev  0x0000566a      0x1ec Middlewares/ST/ARM/DSP/Lib/libarm_cortexM4lf_math.a(arm_common_tables.o)

.debug_loc      0x00000000    0x1cac8
 .debug_loc     0x00000000      0x26a build/main.o
 .debug_loc     0x0000026a       0xe0 build/stm32f4xx_it.o
 .debug_loc     0x0000034a      0x4df build/stm32f4xx_hal_msp.o
 .debug_loc     0x00000829      0x712 build/stm32f4xx_hal_rcc.o
 .debug_loc     0x00000f3b      0x60b build/stm32f4xx_hal_gpio.o
 .debug_loc     0x00001546      0xe9a build/stm32f4xx_hal_dma.o
 .debug_loc     0x000023e0      0x8ff build/stm32f4xx_hal_cortex.o
 .debug_loc     0x00002cdf      0x1f9 build/stm32f4xx_hal.o
 .debug_loc     0x00002ed8     0x60b5 build/stm32f4xx_hal_tim.o
 .debug_loc     0x00008f8d     0x2309 build/stm32f4xx_hal_tim_ex.o
 .debug_loc     0x0000b296     0x506e build/stm32f4xx_hal_uart.o
 .debug_loc     0x00010304      0x166 build/system_stm32f4xx.o
 .debug_loc     0x0001046a      0xfbf build/stm32f4xx_hal_adc.o
 .debug_loc     0x00011429       0xeb build/list.o
 .debug_loc     0x00011514     0x1dd6 build/queue.o
 .debug_loc     0x000132ea     0x31ae build/tasks.o
 .debug_loc     0x00016498     0x12b1 build/timers.o
 .debug_loc     0x00017749      0x1c6 build/port.o
 .debug_loc     0x0001790f      0x576 build/heap_4.o
 .debug_loc     0x00017e85     0x239d build/printf.o
 .debug_loc     0x0001a222       0xd3 build/adc.o
 .debug_loc     0x0001a2f5      0x135 build/timer.o
 .debug_loc     0x0001a42a      0x377 build/usart.o
 .debug_loc     0x0001a7a1      0x409 build/ActiveObject.o
 .debug_loc     0x0001abaa      0x406 build/Computer.o
 .debug_loc     0x0001afb0      0x2ad build/Estimator.o
 .debug_loc     0x0001b25d      0x66d build/Motor.o
 .debug_loc     0x0001b8ca      0x310 build/dsp.o
 .debug_loc     0x0001bbda      0xc1f Middlewares/ST/ARM/DSP/Lib/libarm_cortexM4lf_math.a(arm_biquad_cascade_df2t_f32.o)
 .debug_loc     0x0001c7f9       0xdb Middlewares/ST/ARM/DSP/Lib/libarm_cortexM4lf_math.a(arm_biquad_cascade_df2t_init_f32.o)
 .debug_loc     0x0001c8d4       0xfa Middlewares/ST/ARM/DSP/Lib/libarm_cortexM4lf_math.a(arm_sin_f32.o)
 .debug_loc     0x0001c9ce       0xfa Middlewares/ST/ARM/DSP/Lib/libarm_cortexM4lf_math.a(arm_cos_f32.o)

.debug_aranges  0x00000000     0x15b8
 .debug_aranges
                0x00000000       0x78 build/main.o
 .debug_aranges
                0x00000078       0x80 build/stm32f4xx_it.o
 .debug_aranges
                0x000000f8       0x60 build/stm32f4xx_hal_msp.o
 .debug_aranges
                0x00000158       0x88 build/stm32f4xx_hal_rcc.o
 .debug_aranges
                0x000001e0       0x58 build/stm32f4xx_hal_gpio.o
 .debug_aranges
                0x00000238       0x90 build/stm32f4xx_hal_dma.o
 .debug_aranges
                0x000002c8       0xf8 build/stm32f4xx_hal_cortex.o
 .debug_aranges
                0x000003c0       0xf0 build/stm32f4xx_hal.o
 .debug_aranges
                0x000004b0      0x3d0 build/stm32f4xx_hal_tim.o
 .debug_aranges
                0x00000880      0x168 build/stm32f4xx_hal_tim_ex.o
 .debug_aranges
                0x000009e8      0x208 build/stm32f4xx_hal_uart.o
 .debug_aranges
                0x00000bf0       0x28 build/system_stm32f4xx.o
 .debug_aranges
                0x00000c18       0xe8 build/stm32f4xx_hal_adc.o
 .debug_aranges
                0x00000d00       0x40 build/list.o
 .debug_aranges
                0x00000d40      0x130 build/queue.o
 .debug_aranges
                0x00000e70      0x1f8 build/tasks.o
 .debug_aranges
                0x00001068       0xe8 build/timers.o
 .debug_aranges
                0x00001150       0x80 build/port.o
 .debug_aranges
                0x000011d0       0x60 build/heap_4.o
 .debug_aranges
                0x00001230       0xa8 build/printf.o
 .debug_aranges
                0x000012d8       0x20 build/adc.o
 .debug_aranges
                0x000012f8       0x28 build/timer.o
 .debug_aranges
                0x00001320       0x38 build/usart.o
 .debug_aranges
                0x00001358       0x50 build/ActiveObject.o
 .debug_aranges
                0x000013a8       0x48 build/Computer.o
 .debug_aranges
                0x000013f0       0x40 build/Estimator.o
 .debug_aranges
                0x00001430       0x58 build/Motor.o
 .debug_aranges
                0x00001488       0x18 build/Butter_Worth.o
 .debug_aranges
                0x000014a0       0x58 build/dsp.o
 .debug_aranges
                0x000014f8       0x28 build/startup_stm32f407xx.o
 .debug_aranges
                0x00001520       0x20 Middlewares/ST/ARM/DSP/Lib/libarm_cortexM4lf_math.a(arm_biquad_cascade_df2t_f32.o)
 .debug_aranges
                0x00001540       0x20 Middlewares/ST/ARM/DSP/Lib/libarm_cortexM4lf_math.a(arm_biquad_cascade_df2t_init_f32.o)
 .debug_aranges
                0x00001560       0x20 Middlewares/ST/ARM/DSP/Lib/libarm_cortexM4lf_math.a(arm_sin_f32.o)
 .debug_aranges
                0x00001580       0x20 Middlewares/ST/ARM/DSP/Lib/libarm_cortexM4lf_math.a(arm_cos_f32.o)
 .debug_aranges
                0x000015a0       0x18 Middlewares/ST/ARM/DSP/Lib/libarm_cortexM4lf_math.a(arm_common_tables.o)

.debug_ranges   0x00000000     0x1888
 .debug_ranges  0x00000000       0x68 build/main.o
 .debug_ranges  0x00000068       0x70 build/stm32f4xx_it.o
 .debug_ranges  0x000000d8       0x50 build/stm32f4xx_hal_msp.o
 .debug_ranges  0x00000128       0x90 build/stm32f4xx_hal_rcc.o
 .debug_ranges  0x000001b8       0x48 build/stm32f4xx_hal_gpio.o
 .debug_ranges  0x00000200       0x80 build/stm32f4xx_hal_dma.o
 .debug_ranges  0x00000280       0xe8 build/stm32f4xx_hal_cortex.o
 .debug_ranges  0x00000368       0xe0 build/stm32f4xx_hal.o
 .debug_ranges  0x00000448      0x3c0 build/stm32f4xx_hal_tim.o
 .debug_ranges  0x00000808      0x158 build/stm32f4xx_hal_tim_ex.o
 .debug_ranges  0x00000960      0x210 build/stm32f4xx_hal_uart.o
 .debug_ranges  0x00000b70       0x18 build/system_stm32f4xx.o
 .debug_ranges  0x00000b88       0xd8 build/stm32f4xx_hal_adc.o
 .debug_ranges  0x00000c60       0x30 build/list.o
 .debug_ranges  0x00000c90      0x220 build/queue.o
 .debug_ranges  0x00000eb0      0x428 build/tasks.o
 .debug_ranges  0x000012d8       0xd8 build/timers.o
 .debug_ranges  0x000013b0       0x88 build/port.o
 .debug_ranges  0x00001438       0x50 build/heap_4.o
 .debug_ranges  0x00001488      0x190 build/printf.o
 .debug_ranges  0x00001618       0x28 build/adc.o
 .debug_ranges  0x00001640       0x18 build/timer.o
 .debug_ranges  0x00001658       0x40 build/usart.o
 .debug_ranges  0x00001698       0x40 build/ActiveObject.o
 .debug_ranges  0x000016d8       0x58 build/Computer.o
 .debug_ranges  0x00001730       0x48 build/Estimator.o
 .debug_ranges  0x00001778       0x68 build/Motor.o
 .debug_ranges  0x000017e0       0x48 build/dsp.o
 .debug_ranges  0x00001828       0x20 build/startup_stm32f407xx.o
 .debug_ranges  0x00001848       0x10 Middlewares/ST/ARM/DSP/Lib/libarm_cortexM4lf_math.a(arm_biquad_cascade_df2t_f32.o)
 .debug_ranges  0x00001858       0x10 Middlewares/ST/ARM/DSP/Lib/libarm_cortexM4lf_math.a(arm_biquad_cascade_df2t_init_f32.o)
 .debug_ranges  0x00001868       0x10 Middlewares/ST/ARM/DSP/Lib/libarm_cortexM4lf_math.a(arm_sin_f32.o)
 .debug_ranges  0x00001878       0x10 Middlewares/ST/ARM/DSP/Lib/libarm_cortexM4lf_math.a(arm_cos_f32.o)

.debug_line     0x00000000    0x19a2e
 .debug_line    0x00000000      0x9b8 build/main.o
 .debug_line    0x000009b8      0x325 build/stm32f4xx_it.o
 .debug_line    0x00000cdd      0x5c3 build/stm32f4xx_hal_msp.o
 .debug_line    0x000012a0      0xc02 build/stm32f4xx_hal_rcc.o
 .debug_line    0x00001ea2      0x72d build/stm32f4xx_hal_gpio.o
 .debug_line    0x000025cf      0xe58 build/stm32f4xx_hal_dma.o
 .debug_line    0x00003427      0x862 build/stm32f4xx_hal_cortex.o
 .debug_line    0x00003c89      0x59f build/stm32f4xx_hal.o
 .debug_line    0x00004228     0x475c build/stm32f4xx_hal_tim.o
 .debug_line    0x00008984     0x1a7f build/stm32f4xx_hal_tim_ex.o
 .debug_line    0x0000a403     0x34e0 build/stm32f4xx_hal_uart.o
 .debug_line    0x0000d8e3      0x285 build/system_stm32f4xx.o
 .debug_line    0x0000db68     0x10c2 build/stm32f4xx_hal_adc.o
 .debug_line    0x0000ec2a      0x390 build/list.o
 .debug_line    0x0000efba     0x1ba4 build/queue.o
 .debug_line    0x00010b5e     0x2949 build/tasks.o
 .debug_line    0x000134a7      0xbf9 build/timers.o
 .debug_line    0x000140a0      0x639 build/port.o
 .debug_line    0x000146d9      0x803 build/heap_4.o
 .debug_line    0x00014edc     0x127f build/printf.o
 .debug_line    0x0001615b      0x38d build/adc.o
 .debug_line    0x000164e8      0x3fa build/timer.o
 .debug_line    0x000168e2      0x635 build/usart.o
 .debug_line    0x00016f17      0x408 build/ActiveObject.o
 .debug_line    0x0001731f      0x4f3 build/Computer.o
 .debug_line    0x00017812      0x50f build/Estimator.o
 .debug_line    0x00017d21      0x648 build/Motor.o
 .debug_line    0x00018369       0x6c build/Butter_Worth.o
 .debug_line    0x000183d5      0x555 build/dsp.o
 .debug_line    0x0001892a       0x73 build/startup_stm32f407xx.o
 .debug_line    0x0001899d      0x750 Middlewares/ST/ARM/DSP/Lib/libarm_cortexM4lf_math.a(arm_biquad_cascade_df2t_f32.o)
 .debug_line    0x000190ed      0x23f Middlewares/ST/ARM/DSP/Lib/libarm_cortexM4lf_math.a(arm_biquad_cascade_df2t_init_f32.o)
 .debug_line    0x0001932c      0x284 Middlewares/ST/ARM/DSP/Lib/libarm_cortexM4lf_math.a(arm_sin_f32.o)
 .debug_line    0x000195b0      0x287 Middlewares/ST/ARM/DSP/Lib/libarm_cortexM4lf_math.a(arm_cos_f32.o)
 .debug_line    0x00019837      0x1f7 Middlewares/ST/ARM/DSP/Lib/libarm_cortexM4lf_math.a(arm_common_tables.o)

.debug_str      0x00000000     0x7b7b
 .debug_str     0x00000000     0x7b7b build/main.o
                               0x1b45 (size before relaxing)
 .debug_str     0x00007b7b      0xa34 build/stm32f4xx_it.o
 .debug_str     0x00007b7b     0x126b build/stm32f4xx_hal_msp.o
 .debug_str     0x00007b7b      0x6ee build/stm32f4xx_hal_rcc.o
 .debug_str     0x00007b7b      0x4c8 build/stm32f4xx_hal_gpio.o
 .debug_str     0x00007b7b      0x75e build/stm32f4xx_hal_dma.o
 .debug_str     0x00007b7b      0xc5d build/stm32f4xx_hal_cortex.o
 .debug_str     0x00007b7b      0xb4c build/stm32f4xx_hal.o
 .debug_str     0x00007b7b     0x16e7 build/stm32f4xx_hal_tim.o
 .debug_str     0x00007b7b      0xef3 build/stm32f4xx_hal_tim_ex.o
 .debug_str     0x00007b7b      0xd83 build/stm32f4xx_hal_uart.o
 .debug_str     0x00007b7b      0x35d build/system_stm32f4xx.o
 .debug_str     0x00007b7b      0x94a build/stm32f4xx_hal_adc.o
 .debug_str     0x00007b7b      0x2e7 build/list.o
 .debug_str     0x00007b7b      0xba2 build/queue.o
 .debug_str     0x00007b7b     0x11fd build/tasks.o
 .debug_str     0x00007b7b      0x931 build/timers.o
 .debug_str     0x00007b7b      0x463 build/port.o
 .debug_str     0x00007b7b      0x535 build/heap_4.o
 .debug_str     0x00007b7b      0x445 build/printf.o
 .debug_str     0x00007b7b      0xb52 build/adc.o
 .debug_str     0x00007b7b      0xcfb build/timer.o
 .debug_str     0x00007b7b      0xc55 build/usart.o
 .debug_str     0x00007b7b      0x596 build/ActiveObject.o
 .debug_str     0x00007b7b      0xd89 build/Computer.o
 .debug_str     0x00007b7b      0xfce build/Estimator.o
 .debug_str     0x00007b7b     0x1099 build/Motor.o
 .debug_str     0x00007b7b      0x1dd build/Butter_Worth.o
 .debug_str     0x00007b7b      0x593 build/dsp.o
 .debug_str     0x00007b7b       0x6a build/startup_stm32f407xx.o
 .debug_str     0x00007b7b      0x6ec Middlewares/ST/ARM/DSP/Lib/libarm_cortexM4lf_math.a(arm_biquad_cascade_df2t_f32.o)
 .debug_str     0x00007b7b      0x6e3 Middlewares/ST/ARM/DSP/Lib/libarm_cortexM4lf_math.a(arm_biquad_cascade_df2t_init_f32.o)
 .debug_str     0x00007b7b      0xfb7 Middlewares/ST/ARM/DSP/Lib/libarm_cortexM4lf_math.a(arm_sin_f32.o)
 .debug_str     0x00007b7b      0xfb7 Middlewares/ST/ARM/DSP/Lib/libarm_cortexM4lf_math.a(arm_cos_f32.o)
 .debug_str     0x00007b7b      0xf92 Middlewares/ST/ARM/DSP/Lib/libarm_cortexM4lf_math.a(arm_common_tables.o)

.debug_frame    0x00000000     0x3e18
 .debug_frame   0x00000000      0x16c build/main.o
 .debug_frame   0x0000016c      0x118 build/stm32f4xx_it.o
 .debug_frame   0x00000284      0x10c build/stm32f4xx_hal_msp.o
 .debug_frame   0x00000390      0x16c build/stm32f4xx_hal_rcc.o
 .debug_frame   0x000004fc       0xd8 build/stm32f4xx_hal_gpio.o
 .debug_frame   0x000005d4      0x188 build/stm32f4xx_hal_dma.o
 .debug_frame   0x0000075c      0x214 build/stm32f4xx_hal_cortex.o
 .debug_frame   0x00000970      0x1ec build/stm32f4xx_hal.o
 .debug_frame   0x00000b5c      0xb10 build/stm32f4xx_hal_tim.o
 .debug_frame   0x0000166c      0x418 build/stm32f4xx_hal_tim_ex.o
 .debug_frame   0x00001a84      0x5dc build/stm32f4xx_hal_uart.o
 .debug_frame   0x00002060       0x30 build/system_stm32f4xx.o
 .debug_frame   0x00002090      0x268 build/stm32f4xx_hal_adc.o
 .debug_frame   0x000022f8       0x70 build/list.o
 .debug_frame   0x00002368      0x3cc build/queue.o
 .debug_frame   0x00002734      0x658 build/tasks.o
 .debug_frame   0x00002d8c      0x2bc build/timers.o
 .debug_frame   0x00003048      0x110 build/port.o
 .debug_frame   0x00003158       0xec build/heap_4.o
 .debug_frame   0x00003244      0x2c8 build/printf.o
 .debug_frame   0x0000350c       0x30 build/adc.o
 .debug_frame   0x0000353c       0x50 build/timer.o
 .debug_frame   0x0000358c       0x9c build/usart.o
 .debug_frame   0x00003628       0xd0 build/ActiveObject.o
 .debug_frame   0x000036f8       0xc4 build/Computer.o
 .debug_frame   0x000037bc       0x80 build/Estimator.o
 .debug_frame   0x0000383c      0x100 build/Motor.o
 .debug_frame   0x0000393c       0xd0 build/dsp.o
 .debug_frame   0x00003a0c       0x20 D:/DATN/00_MainFolder/00_FirmwaveSTM32/InvertedPendulum/Tool/ArmGnuToolchain/bin/../lib/gcc/arm-none-eabi/14.2.1/thumb/v7e-m+fp/hard\libc_nano.a(libc_a-memset.o)
 .debug_frame   0x00003a2c       0x2c D:/DATN/00_MainFolder/00_FirmwaveSTM32/InvertedPendulum/Tool/ArmGnuToolchain/bin/../lib/gcc/arm-none-eabi/14.2.1/thumb/v7e-m+fp/hard\libc_nano.a(libc_a-init.o)
 .debug_frame   0x00003a58       0x28 D:/DATN/00_MainFolder/00_FirmwaveSTM32/InvertedPendulum/Tool/ArmGnuToolchain/bin/../lib/gcc/arm-none-eabi/14.2.1/thumb/v7e-m+fp/hard\libc_nano.a(libc_a-memcpy-stub.o)
 .debug_frame   0x00003a80       0x20 D:/DATN/00_MainFolder/00_FirmwaveSTM32/InvertedPendulum/Tool/ArmGnuToolchain/bin/../lib/gcc/arm-none-eabi/14.2.1/thumb/v7e-m+fp/hard\libc_nano.a(libc_a-strlen.o)
 .debug_frame   0x00003aa0       0x38 Middlewares/ST/ARM/DSP/Lib/libarm_cortexM4lf_math.a(arm_biquad_cascade_df2t_f32.o)
 .debug_frame   0x00003ad8       0x28 Middlewares/ST/ARM/DSP/Lib/libarm_cortexM4lf_math.a(arm_biquad_cascade_df2t_init_f32.o)
 .debug_frame   0x00003b00       0x20 Middlewares/ST/ARM/DSP/Lib/libarm_cortexM4lf_math.a(arm_sin_f32.o)
 .debug_frame   0x00003b20       0x20 Middlewares/ST/ARM/DSP/Lib/libarm_cortexM4lf_math.a(arm_cos_f32.o)
 .debug_frame   0x00003b40       0xac D:/DATN/00_MainFolder/00_FirmwaveSTM32/InvertedPendulum/Tool/ArmGnuToolchain/bin/../lib/gcc/arm-none-eabi/14.2.1/thumb/v7e-m+fp/hard\libgcc.a(_arm_addsubdf3.o)
 .debug_frame   0x00003bec       0x50 D:/DATN/00_MainFolder/00_FirmwaveSTM32/InvertedPendulum/Tool/ArmGnuToolchain/bin/../lib/gcc/arm-none-eabi/14.2.1/thumb/v7e-m+fp/hard\libgcc.a(_arm_muldivdf3.o)
 .debug_frame   0x00003c3c       0xc4 D:/DATN/00_MainFolder/00_FirmwaveSTM32/InvertedPendulum/Tool/ArmGnuToolchain/bin/../lib/gcc/arm-none-eabi/14.2.1/thumb/v7e-m+fp/hard\libgcc.a(_arm_cmpdf2.o)
 .debug_frame   0x00003d00       0x24 D:/DATN/00_MainFolder/00_FirmwaveSTM32/InvertedPendulum/Tool/ArmGnuToolchain/bin/../lib/gcc/arm-none-eabi/14.2.1/thumb/v7e-m+fp/hard\libgcc.a(_arm_fixdfsi.o)
 .debug_frame   0x00003d24       0x24 D:/DATN/00_MainFolder/00_FirmwaveSTM32/InvertedPendulum/Tool/ArmGnuToolchain/bin/../lib/gcc/arm-none-eabi/14.2.1/thumb/v7e-m+fp/hard\libgcc.a(_arm_fixunsdfsi.o)
 .debug_frame   0x00003d48       0x24 D:/DATN/00_MainFolder/00_FirmwaveSTM32/InvertedPendulum/Tool/ArmGnuToolchain/bin/../lib/gcc/arm-none-eabi/14.2.1/thumb/v7e-m+fp/hard\libgcc.a(_arm_truncdfsf2.o)
 .debug_frame   0x00003d6c       0x4c D:/DATN/00_MainFolder/00_FirmwaveSTM32/InvertedPendulum/Tool/ArmGnuToolchain/bin/../lib/gcc/arm-none-eabi/14.2.1/thumb/v7e-m+fp/hard\libgcc.a(_arm_addsubsf3.o)
 .debug_frame   0x00003db8       0x2c D:/DATN/00_MainFolder/00_FirmwaveSTM32/InvertedPendulum/Tool/ArmGnuToolchain/bin/../lib/gcc/arm-none-eabi/14.2.1/thumb/v7e-m+fp/hard\libgcc.a(_aeabi_uldivmod.o)
 .debug_frame   0x00003de4       0x34 D:/DATN/00_MainFolder/00_FirmwaveSTM32/InvertedPendulum/Tool/ArmGnuToolchain/bin/../lib/gcc/arm-none-eabi/14.2.1/thumb/v7e-m+fp/hard\libgcc.a(_udivmoddi4.o)

.debug_line_str
                0x00000000      0x1e2
 .debug_line_str
                0x00000000      0x1e2 D:/DATN/00_MainFolder/00_FirmwaveSTM32/InvertedPendulum/Tool/ArmGnuToolchain/bin/../lib/gcc/arm-none-eabi/14.2.1/thumb/v7e-m+fp/hard\libc_nano.a(libc_a-strlen.o)
                                 0xef (size before relaxing)
 .debug_line_str
                0x000001e2       0xd2 D:/DATN/00_MainFolder/00_FirmwaveSTM32/InvertedPendulum/Tool/ArmGnuToolchain/bin/../lib/gcc/arm-none-eabi/14.2.1/thumb/v7e-m+fp/hard\libgcc.a(_arm_addsubdf3.o)
 .debug_line_str
                0x000001e2       0xd2 D:/DATN/00_MainFolder/00_FirmwaveSTM32/InvertedPendulum/Tool/ArmGnuToolchain/bin/../lib/gcc/arm-none-eabi/14.2.1/thumb/v7e-m+fp/hard\libgcc.a(_arm_muldivdf3.o)
 .debug_line_str
                0x000001e2       0xd2 D:/DATN/00_MainFolder/00_FirmwaveSTM32/InvertedPendulum/Tool/ArmGnuToolchain/bin/../lib/gcc/arm-none-eabi/14.2.1/thumb/v7e-m+fp/hard\libgcc.a(_arm_cmpdf2.o)
 .debug_line_str
                0x000001e2       0xd2 D:/DATN/00_MainFolder/00_FirmwaveSTM32/InvertedPendulum/Tool/ArmGnuToolchain/bin/../lib/gcc/arm-none-eabi/14.2.1/thumb/v7e-m+fp/hard\libgcc.a(_arm_fixdfsi.o)
 .debug_line_str
                0x000001e2       0xd2 D:/DATN/00_MainFolder/00_FirmwaveSTM32/InvertedPendulum/Tool/ArmGnuToolchain/bin/../lib/gcc/arm-none-eabi/14.2.1/thumb/v7e-m+fp/hard\libgcc.a(_arm_fixunsdfsi.o)
 .debug_line_str
                0x000001e2       0xd2 D:/DATN/00_MainFolder/00_FirmwaveSTM32/InvertedPendulum/Tool/ArmGnuToolchain/bin/../lib/gcc/arm-none-eabi/14.2.1/thumb/v7e-m+fp/hard\libgcc.a(_arm_truncdfsf2.o)
 .debug_line_str
                0x000001e2       0xd2 D:/DATN/00_MainFolder/00_FirmwaveSTM32/InvertedPendulum/Tool/ArmGnuToolchain/bin/../lib/gcc/arm-none-eabi/14.2.1/thumb/v7e-m+fp/hard\libgcc.a(_arm_addsubsf3.o)
 .debug_line_str
                0x000001e2       0xcd D:/DATN/00_MainFolder/00_FirmwaveSTM32/InvertedPendulum/Tool/ArmGnuToolchain/bin/../lib/gcc/arm-none-eabi/14.2.1/thumb/v7e-m+fp/hard\libgcc.a(_aeabi_uldivmod.o)
 .debug_line_str
                0x000001e2       0xd1 D:/DATN/00_MainFolder/00_FirmwaveSTM32/InvertedPendulum/Tool/ArmGnuToolchain/bin/../lib/gcc/arm-none-eabi/14.2.1/thumb/v7e-m+fp/hard\libgcc.a(_dvmd_tls.o)

Cross Reference Table

Symbol                                            File
ADC_IRQHandler                                    build/startup_stm32f407xx.o
AHBPrescTable                                     build/system_stm32f4xx.o
                                                  build/stm32f4xx_hal_rcc.o
AO_Computer                                       build/Computer.o
                                                  build/usart.o
AO_Estimator                                      build/Estimator.o
                                                  build/timer.o
AO_Motor                                          build/Motor.o
                                                  build/usart.o
                                                  build/timer.o
APBPrescTable                                     build/system_stm32f4xx.o
                                                  build/stm32f4xx_hal_rcc.o
Active_new                                        build/ActiveObject.o
                                                  build/Motor.o
                                                  build/Estimator.o
                                                  build/Computer.o
BusFault_Handler                                  build/stm32f4xx_it.o
CAN1_RX0_IRQHandler                               build/startup_stm32f407xx.o
CAN1_RX1_IRQHandler                               build/startup_stm32f407xx.o
CAN1_SCE_IRQHandler                               build/startup_stm32f407xx.o
CAN1_TX_IRQHandler                                build/startup_stm32f407xx.o
CAN2_RX0_IRQHandler                               build/startup_stm32f407xx.o
CAN2_RX1_IRQHandler                               build/startup_stm32f407xx.o
CAN2_SCE_IRQHandler                               build/startup_stm32f407xx.o
CAN2_TX_IRQHandler                                build/startup_stm32f407xx.o
Computer                                          build/Computer.o
                                                  build/main.o
CurrentCoefficients                               build/Butter_Worth.o
                                                  build/dsp.o
DCMI_IRQHandler                                   build/startup_stm32f407xx.o
DMA1_Stream0_IRQHandler                           build/startup_stm32f407xx.o
DMA1_Stream1_IRQHandler                           build/startup_stm32f407xx.o
DMA1_Stream2_IRQHandler                           build/startup_stm32f407xx.o
DMA1_Stream3_IRQHandler                           build/startup_stm32f407xx.o
DMA1_Stream4_IRQHandler                           build/startup_stm32f407xx.o
DMA1_Stream5_IRQHandler                           build/startup_stm32f407xx.o
DMA1_Stream6_IRQHandler                           build/startup_stm32f407xx.o