ARM GAS  C:\Users\CuongLe\AppData\Local\Temp\ccLxxuis.s 			page 1


   1              		.cpu cortex-m4
   2              		.arch armv7e-m
   3              		.fpu fpv4-sp-d16
   4              		.eabi_attribute 27, 1
   5              		.eabi_attribute 28, 1
   6              		.eabi_attribute 20, 1
   7              		.eabi_attribute 21, 1
   8              		.eabi_attribute 23, 3
   9              		.eabi_attribute 24, 1
  10              		.eabi_attribute 25, 1
  11              		.eabi_attribute 26, 1
  12              		.eabi_attribute 30, 1
  13              		.eabi_attribute 34, 1
  14              		.eabi_attribute 18, 4
  15              		.file	"stm32f4xx_hal_msp.c"
  16              		.text
  17              	.Ltext0:
  18              		.cfi_sections	.debug_frame
  19              		.file 1 "Core/Src/stm32f4xx_hal_msp.c"
  20              		.section	.text.HAL_MspInit,"ax",%progbits
  21              		.align	1
  22              		.global	HAL_MspInit
  23              		.syntax unified
  24              		.thumb
  25              		.thumb_func
  27              	HAL_MspInit:
  28              	.LFB288:
   1:Core/Src/stm32f4xx_hal_msp.c **** /* USER CODE BEGIN Header */
   2:Core/Src/stm32f4xx_hal_msp.c **** /**
   3:Core/Src/stm32f4xx_hal_msp.c ****   ******************************************************************************
   4:Core/Src/stm32f4xx_hal_msp.c ****   * @file         stm32f4xx_hal_msp.c
   5:Core/Src/stm32f4xx_hal_msp.c ****   * @brief        This file provides code for the MSP Initialization
   6:Core/Src/stm32f4xx_hal_msp.c ****   *               and de-Initialization codes.
   7:Core/Src/stm32f4xx_hal_msp.c ****   ******************************************************************************
   8:Core/Src/stm32f4xx_hal_msp.c ****   * @attention
   9:Core/Src/stm32f4xx_hal_msp.c ****   *
  10:Core/Src/stm32f4xx_hal_msp.c ****   * Copyright (c) 2025 STMicroelectronics.
  11:Core/Src/stm32f4xx_hal_msp.c ****   * All rights reserved.
  12:Core/Src/stm32f4xx_hal_msp.c ****   *
  13:Core/Src/stm32f4xx_hal_msp.c ****   * This software is licensed under terms that can be found in the LICENSE file
  14:Core/Src/stm32f4xx_hal_msp.c ****   * in the root directory of this software component.
  15:Core/Src/stm32f4xx_hal_msp.c ****   * If no LICENSE file comes with this software, it is provided AS-IS.
  16:Core/Src/stm32f4xx_hal_msp.c ****   *
  17:Core/Src/stm32f4xx_hal_msp.c ****   ******************************************************************************
  18:Core/Src/stm32f4xx_hal_msp.c ****   */
  19:Core/Src/stm32f4xx_hal_msp.c **** /* USER CODE END Header */
  20:Core/Src/stm32f4xx_hal_msp.c **** 
  21:Core/Src/stm32f4xx_hal_msp.c **** /* Includes ------------------------------------------------------------------*/
  22:Core/Src/stm32f4xx_hal_msp.c **** #include "main.h"
  23:Core/Src/stm32f4xx_hal_msp.c **** /* USER CODE BEGIN Includes */
  24:Core/Src/stm32f4xx_hal_msp.c **** 
  25:Core/Src/stm32f4xx_hal_msp.c **** /* USER CODE END Includes */
  26:Core/Src/stm32f4xx_hal_msp.c **** extern DMA_HandleTypeDef hdma_adc1;
  27:Core/Src/stm32f4xx_hal_msp.c **** 
  28:Core/Src/stm32f4xx_hal_msp.c **** /* Private typedef -----------------------------------------------------------*/
  29:Core/Src/stm32f4xx_hal_msp.c **** /* USER CODE BEGIN TD */
  30:Core/Src/stm32f4xx_hal_msp.c **** 
ARM GAS  C:\Users\CuongLe\AppData\Local\Temp\ccLxxuis.s 			page 2


  31:Core/Src/stm32f4xx_hal_msp.c **** /* USER CODE END TD */
  32:Core/Src/stm32f4xx_hal_msp.c **** 
  33:Core/Src/stm32f4xx_hal_msp.c **** /* Private define ------------------------------------------------------------*/
  34:Core/Src/stm32f4xx_hal_msp.c **** /* USER CODE BEGIN Define */
  35:Core/Src/stm32f4xx_hal_msp.c **** 
  36:Core/Src/stm32f4xx_hal_msp.c **** /* USER CODE END Define */
  37:Core/Src/stm32f4xx_hal_msp.c **** 
  38:Core/Src/stm32f4xx_hal_msp.c **** /* Private macro -------------------------------------------------------------*/
  39:Core/Src/stm32f4xx_hal_msp.c **** /* USER CODE BEGIN Macro */
  40:Core/Src/stm32f4xx_hal_msp.c **** 
  41:Core/Src/stm32f4xx_hal_msp.c **** /* USER CODE END Macro */
  42:Core/Src/stm32f4xx_hal_msp.c **** 
  43:Core/Src/stm32f4xx_hal_msp.c **** /* Private variables ---------------------------------------------------------*/
  44:Core/Src/stm32f4xx_hal_msp.c **** /* USER CODE BEGIN PV */
  45:Core/Src/stm32f4xx_hal_msp.c **** 
  46:Core/Src/stm32f4xx_hal_msp.c **** /* USER CODE END PV */
  47:Core/Src/stm32f4xx_hal_msp.c **** 
  48:Core/Src/stm32f4xx_hal_msp.c **** /* Private function prototypes -----------------------------------------------*/
  49:Core/Src/stm32f4xx_hal_msp.c **** /* USER CODE BEGIN PFP */
  50:Core/Src/stm32f4xx_hal_msp.c **** 
  51:Core/Src/stm32f4xx_hal_msp.c **** /* USER CODE END PFP */
  52:Core/Src/stm32f4xx_hal_msp.c **** 
  53:Core/Src/stm32f4xx_hal_msp.c **** /* External functions --------------------------------------------------------*/
  54:Core/Src/stm32f4xx_hal_msp.c **** /* USER CODE BEGIN ExternalFunctions */
  55:Core/Src/stm32f4xx_hal_msp.c **** 
  56:Core/Src/stm32f4xx_hal_msp.c **** /* USER CODE END ExternalFunctions */
  57:Core/Src/stm32f4xx_hal_msp.c **** 
  58:Core/Src/stm32f4xx_hal_msp.c **** /* USER CODE BEGIN 0 */
  59:Core/Src/stm32f4xx_hal_msp.c **** 
  60:Core/Src/stm32f4xx_hal_msp.c **** /* USER CODE END 0 */
  61:Core/Src/stm32f4xx_hal_msp.c **** /**
  62:Core/Src/stm32f4xx_hal_msp.c ****   * Initializes the Global MSP.
  63:Core/Src/stm32f4xx_hal_msp.c ****   */
  64:Core/Src/stm32f4xx_hal_msp.c **** void HAL_MspInit(void)
  65:Core/Src/stm32f4xx_hal_msp.c **** {
  29              		.loc 1 65 1 view -0
  30              		.cfi_startproc
  31              		@ args = 0, pretend = 0, frame = 8
  32              		@ frame_needed = 0, uses_anonymous_args = 0
  33              		@ link register save eliminated.
  34 0000 82B0     		sub	sp, sp, #8
  35              	.LCFI0:
  36              		.cfi_def_cfa_offset 8
  66:Core/Src/stm32f4xx_hal_msp.c **** 
  67:Core/Src/stm32f4xx_hal_msp.c ****   /* USER CODE BEGIN MspInit 0 */
  68:Core/Src/stm32f4xx_hal_msp.c **** 
  69:Core/Src/stm32f4xx_hal_msp.c ****   /* USER CODE END MspInit 0 */
  70:Core/Src/stm32f4xx_hal_msp.c **** 
  71:Core/Src/stm32f4xx_hal_msp.c ****   __HAL_RCC_SYSCFG_CLK_ENABLE();
  37              		.loc 1 71 3 view .LVU1
  38              	.LBB2:
  39              		.loc 1 71 3 view .LVU2
  40 0002 0021     		movs	r1, #0
  41 0004 0091     		str	r1, [sp]
  42              		.loc 1 71 3 view .LVU3
  43 0006 0B4B     		ldr	r3, .L3
  44 0008 5A6C     		ldr	r2, [r3, #68]
ARM GAS  C:\Users\CuongLe\AppData\Local\Temp\ccLxxuis.s 			page 3


  45 000a 42F48042 		orr	r2, r2, #16384
  46 000e 5A64     		str	r2, [r3, #68]
  47              		.loc 1 71 3 view .LVU4
  48 0010 5A6C     		ldr	r2, [r3, #68]
  49 0012 02F48042 		and	r2, r2, #16384
  50 0016 0092     		str	r2, [sp]
  51              		.loc 1 71 3 view .LVU5
  52 0018 009A     		ldr	r2, [sp]
  53              	.LBE2:
  54              		.loc 1 71 3 view .LVU6
  72:Core/Src/stm32f4xx_hal_msp.c ****   __HAL_RCC_PWR_CLK_ENABLE();
  55              		.loc 1 72 3 view .LVU7
  56              	.LBB3:
  57              		.loc 1 72 3 view .LVU8
  58 001a 0191     		str	r1, [sp, #4]
  59              		.loc 1 72 3 view .LVU9
  60 001c 1A6C     		ldr	r2, [r3, #64]
  61 001e 42F08052 		orr	r2, r2, #268435456
  62 0022 1A64     		str	r2, [r3, #64]
  63              		.loc 1 72 3 view .LVU10
  64 0024 1B6C     		ldr	r3, [r3, #64]
  65 0026 03F08053 		and	r3, r3, #268435456
  66 002a 0193     		str	r3, [sp, #4]
  67              		.loc 1 72 3 view .LVU11
  68 002c 019B     		ldr	r3, [sp, #4]
  69              	.LBE3:
  70              		.loc 1 72 3 view .LVU12
  73:Core/Src/stm32f4xx_hal_msp.c **** 
  74:Core/Src/stm32f4xx_hal_msp.c ****   /* System interrupt init*/
  75:Core/Src/stm32f4xx_hal_msp.c **** 
  76:Core/Src/stm32f4xx_hal_msp.c ****   /* USER CODE BEGIN MspInit 1 */
  77:Core/Src/stm32f4xx_hal_msp.c **** 
  78:Core/Src/stm32f4xx_hal_msp.c ****   /* USER CODE END MspInit 1 */
  79:Core/Src/stm32f4xx_hal_msp.c **** }
  71              		.loc 1 79 1 is_stmt 0 view .LVU13
  72 002e 02B0     		add	sp, sp, #8
  73              	.LCFI1:
  74              		.cfi_def_cfa_offset 0
  75              		@ sp needed
  76 0030 7047     		bx	lr
  77              	.L4:
  78 0032 00BF     		.align	2
  79              	.L3:
  80 0034 00380240 		.word	1073887232
  81              		.cfi_endproc
  82              	.LFE288:
  84              		.section	.text.HAL_ADC_MspInit,"ax",%progbits
  85              		.align	1
  86              		.global	HAL_ADC_MspInit
  87              		.syntax unified
  88              		.thumb
  89              		.thumb_func
  91              	HAL_ADC_MspInit:
  92              	.LVL0:
  93              	.LFB289:
  80:Core/Src/stm32f4xx_hal_msp.c **** 
  81:Core/Src/stm32f4xx_hal_msp.c **** /**
ARM GAS  C:\Users\CuongLe\AppData\Local\Temp\ccLxxuis.s 			page 4


  82:Core/Src/stm32f4xx_hal_msp.c **** * @brief ADC MSP Initialization
  83:Core/Src/stm32f4xx_hal_msp.c **** * This function configures the hardware resources used in this example
  84:Core/Src/stm32f4xx_hal_msp.c **** * @param hadc: ADC handle pointer
  85:Core/Src/stm32f4xx_hal_msp.c **** * @retval None
  86:Core/Src/stm32f4xx_hal_msp.c **** */
  87:Core/Src/stm32f4xx_hal_msp.c **** void HAL_ADC_MspInit(ADC_HandleTypeDef* hadc)
  88:Core/Src/stm32f4xx_hal_msp.c **** {
  94              		.loc 1 88 1 is_stmt 1 view -0
  95              		.cfi_startproc
  96              		@ args = 0, pretend = 0, frame = 32
  97              		@ frame_needed = 0, uses_anonymous_args = 0
  98              		.loc 1 88 1 is_stmt 0 view .LVU15
  99 0000 30B5     		push	{r4, r5, lr}
 100              	.LCFI2:
 101              		.cfi_def_cfa_offset 12
 102              		.cfi_offset 4, -12
 103              		.cfi_offset 5, -8
 104              		.cfi_offset 14, -4
 105 0002 89B0     		sub	sp, sp, #36
 106              	.LCFI3:
 107              		.cfi_def_cfa_offset 48
  89:Core/Src/stm32f4xx_hal_msp.c ****   GPIO_InitTypeDef GPIO_InitStruct = {0};
 108              		.loc 1 89 3 is_stmt 1 view .LVU16
 109              		.loc 1 89 20 is_stmt 0 view .LVU17
 110 0004 0023     		movs	r3, #0
 111 0006 0393     		str	r3, [sp, #12]
 112 0008 0493     		str	r3, [sp, #16]
 113 000a 0593     		str	r3, [sp, #20]
 114 000c 0693     		str	r3, [sp, #24]
 115 000e 0793     		str	r3, [sp, #28]
  90:Core/Src/stm32f4xx_hal_msp.c ****   if(hadc->Instance==ADC1)
 116              		.loc 1 90 3 is_stmt 1 view .LVU18
 117              		.loc 1 90 10 is_stmt 0 view .LVU19
 118 0010 0268     		ldr	r2, [r0]
 119              		.loc 1 90 5 view .LVU20
 120 0012 03F18043 		add	r3, r3, #1073741824
 121 0016 03F59033 		add	r3, r3, #73728
 122 001a 9A42     		cmp	r2, r3
 123 001c 01D0     		beq	.L9
 124              	.LVL1:
 125              	.L5:
  91:Core/Src/stm32f4xx_hal_msp.c ****   {
  92:Core/Src/stm32f4xx_hal_msp.c ****   /* USER CODE BEGIN ADC1_MspInit 0 */
  93:Core/Src/stm32f4xx_hal_msp.c **** 
  94:Core/Src/stm32f4xx_hal_msp.c ****   /* USER CODE END ADC1_MspInit 0 */
  95:Core/Src/stm32f4xx_hal_msp.c ****     /* Peripheral clock enable */
  96:Core/Src/stm32f4xx_hal_msp.c ****     __HAL_RCC_ADC1_CLK_ENABLE();
  97:Core/Src/stm32f4xx_hal_msp.c **** 
  98:Core/Src/stm32f4xx_hal_msp.c ****     __HAL_RCC_GPIOA_CLK_ENABLE();
  99:Core/Src/stm32f4xx_hal_msp.c ****     /**ADC1 GPIO Configuration
 100:Core/Src/stm32f4xx_hal_msp.c ****     PA5     ------> ADC1_IN5
 101:Core/Src/stm32f4xx_hal_msp.c ****     */
 102:Core/Src/stm32f4xx_hal_msp.c ****     GPIO_InitStruct.Pin = GPIO_PIN_5;
 103:Core/Src/stm32f4xx_hal_msp.c ****     GPIO_InitStruct.Mode = GPIO_MODE_ANALOG;
 104:Core/Src/stm32f4xx_hal_msp.c ****     GPIO_InitStruct.Pull = GPIO_NOPULL;
 105:Core/Src/stm32f4xx_hal_msp.c ****     HAL_GPIO_Init(GPIOA, &GPIO_InitStruct);
 106:Core/Src/stm32f4xx_hal_msp.c **** 
ARM GAS  C:\Users\CuongLe\AppData\Local\Temp\ccLxxuis.s 			page 5


 107:Core/Src/stm32f4xx_hal_msp.c ****     /* ADC1 DMA Init */
 108:Core/Src/stm32f4xx_hal_msp.c ****     /* ADC1 Init */
 109:Core/Src/stm32f4xx_hal_msp.c ****     hdma_adc1.Instance = DMA2_Stream0;
 110:Core/Src/stm32f4xx_hal_msp.c ****     hdma_adc1.Init.Channel = DMA_CHANNEL_0;
 111:Core/Src/stm32f4xx_hal_msp.c ****     hdma_adc1.Init.Direction = DMA_PERIPH_TO_MEMORY;
 112:Core/Src/stm32f4xx_hal_msp.c ****     hdma_adc1.Init.PeriphInc = DMA_PINC_DISABLE;
 113:Core/Src/stm32f4xx_hal_msp.c ****     hdma_adc1.Init.MemInc = DMA_MINC_ENABLE;
 114:Core/Src/stm32f4xx_hal_msp.c ****     hdma_adc1.Init.PeriphDataAlignment = DMA_PDATAALIGN_HALFWORD;
 115:Core/Src/stm32f4xx_hal_msp.c ****     hdma_adc1.Init.MemDataAlignment = DMA_MDATAALIGN_HALFWORD;
 116:Core/Src/stm32f4xx_hal_msp.c ****     hdma_adc1.Init.Mode = DMA_CIRCULAR;
 117:Core/Src/stm32f4xx_hal_msp.c ****     hdma_adc1.Init.Priority = DMA_PRIORITY_LOW;
 118:Core/Src/stm32f4xx_hal_msp.c ****     hdma_adc1.Init.FIFOMode = DMA_FIFOMODE_DISABLE;
 119:Core/Src/stm32f4xx_hal_msp.c ****     if (HAL_DMA_Init(&hdma_adc1) != HAL_OK)
 120:Core/Src/stm32f4xx_hal_msp.c ****     {
 121:Core/Src/stm32f4xx_hal_msp.c ****       Error_Handler();
 122:Core/Src/stm32f4xx_hal_msp.c ****     }
 123:Core/Src/stm32f4xx_hal_msp.c **** 
 124:Core/Src/stm32f4xx_hal_msp.c ****     __HAL_LINKDMA(hadc,DMA_Handle,hdma_adc1);
 125:Core/Src/stm32f4xx_hal_msp.c **** 
 126:Core/Src/stm32f4xx_hal_msp.c ****   /* USER CODE BEGIN ADC1_MspInit 1 */
 127:Core/Src/stm32f4xx_hal_msp.c **** 
 128:Core/Src/stm32f4xx_hal_msp.c ****   /* USER CODE END ADC1_MspInit 1 */
 129:Core/Src/stm32f4xx_hal_msp.c **** 
 130:Core/Src/stm32f4xx_hal_msp.c ****   }
 131:Core/Src/stm32f4xx_hal_msp.c **** 
 132:Core/Src/stm32f4xx_hal_msp.c **** }
 126              		.loc 1 132 1 view .LVU21
 127 001e 09B0     		add	sp, sp, #36
 128              	.LCFI4:
 129              		.cfi_remember_state
 130              		.cfi_def_cfa_offset 12
 131              		@ sp needed
 132 0020 30BD     		pop	{r4, r5, pc}
 133              	.LVL2:
 134              	.L9:
 135              	.LCFI5:
 136              		.cfi_restore_state
 137              		.loc 1 132 1 view .LVU22
 138 0022 0446     		mov	r4, r0
  96:Core/Src/stm32f4xx_hal_msp.c **** 
 139              		.loc 1 96 5 is_stmt 1 view .LVU23
 140              	.LBB4:
  96:Core/Src/stm32f4xx_hal_msp.c **** 
 141              		.loc 1 96 5 view .LVU24
 142 0024 0025     		movs	r5, #0
 143 0026 0195     		str	r5, [sp, #4]
  96:Core/Src/stm32f4xx_hal_msp.c **** 
 144              		.loc 1 96 5 view .LVU25
 145 0028 03F58C33 		add	r3, r3, #71680
 146 002c 5A6C     		ldr	r2, [r3, #68]
 147 002e 42F48072 		orr	r2, r2, #256
 148 0032 5A64     		str	r2, [r3, #68]
  96:Core/Src/stm32f4xx_hal_msp.c **** 
 149              		.loc 1 96 5 view .LVU26
 150 0034 5A6C     		ldr	r2, [r3, #68]
 151 0036 02F48072 		and	r2, r2, #256
 152 003a 0192     		str	r2, [sp, #4]
ARM GAS  C:\Users\CuongLe\AppData\Local\Temp\ccLxxuis.s 			page 6


  96:Core/Src/stm32f4xx_hal_msp.c **** 
 153              		.loc 1 96 5 view .LVU27
 154 003c 019A     		ldr	r2, [sp, #4]
 155              	.LBE4:
  96:Core/Src/stm32f4xx_hal_msp.c **** 
 156              		.loc 1 96 5 view .LVU28
  98:Core/Src/stm32f4xx_hal_msp.c ****     /**ADC1 GPIO Configuration
 157              		.loc 1 98 5 view .LVU29
 158              	.LBB5:
  98:Core/Src/stm32f4xx_hal_msp.c ****     /**ADC1 GPIO Configuration
 159              		.loc 1 98 5 view .LVU30
 160 003e 0295     		str	r5, [sp, #8]
  98:Core/Src/stm32f4xx_hal_msp.c ****     /**ADC1 GPIO Configuration
 161              		.loc 1 98 5 view .LVU31
 162 0040 1A6B     		ldr	r2, [r3, #48]
 163 0042 42F00102 		orr	r2, r2, #1
 164 0046 1A63     		str	r2, [r3, #48]
  98:Core/Src/stm32f4xx_hal_msp.c ****     /**ADC1 GPIO Configuration
 165              		.loc 1 98 5 view .LVU32
 166 0048 1B6B     		ldr	r3, [r3, #48]
 167 004a 03F00103 		and	r3, r3, #1
 168 004e 0293     		str	r3, [sp, #8]
  98:Core/Src/stm32f4xx_hal_msp.c ****     /**ADC1 GPIO Configuration
 169              		.loc 1 98 5 view .LVU33
 170 0050 029B     		ldr	r3, [sp, #8]
 171              	.LBE5:
  98:Core/Src/stm32f4xx_hal_msp.c ****     /**ADC1 GPIO Configuration
 172              		.loc 1 98 5 view .LVU34
 102:Core/Src/stm32f4xx_hal_msp.c ****     GPIO_InitStruct.Mode = GPIO_MODE_ANALOG;
 173              		.loc 1 102 5 view .LVU35
 102:Core/Src/stm32f4xx_hal_msp.c ****     GPIO_InitStruct.Mode = GPIO_MODE_ANALOG;
 174              		.loc 1 102 25 is_stmt 0 view .LVU36
 175 0052 2023     		movs	r3, #32
 176 0054 0393     		str	r3, [sp, #12]
 103:Core/Src/stm32f4xx_hal_msp.c ****     GPIO_InitStruct.Pull = GPIO_NOPULL;
 177              		.loc 1 103 5 is_stmt 1 view .LVU37
 103:Core/Src/stm32f4xx_hal_msp.c ****     GPIO_InitStruct.Pull = GPIO_NOPULL;
 178              		.loc 1 103 26 is_stmt 0 view .LVU38
 179 0056 0323     		movs	r3, #3
 180 0058 0493     		str	r3, [sp, #16]
 104:Core/Src/stm32f4xx_hal_msp.c ****     HAL_GPIO_Init(GPIOA, &GPIO_InitStruct);
 181              		.loc 1 104 5 is_stmt 1 view .LVU39
 105:Core/Src/stm32f4xx_hal_msp.c **** 
 182              		.loc 1 105 5 view .LVU40
 183 005a 03A9     		add	r1, sp, #12
 184 005c 1048     		ldr	r0, .L11
 185              	.LVL3:
 105:Core/Src/stm32f4xx_hal_msp.c **** 
 186              		.loc 1 105 5 is_stmt 0 view .LVU41
 187 005e FFF7FEFF 		bl	HAL_GPIO_Init
 188              	.LVL4:
 109:Core/Src/stm32f4xx_hal_msp.c ****     hdma_adc1.Init.Channel = DMA_CHANNEL_0;
 189              		.loc 1 109 5 is_stmt 1 view .LVU42
 109:Core/Src/stm32f4xx_hal_msp.c ****     hdma_adc1.Init.Channel = DMA_CHANNEL_0;
 190              		.loc 1 109 24 is_stmt 0 view .LVU43
 191 0062 1048     		ldr	r0, .L11+4
 192 0064 104B     		ldr	r3, .L11+8
ARM GAS  C:\Users\CuongLe\AppData\Local\Temp\ccLxxuis.s 			page 7


 193 0066 0360     		str	r3, [r0]
 110:Core/Src/stm32f4xx_hal_msp.c ****     hdma_adc1.Init.Direction = DMA_PERIPH_TO_MEMORY;
 194              		.loc 1 110 5 is_stmt 1 view .LVU44
 110:Core/Src/stm32f4xx_hal_msp.c ****     hdma_adc1.Init.Direction = DMA_PERIPH_TO_MEMORY;
 195              		.loc 1 110 28 is_stmt 0 view .LVU45
 196 0068 4560     		str	r5, [r0, #4]
 111:Core/Src/stm32f4xx_hal_msp.c ****     hdma_adc1.Init.PeriphInc = DMA_PINC_DISABLE;
 197              		.loc 1 111 5 is_stmt 1 view .LVU46
 111:Core/Src/stm32f4xx_hal_msp.c ****     hdma_adc1.Init.PeriphInc = DMA_PINC_DISABLE;
 198              		.loc 1 111 30 is_stmt 0 view .LVU47
 199 006a 8560     		str	r5, [r0, #8]
 112:Core/Src/stm32f4xx_hal_msp.c ****     hdma_adc1.Init.MemInc = DMA_MINC_ENABLE;
 200              		.loc 1 112 5 is_stmt 1 view .LVU48
 112:Core/Src/stm32f4xx_hal_msp.c ****     hdma_adc1.Init.MemInc = DMA_MINC_ENABLE;
 201              		.loc 1 112 30 is_stmt 0 view .LVU49
 202 006c C560     		str	r5, [r0, #12]
 113:Core/Src/stm32f4xx_hal_msp.c ****     hdma_adc1.Init.PeriphDataAlignment = DMA_PDATAALIGN_HALFWORD;
 203              		.loc 1 113 5 is_stmt 1 view .LVU50
 113:Core/Src/stm32f4xx_hal_msp.c ****     hdma_adc1.Init.PeriphDataAlignment = DMA_PDATAALIGN_HALFWORD;
 204              		.loc 1 113 27 is_stmt 0 view .LVU51
 205 006e 4FF48063 		mov	r3, #1024
 206 0072 0361     		str	r3, [r0, #16]
 114:Core/Src/stm32f4xx_hal_msp.c ****     hdma_adc1.Init.MemDataAlignment = DMA_MDATAALIGN_HALFWORD;
 207              		.loc 1 114 5 is_stmt 1 view .LVU52
 114:Core/Src/stm32f4xx_hal_msp.c ****     hdma_adc1.Init.MemDataAlignment = DMA_MDATAALIGN_HALFWORD;
 208              		.loc 1 114 40 is_stmt 0 view .LVU53
 209 0074 4FF40063 		mov	r3, #2048
 210 0078 4361     		str	r3, [r0, #20]
 115:Core/Src/stm32f4xx_hal_msp.c ****     hdma_adc1.Init.Mode = DMA_CIRCULAR;
 211              		.loc 1 115 5 is_stmt 1 view .LVU54
 115:Core/Src/stm32f4xx_hal_msp.c ****     hdma_adc1.Init.Mode = DMA_CIRCULAR;
 212              		.loc 1 115 37 is_stmt 0 view .LVU55
 213 007a 4FF40053 		mov	r3, #8192
 214 007e 8361     		str	r3, [r0, #24]
 116:Core/Src/stm32f4xx_hal_msp.c ****     hdma_adc1.Init.Priority = DMA_PRIORITY_LOW;
 215              		.loc 1 116 5 is_stmt 1 view .LVU56
 116:Core/Src/stm32f4xx_hal_msp.c ****     hdma_adc1.Init.Priority = DMA_PRIORITY_LOW;
 216              		.loc 1 116 25 is_stmt 0 view .LVU57
 217 0080 4FF48073 		mov	r3, #256
 218 0084 C361     		str	r3, [r0, #28]
 117:Core/Src/stm32f4xx_hal_msp.c ****     hdma_adc1.Init.FIFOMode = DMA_FIFOMODE_DISABLE;
 219              		.loc 1 117 5 is_stmt 1 view .LVU58
 117:Core/Src/stm32f4xx_hal_msp.c ****     hdma_adc1.Init.FIFOMode = DMA_FIFOMODE_DISABLE;
 220              		.loc 1 117 29 is_stmt 0 view .LVU59
 221 0086 0562     		str	r5, [r0, #32]
 118:Core/Src/stm32f4xx_hal_msp.c ****     if (HAL_DMA_Init(&hdma_adc1) != HAL_OK)
 222              		.loc 1 118 5 is_stmt 1 view .LVU60
 118:Core/Src/stm32f4xx_hal_msp.c ****     if (HAL_DMA_Init(&hdma_adc1) != HAL_OK)
 223              		.loc 1 118 29 is_stmt 0 view .LVU61
 224 0088 4562     		str	r5, [r0, #36]
 119:Core/Src/stm32f4xx_hal_msp.c ****     {
 225              		.loc 1 119 5 is_stmt 1 view .LVU62
 119:Core/Src/stm32f4xx_hal_msp.c ****     {
 226              		.loc 1 119 9 is_stmt 0 view .LVU63
 227 008a FFF7FEFF 		bl	HAL_DMA_Init
 228              	.LVL5:
 119:Core/Src/stm32f4xx_hal_msp.c ****     {
ARM GAS  C:\Users\CuongLe\AppData\Local\Temp\ccLxxuis.s 			page 8


 229              		.loc 1 119 8 discriminator 1 view .LVU64
 230 008e 18B9     		cbnz	r0, .L10
 231              	.L7:
 124:Core/Src/stm32f4xx_hal_msp.c **** 
 232              		.loc 1 124 5 is_stmt 1 view .LVU65
 124:Core/Src/stm32f4xx_hal_msp.c **** 
 233              		.loc 1 124 5 view .LVU66
 234 0090 044B     		ldr	r3, .L11+4
 235 0092 A363     		str	r3, [r4, #56]
 124:Core/Src/stm32f4xx_hal_msp.c **** 
 236              		.loc 1 124 5 view .LVU67
 237 0094 9C63     		str	r4, [r3, #56]
 124:Core/Src/stm32f4xx_hal_msp.c **** 
 238              		.loc 1 124 5 discriminator 1 view .LVU68
 239              		.loc 1 132 1 is_stmt 0 view .LVU69
 240 0096 C2E7     		b	.L5
 241              	.L10:
 121:Core/Src/stm32f4xx_hal_msp.c ****     }
 242              		.loc 1 121 7 is_stmt 1 view .LVU70
 243 0098 FFF7FEFF 		bl	Error_Handler
 244              	.LVL6:
 245 009c F8E7     		b	.L7
 246              	.L12:
 247 009e 00BF     		.align	2
 248              	.L11:
 249 00a0 00000240 		.word	1073872896
 250 00a4 00000000 		.word	hdma_adc1
 251 00a8 10640240 		.word	1073898512
 252              		.cfi_endproc
 253              	.LFE289:
 255              		.section	.text.HAL_ADC_MspDeInit,"ax",%progbits
 256              		.align	1
 257              		.global	HAL_ADC_MspDeInit
 258              		.syntax unified
 259              		.thumb
 260              		.thumb_func
 262              	HAL_ADC_MspDeInit:
 263              	.LVL7:
 264              	.LFB290:
 133:Core/Src/stm32f4xx_hal_msp.c **** 
 134:Core/Src/stm32f4xx_hal_msp.c **** /**
 135:Core/Src/stm32f4xx_hal_msp.c **** * @brief ADC MSP De-Initialization
 136:Core/Src/stm32f4xx_hal_msp.c **** * This function freeze the hardware resources used in this example
 137:Core/Src/stm32f4xx_hal_msp.c **** * @param hadc: ADC handle pointer
 138:Core/Src/stm32f4xx_hal_msp.c **** * @retval None
 139:Core/Src/stm32f4xx_hal_msp.c **** */
 140:Core/Src/stm32f4xx_hal_msp.c **** void HAL_ADC_MspDeInit(ADC_HandleTypeDef* hadc)
 141:Core/Src/stm32f4xx_hal_msp.c **** {
 265              		.loc 1 141 1 view -0
 266              		.cfi_startproc
 267              		@ args = 0, pretend = 0, frame = 0
 268              		@ frame_needed = 0, uses_anonymous_args = 0
 142:Core/Src/stm32f4xx_hal_msp.c ****   if(hadc->Instance==ADC1)
 269              		.loc 1 142 3 view .LVU72
 270              		.loc 1 142 10 is_stmt 0 view .LVU73
 271 0000 0268     		ldr	r2, [r0]
 272              		.loc 1 142 5 view .LVU74
ARM GAS  C:\Users\CuongLe\AppData\Local\Temp\ccLxxuis.s 			page 9


 273 0002 094B     		ldr	r3, .L20
 274 0004 9A42     		cmp	r2, r3
 275 0006 00D0     		beq	.L19
 276 0008 7047     		bx	lr
 277              	.L19:
 141:Core/Src/stm32f4xx_hal_msp.c ****   if(hadc->Instance==ADC1)
 278              		.loc 1 141 1 view .LVU75
 279 000a 10B5     		push	{r4, lr}
 280              	.LCFI6:
 281              		.cfi_def_cfa_offset 8
 282              		.cfi_offset 4, -8
 283              		.cfi_offset 14, -4
 284 000c 0446     		mov	r4, r0
 143:Core/Src/stm32f4xx_hal_msp.c ****   {
 144:Core/Src/stm32f4xx_hal_msp.c ****   /* USER CODE BEGIN ADC1_MspDeInit 0 */
 145:Core/Src/stm32f4xx_hal_msp.c **** 
 146:Core/Src/stm32f4xx_hal_msp.c ****   /* USER CODE END ADC1_MspDeInit 0 */
 147:Core/Src/stm32f4xx_hal_msp.c ****     /* Peripheral clock disable */
 148:Core/Src/stm32f4xx_hal_msp.c ****     __HAL_RCC_ADC1_CLK_DISABLE();
 285              		.loc 1 148 5 is_stmt 1 view .LVU76
 286 000e 074A     		ldr	r2, .L20+4
 287 0010 536C     		ldr	r3, [r2, #68]
 288 0012 23F48073 		bic	r3, r3, #256
 289 0016 5364     		str	r3, [r2, #68]
 149:Core/Src/stm32f4xx_hal_msp.c **** 
 150:Core/Src/stm32f4xx_hal_msp.c ****     /**ADC1 GPIO Configuration
 151:Core/Src/stm32f4xx_hal_msp.c ****     PA5     ------> ADC1_IN5
 152:Core/Src/stm32f4xx_hal_msp.c ****     */
 153:Core/Src/stm32f4xx_hal_msp.c ****     HAL_GPIO_DeInit(GPIOA, GPIO_PIN_5);
 290              		.loc 1 153 5 view .LVU77
 291 0018 2021     		movs	r1, #32
 292 001a 0548     		ldr	r0, .L20+8
 293              	.LVL8:
 294              		.loc 1 153 5 is_stmt 0 view .LVU78
 295 001c FFF7FEFF 		bl	HAL_GPIO_DeInit
 296              	.LVL9:
 154:Core/Src/stm32f4xx_hal_msp.c **** 
 155:Core/Src/stm32f4xx_hal_msp.c ****     /* ADC1 DMA DeInit */
 156:Core/Src/stm32f4xx_hal_msp.c ****     HAL_DMA_DeInit(hadc->DMA_Handle);
 297              		.loc 1 156 5 is_stmt 1 view .LVU79
 298 0020 A06B     		ldr	r0, [r4, #56]
 299 0022 FFF7FEFF 		bl	HAL_DMA_DeInit
 300              	.LVL10:
 157:Core/Src/stm32f4xx_hal_msp.c ****   /* USER CODE BEGIN ADC1_MspDeInit 1 */
 158:Core/Src/stm32f4xx_hal_msp.c **** 
 159:Core/Src/stm32f4xx_hal_msp.c ****   /* USER CODE END ADC1_MspDeInit 1 */
 160:Core/Src/stm32f4xx_hal_msp.c ****   }
 161:Core/Src/stm32f4xx_hal_msp.c **** 
 162:Core/Src/stm32f4xx_hal_msp.c **** }
 301              		.loc 1 162 1 is_stmt 0 view .LVU80
 302 0026 10BD     		pop	{r4, pc}
 303              	.LVL11:
 304              	.L21:
 305              		.loc 1 162 1 view .LVU81
 306              		.align	2
 307              	.L20:
 308 0028 00200140 		.word	1073815552
ARM GAS  C:\Users\CuongLe\AppData\Local\Temp\ccLxxuis.s 			page 10


 309 002c 00380240 		.word	1073887232
 310 0030 00000240 		.word	1073872896
 311              		.cfi_endproc
 312              	.LFE290:
 314              		.section	.text.HAL_TIM_Encoder_MspInit,"ax",%progbits
 315              		.align	1
 316              		.global	HAL_TIM_Encoder_MspInit
 317              		.syntax unified
 318              		.thumb
 319              		.thumb_func
 321              	HAL_TIM_Encoder_MspInit:
 322              	.LVL12:
 323              	.LFB291:
 163:Core/Src/stm32f4xx_hal_msp.c **** 
 164:Core/Src/stm32f4xx_hal_msp.c **** /**
 165:Core/Src/stm32f4xx_hal_msp.c **** * @brief TIM_Encoder MSP Initialization
 166:Core/Src/stm32f4xx_hal_msp.c **** * This function configures the hardware resources used in this example
 167:Core/Src/stm32f4xx_hal_msp.c **** * @param htim_encoder: TIM_Encoder handle pointer
 168:Core/Src/stm32f4xx_hal_msp.c **** * @retval None
 169:Core/Src/stm32f4xx_hal_msp.c **** */
 170:Core/Src/stm32f4xx_hal_msp.c **** void HAL_TIM_Encoder_MspInit(TIM_HandleTypeDef* htim_encoder)
 171:Core/Src/stm32f4xx_hal_msp.c **** {
 324              		.loc 1 171 1 is_stmt 1 view -0
 325              		.cfi_startproc
 326              		@ args = 0, pretend = 0, frame = 40
 327              		@ frame_needed = 0, uses_anonymous_args = 0
 328              		.loc 1 171 1 is_stmt 0 view .LVU83
 329 0000 10B5     		push	{r4, lr}
 330              	.LCFI7:
 331              		.cfi_def_cfa_offset 8
 332              		.cfi_offset 4, -8
 333              		.cfi_offset 14, -4
 334 0002 8AB0     		sub	sp, sp, #40
 335              	.LCFI8:
 336              		.cfi_def_cfa_offset 48
 172:Core/Src/stm32f4xx_hal_msp.c ****   GPIO_InitTypeDef GPIO_InitStruct = {0};
 337              		.loc 1 172 3 is_stmt 1 view .LVU84
 338              		.loc 1 172 20 is_stmt 0 view .LVU85
 339 0004 0023     		movs	r3, #0
 340 0006 0593     		str	r3, [sp, #20]
 341 0008 0693     		str	r3, [sp, #24]
 342 000a 0793     		str	r3, [sp, #28]
 343 000c 0893     		str	r3, [sp, #32]
 344 000e 0993     		str	r3, [sp, #36]
 173:Core/Src/stm32f4xx_hal_msp.c ****   if(htim_encoder->Instance==TIM2)
 345              		.loc 1 173 3 is_stmt 1 view .LVU86
 346              		.loc 1 173 18 is_stmt 0 view .LVU87
 347 0010 0368     		ldr	r3, [r0]
 348              		.loc 1 173 5 view .LVU88
 349 0012 B3F1804F 		cmp	r3, #1073741824
 350 0016 04D0     		beq	.L26
 174:Core/Src/stm32f4xx_hal_msp.c ****   {
 175:Core/Src/stm32f4xx_hal_msp.c ****   /* USER CODE BEGIN TIM2_MspInit 0 */
 176:Core/Src/stm32f4xx_hal_msp.c **** 
 177:Core/Src/stm32f4xx_hal_msp.c ****   /* USER CODE END TIM2_MspInit 0 */
 178:Core/Src/stm32f4xx_hal_msp.c ****     /* Peripheral clock enable */
 179:Core/Src/stm32f4xx_hal_msp.c ****     __HAL_RCC_TIM2_CLK_ENABLE();
ARM GAS  C:\Users\CuongLe\AppData\Local\Temp\ccLxxuis.s 			page 11


 180:Core/Src/stm32f4xx_hal_msp.c **** 
 181:Core/Src/stm32f4xx_hal_msp.c ****     __HAL_RCC_GPIOA_CLK_ENABLE();
 182:Core/Src/stm32f4xx_hal_msp.c ****     /**TIM2 GPIO Configuration
 183:Core/Src/stm32f4xx_hal_msp.c ****     PA0-WKUP     ------> TIM2_CH1
 184:Core/Src/stm32f4xx_hal_msp.c ****     PA1     ------> TIM2_CH2
 185:Core/Src/stm32f4xx_hal_msp.c ****     */
 186:Core/Src/stm32f4xx_hal_msp.c ****     GPIO_InitStruct.Pin = GPIO_PIN_0|GPIO_PIN_1;
 187:Core/Src/stm32f4xx_hal_msp.c ****     GPIO_InitStruct.Mode = GPIO_MODE_AF_PP;
 188:Core/Src/stm32f4xx_hal_msp.c ****     GPIO_InitStruct.Pull = GPIO_NOPULL;
 189:Core/Src/stm32f4xx_hal_msp.c ****     GPIO_InitStruct.Speed = GPIO_SPEED_FREQ_LOW;
 190:Core/Src/stm32f4xx_hal_msp.c ****     GPIO_InitStruct.Alternate = GPIO_AF1_TIM2;
 191:Core/Src/stm32f4xx_hal_msp.c ****     HAL_GPIO_Init(GPIOA, &GPIO_InitStruct);
 192:Core/Src/stm32f4xx_hal_msp.c **** 
 193:Core/Src/stm32f4xx_hal_msp.c ****     /* TIM2 interrupt Init */
 194:Core/Src/stm32f4xx_hal_msp.c ****     HAL_NVIC_SetPriority(TIM2_IRQn, 6, 0);
 195:Core/Src/stm32f4xx_hal_msp.c ****     HAL_NVIC_EnableIRQ(TIM2_IRQn);
 196:Core/Src/stm32f4xx_hal_msp.c ****   /* USER CODE BEGIN TIM2_MspInit 1 */
 197:Core/Src/stm32f4xx_hal_msp.c **** 
 198:Core/Src/stm32f4xx_hal_msp.c ****   /* USER CODE END TIM2_MspInit 1 */
 199:Core/Src/stm32f4xx_hal_msp.c ****   }
 200:Core/Src/stm32f4xx_hal_msp.c ****   else if(htim_encoder->Instance==TIM3)
 351              		.loc 1 200 8 is_stmt 1 view .LVU89
 352              		.loc 1 200 10 is_stmt 0 view .LVU90
 353 0018 2B4A     		ldr	r2, .L28
 354 001a 9342     		cmp	r3, r2
 355 001c 2BD0     		beq	.L27
 356              	.LVL13:
 357              	.L22:
 201:Core/Src/stm32f4xx_hal_msp.c ****   {
 202:Core/Src/stm32f4xx_hal_msp.c ****   /* USER CODE BEGIN TIM3_MspInit 0 */
 203:Core/Src/stm32f4xx_hal_msp.c **** 
 204:Core/Src/stm32f4xx_hal_msp.c ****   /* USER CODE END TIM3_MspInit 0 */
 205:Core/Src/stm32f4xx_hal_msp.c ****     /* Peripheral clock enable */
 206:Core/Src/stm32f4xx_hal_msp.c ****     __HAL_RCC_TIM3_CLK_ENABLE();
 207:Core/Src/stm32f4xx_hal_msp.c **** 
 208:Core/Src/stm32f4xx_hal_msp.c ****     __HAL_RCC_GPIOA_CLK_ENABLE();
 209:Core/Src/stm32f4xx_hal_msp.c ****     /**TIM3 GPIO Configuration
 210:Core/Src/stm32f4xx_hal_msp.c ****     PA6     ------> TIM3_CH1
 211:Core/Src/stm32f4xx_hal_msp.c ****     PA7     ------> TIM3_CH2
 212:Core/Src/stm32f4xx_hal_msp.c ****     */
 213:Core/Src/stm32f4xx_hal_msp.c ****     GPIO_InitStruct.Pin = GPIO_PIN_6|GPIO_PIN_7;
 214:Core/Src/stm32f4xx_hal_msp.c ****     GPIO_InitStruct.Mode = GPIO_MODE_AF_PP;
 215:Core/Src/stm32f4xx_hal_msp.c ****     GPIO_InitStruct.Pull = GPIO_NOPULL;
 216:Core/Src/stm32f4xx_hal_msp.c ****     GPIO_InitStruct.Speed = GPIO_SPEED_FREQ_LOW;
 217:Core/Src/stm32f4xx_hal_msp.c ****     GPIO_InitStruct.Alternate = GPIO_AF2_TIM3;
 218:Core/Src/stm32f4xx_hal_msp.c ****     HAL_GPIO_Init(GPIOA, &GPIO_InitStruct);
 219:Core/Src/stm32f4xx_hal_msp.c **** 
 220:Core/Src/stm32f4xx_hal_msp.c ****     /* TIM3 interrupt Init */
 221:Core/Src/stm32f4xx_hal_msp.c ****     HAL_NVIC_SetPriority(TIM3_IRQn, 7, 0);
 222:Core/Src/stm32f4xx_hal_msp.c ****     HAL_NVIC_EnableIRQ(TIM3_IRQn);
 223:Core/Src/stm32f4xx_hal_msp.c ****   /* USER CODE BEGIN TIM3_MspInit 1 */
 224:Core/Src/stm32f4xx_hal_msp.c **** 
 225:Core/Src/stm32f4xx_hal_msp.c ****   /* USER CODE END TIM3_MspInit 1 */
 226:Core/Src/stm32f4xx_hal_msp.c ****   }
 227:Core/Src/stm32f4xx_hal_msp.c **** 
 228:Core/Src/stm32f4xx_hal_msp.c **** }
 358              		.loc 1 228 1 view .LVU91
ARM GAS  C:\Users\CuongLe\AppData\Local\Temp\ccLxxuis.s 			page 12


 359 001e 0AB0     		add	sp, sp, #40
 360              	.LCFI9:
 361              		.cfi_remember_state
 362              		.cfi_def_cfa_offset 8
 363              		@ sp needed
 364 0020 10BD     		pop	{r4, pc}
 365              	.LVL14:
 366              	.L26:
 367              	.LCFI10:
 368              		.cfi_restore_state
 179:Core/Src/stm32f4xx_hal_msp.c **** 
 369              		.loc 1 179 5 is_stmt 1 view .LVU92
 370              	.LBB6:
 179:Core/Src/stm32f4xx_hal_msp.c **** 
 371              		.loc 1 179 5 view .LVU93
 372 0022 0024     		movs	r4, #0
 373 0024 0194     		str	r4, [sp, #4]
 179:Core/Src/stm32f4xx_hal_msp.c **** 
 374              		.loc 1 179 5 view .LVU94
 375 0026 03F50E33 		add	r3, r3, #145408
 376 002a 1A6C     		ldr	r2, [r3, #64]
 377 002c 42F00102 		orr	r2, r2, #1
 378 0030 1A64     		str	r2, [r3, #64]
 179:Core/Src/stm32f4xx_hal_msp.c **** 
 379              		.loc 1 179 5 view .LVU95
 380 0032 1A6C     		ldr	r2, [r3, #64]
 381 0034 02F00102 		and	r2, r2, #1
 382 0038 0192     		str	r2, [sp, #4]
 179:Core/Src/stm32f4xx_hal_msp.c **** 
 383              		.loc 1 179 5 view .LVU96
 384 003a 019A     		ldr	r2, [sp, #4]
 385              	.LBE6:
 179:Core/Src/stm32f4xx_hal_msp.c **** 
 386              		.loc 1 179 5 view .LVU97
 181:Core/Src/stm32f4xx_hal_msp.c ****     /**TIM2 GPIO Configuration
 387              		.loc 1 181 5 view .LVU98
 388              	.LBB7:
 181:Core/Src/stm32f4xx_hal_msp.c ****     /**TIM2 GPIO Configuration
 389              		.loc 1 181 5 view .LVU99
 390 003c 0294     		str	r4, [sp, #8]
 181:Core/Src/stm32f4xx_hal_msp.c ****     /**TIM2 GPIO Configuration
 391              		.loc 1 181 5 view .LVU100
 392 003e 1A6B     		ldr	r2, [r3, #48]
 393 0040 42F00102 		orr	r2, r2, #1
 394 0044 1A63     		str	r2, [r3, #48]
 181:Core/Src/stm32f4xx_hal_msp.c ****     /**TIM2 GPIO Configuration
 395              		.loc 1 181 5 view .LVU101
 396 0046 1B6B     		ldr	r3, [r3, #48]
 397 0048 03F00103 		and	r3, r3, #1
 398 004c 0293     		str	r3, [sp, #8]
 181:Core/Src/stm32f4xx_hal_msp.c ****     /**TIM2 GPIO Configuration
 399              		.loc 1 181 5 view .LVU102
 400 004e 029B     		ldr	r3, [sp, #8]
 401              	.LBE7:
 181:Core/Src/stm32f4xx_hal_msp.c ****     /**TIM2 GPIO Configuration
 402              		.loc 1 181 5 view .LVU103
 186:Core/Src/stm32f4xx_hal_msp.c ****     GPIO_InitStruct.Mode = GPIO_MODE_AF_PP;
ARM GAS  C:\Users\CuongLe\AppData\Local\Temp\ccLxxuis.s 			page 13


 403              		.loc 1 186 5 view .LVU104
 186:Core/Src/stm32f4xx_hal_msp.c ****     GPIO_InitStruct.Mode = GPIO_MODE_AF_PP;
 404              		.loc 1 186 25 is_stmt 0 view .LVU105
 405 0050 0323     		movs	r3, #3
 406 0052 0593     		str	r3, [sp, #20]
 187:Core/Src/stm32f4xx_hal_msp.c ****     GPIO_InitStruct.Pull = GPIO_NOPULL;
 407              		.loc 1 187 5 is_stmt 1 view .LVU106
 187:Core/Src/stm32f4xx_hal_msp.c ****     GPIO_InitStruct.Pull = GPIO_NOPULL;
 408              		.loc 1 187 26 is_stmt 0 view .LVU107
 409 0054 0223     		movs	r3, #2
 410 0056 0693     		str	r3, [sp, #24]
 188:Core/Src/stm32f4xx_hal_msp.c ****     GPIO_InitStruct.Speed = GPIO_SPEED_FREQ_LOW;
 411              		.loc 1 188 5 is_stmt 1 view .LVU108
 189:Core/Src/stm32f4xx_hal_msp.c ****     GPIO_InitStruct.Alternate = GPIO_AF1_TIM2;
 412              		.loc 1 189 5 view .LVU109
 190:Core/Src/stm32f4xx_hal_msp.c ****     HAL_GPIO_Init(GPIOA, &GPIO_InitStruct);
 413              		.loc 1 190 5 view .LVU110
 190:Core/Src/stm32f4xx_hal_msp.c ****     HAL_GPIO_Init(GPIOA, &GPIO_InitStruct);
 414              		.loc 1 190 31 is_stmt 0 view .LVU111
 415 0058 0123     		movs	r3, #1
 416 005a 0993     		str	r3, [sp, #36]
 191:Core/Src/stm32f4xx_hal_msp.c **** 
 417              		.loc 1 191 5 is_stmt 1 view .LVU112
 418 005c 05A9     		add	r1, sp, #20
 419 005e 1B48     		ldr	r0, .L28+4
 420              	.LVL15:
 191:Core/Src/stm32f4xx_hal_msp.c **** 
 421              		.loc 1 191 5 is_stmt 0 view .LVU113
 422 0060 FFF7FEFF 		bl	HAL_GPIO_Init
 423              	.LVL16:
 194:Core/Src/stm32f4xx_hal_msp.c ****     HAL_NVIC_EnableIRQ(TIM2_IRQn);
 424              		.loc 1 194 5 is_stmt 1 view .LVU114
 425 0064 2246     		mov	r2, r4
 426 0066 0621     		movs	r1, #6
 427 0068 1C20     		movs	r0, #28
 428 006a FFF7FEFF 		bl	HAL_NVIC_SetPriority
 429              	.LVL17:
 195:Core/Src/stm32f4xx_hal_msp.c ****   /* USER CODE BEGIN TIM2_MspInit 1 */
 430              		.loc 1 195 5 view .LVU115
 431 006e 1C20     		movs	r0, #28
 432 0070 FFF7FEFF 		bl	HAL_NVIC_EnableIRQ
 433              	.LVL18:
 434 0074 D3E7     		b	.L22
 435              	.LVL19:
 436              	.L27:
 206:Core/Src/stm32f4xx_hal_msp.c **** 
 437              		.loc 1 206 5 view .LVU116
 438              	.LBB8:
 206:Core/Src/stm32f4xx_hal_msp.c **** 
 439              		.loc 1 206 5 view .LVU117
 440 0076 0024     		movs	r4, #0
 441 0078 0394     		str	r4, [sp, #12]
 206:Core/Src/stm32f4xx_hal_msp.c **** 
 442              		.loc 1 206 5 view .LVU118
 443 007a 154B     		ldr	r3, .L28+8
 444 007c 1A6C     		ldr	r2, [r3, #64]
 445 007e 42F00202 		orr	r2, r2, #2
ARM GAS  C:\Users\CuongLe\AppData\Local\Temp\ccLxxuis.s 			page 14


 446 0082 1A64     		str	r2, [r3, #64]
 206:Core/Src/stm32f4xx_hal_msp.c **** 
 447              		.loc 1 206 5 view .LVU119
 448 0084 1A6C     		ldr	r2, [r3, #64]
 449 0086 02F00202 		and	r2, r2, #2
 450 008a 0392     		str	r2, [sp, #12]
 206:Core/Src/stm32f4xx_hal_msp.c **** 
 451              		.loc 1 206 5 view .LVU120
 452 008c 039A     		ldr	r2, [sp, #12]
 453              	.LBE8:
 206:Core/Src/stm32f4xx_hal_msp.c **** 
 454              		.loc 1 206 5 view .LVU121
 208:Core/Src/stm32f4xx_hal_msp.c ****     /**TIM3 GPIO Configuration
 455              		.loc 1 208 5 view .LVU122
 456              	.LBB9:
 208:Core/Src/stm32f4xx_hal_msp.c ****     /**TIM3 GPIO Configuration
 457              		.loc 1 208 5 view .LVU123
 458 008e 0494     		str	r4, [sp, #16]
 208:Core/Src/stm32f4xx_hal_msp.c ****     /**TIM3 GPIO Configuration
 459              		.loc 1 208 5 view .LVU124
 460 0090 1A6B     		ldr	r2, [r3, #48]
 461 0092 42F00102 		orr	r2, r2, #1
 462 0096 1A63     		str	r2, [r3, #48]
 208:Core/Src/stm32f4xx_hal_msp.c ****     /**TIM3 GPIO Configuration
 463              		.loc 1 208 5 view .LVU125
 464 0098 1B6B     		ldr	r3, [r3, #48]
 465 009a 03F00103 		and	r3, r3, #1
 466 009e 0493     		str	r3, [sp, #16]
 208:Core/Src/stm32f4xx_hal_msp.c ****     /**TIM3 GPIO Configuration
 467              		.loc 1 208 5 view .LVU126
 468 00a0 049B     		ldr	r3, [sp, #16]
 469              	.LBE9:
 208:Core/Src/stm32f4xx_hal_msp.c ****     /**TIM3 GPIO Configuration
 470              		.loc 1 208 5 view .LVU127
 213:Core/Src/stm32f4xx_hal_msp.c ****     GPIO_InitStruct.Mode = GPIO_MODE_AF_PP;
 471              		.loc 1 213 5 view .LVU128
 213:Core/Src/stm32f4xx_hal_msp.c ****     GPIO_InitStruct.Mode = GPIO_MODE_AF_PP;
 472              		.loc 1 213 25 is_stmt 0 view .LVU129
 473 00a2 C023     		movs	r3, #192
 474 00a4 0593     		str	r3, [sp, #20]
 214:Core/Src/stm32f4xx_hal_msp.c ****     GPIO_InitStruct.Pull = GPIO_NOPULL;
 475              		.loc 1 214 5 is_stmt 1 view .LVU130
 214:Core/Src/stm32f4xx_hal_msp.c ****     GPIO_InitStruct.Pull = GPIO_NOPULL;
 476              		.loc 1 214 26 is_stmt 0 view .LVU131
 477 00a6 0223     		movs	r3, #2
 478 00a8 0693     		str	r3, [sp, #24]
 215:Core/Src/stm32f4xx_hal_msp.c ****     GPIO_InitStruct.Speed = GPIO_SPEED_FREQ_LOW;
 479              		.loc 1 215 5 is_stmt 1 view .LVU132
 216:Core/Src/stm32f4xx_hal_msp.c ****     GPIO_InitStruct.Alternate = GPIO_AF2_TIM3;
 480              		.loc 1 216 5 view .LVU133
 217:Core/Src/stm32f4xx_hal_msp.c ****     HAL_GPIO_Init(GPIOA, &GPIO_InitStruct);
 481              		.loc 1 217 5 view .LVU134
 217:Core/Src/stm32f4xx_hal_msp.c ****     HAL_GPIO_Init(GPIOA, &GPIO_InitStruct);
 482              		.loc 1 217 31 is_stmt 0 view .LVU135
 483 00aa 0993     		str	r3, [sp, #36]
 218:Core/Src/stm32f4xx_hal_msp.c **** 
 484              		.loc 1 218 5 is_stmt 1 view .LVU136
ARM GAS  C:\Users\CuongLe\AppData\Local\Temp\ccLxxuis.s 			page 15


 485 00ac 05A9     		add	r1, sp, #20
 486 00ae 0748     		ldr	r0, .L28+4
 487              	.LVL20:
 218:Core/Src/stm32f4xx_hal_msp.c **** 
 488              		.loc 1 218 5 is_stmt 0 view .LVU137
 489 00b0 FFF7FEFF 		bl	HAL_GPIO_Init
 490              	.LVL21:
 221:Core/Src/stm32f4xx_hal_msp.c ****     HAL_NVIC_EnableIRQ(TIM3_IRQn);
 491              		.loc 1 221 5 is_stmt 1 view .LVU138
 492 00b4 2246     		mov	r2, r4
 493 00b6 0721     		movs	r1, #7
 494 00b8 1D20     		movs	r0, #29
 495 00ba FFF7FEFF 		bl	HAL_NVIC_SetPriority
 496              	.LVL22:
 222:Core/Src/stm32f4xx_hal_msp.c ****   /* USER CODE BEGIN TIM3_MspInit 1 */
 497              		.loc 1 222 5 view .LVU139
 498 00be 1D20     		movs	r0, #29
 499 00c0 FFF7FEFF 		bl	HAL_NVIC_EnableIRQ
 500              	.LVL23:
 501              		.loc 1 228 1 is_stmt 0 view .LVU140
 502 00c4 ABE7     		b	.L22
 503              	.L29:
 504 00c6 00BF     		.align	2
 505              	.L28:
 506 00c8 00040040 		.word	1073742848
 507 00cc 00000240 		.word	1073872896
 508 00d0 00380240 		.word	1073887232
 509              		.cfi_endproc
 510              	.LFE291:
 512              		.section	.text.HAL_TIM_Base_MspInit,"ax",%progbits
 513              		.align	1
 514              		.global	HAL_TIM_Base_MspInit
 515              		.syntax unified
 516              		.thumb
 517              		.thumb_func
 519              	HAL_TIM_Base_MspInit:
 520              	.LVL24:
 521              	.LFB292:
 229:Core/Src/stm32f4xx_hal_msp.c **** 
 230:Core/Src/stm32f4xx_hal_msp.c **** /**
 231:Core/Src/stm32f4xx_hal_msp.c **** * @brief TIM_Base MSP Initialization
 232:Core/Src/stm32f4xx_hal_msp.c **** * This function configures the hardware resources used in this example
 233:Core/Src/stm32f4xx_hal_msp.c **** * @param htim_base: TIM_Base handle pointer
 234:Core/Src/stm32f4xx_hal_msp.c **** * @retval None
 235:Core/Src/stm32f4xx_hal_msp.c **** */
 236:Core/Src/stm32f4xx_hal_msp.c **** void HAL_TIM_Base_MspInit(TIM_HandleTypeDef* htim_base)
 237:Core/Src/stm32f4xx_hal_msp.c **** {
 522              		.loc 1 237 1 is_stmt 1 view -0
 523              		.cfi_startproc
 524              		@ args = 0, pretend = 0, frame = 8
 525              		@ frame_needed = 0, uses_anonymous_args = 0
 526              		.loc 1 237 1 is_stmt 0 view .LVU142
 527 0000 00B5     		push	{lr}
 528              	.LCFI11:
 529              		.cfi_def_cfa_offset 4
 530              		.cfi_offset 14, -4
 531 0002 83B0     		sub	sp, sp, #12
ARM GAS  C:\Users\CuongLe\AppData\Local\Temp\ccLxxuis.s 			page 16


 532              	.LCFI12:
 533              		.cfi_def_cfa_offset 16
 238:Core/Src/stm32f4xx_hal_msp.c ****   if(htim_base->Instance==TIM6)
 534              		.loc 1 238 3 is_stmt 1 view .LVU143
 535              		.loc 1 238 15 is_stmt 0 view .LVU144
 536 0004 0368     		ldr	r3, [r0]
 537              		.loc 1 238 5 view .LVU145
 538 0006 184A     		ldr	r2, .L36
 539 0008 9342     		cmp	r3, r2
 540 000a 05D0     		beq	.L34
 239:Core/Src/stm32f4xx_hal_msp.c ****   {
 240:Core/Src/stm32f4xx_hal_msp.c ****   /* USER CODE BEGIN TIM6_MspInit 0 */
 241:Core/Src/stm32f4xx_hal_msp.c **** 
 242:Core/Src/stm32f4xx_hal_msp.c ****   /* USER CODE END TIM6_MspInit 0 */
 243:Core/Src/stm32f4xx_hal_msp.c ****     /* Peripheral clock enable */
 244:Core/Src/stm32f4xx_hal_msp.c ****     __HAL_RCC_TIM6_CLK_ENABLE();
 245:Core/Src/stm32f4xx_hal_msp.c ****     /* TIM6 interrupt Init */
 246:Core/Src/stm32f4xx_hal_msp.c ****     HAL_NVIC_SetPriority(TIM6_DAC_IRQn, 9, 0);
 247:Core/Src/stm32f4xx_hal_msp.c ****     HAL_NVIC_EnableIRQ(TIM6_DAC_IRQn);
 248:Core/Src/stm32f4xx_hal_msp.c ****   /* USER CODE BEGIN TIM6_MspInit 1 */
 249:Core/Src/stm32f4xx_hal_msp.c **** 
 250:Core/Src/stm32f4xx_hal_msp.c ****   /* USER CODE END TIM6_MspInit 1 */
 251:Core/Src/stm32f4xx_hal_msp.c ****   }
 252:Core/Src/stm32f4xx_hal_msp.c ****   else if(htim_base->Instance==TIM7)
 541              		.loc 1 252 8 is_stmt 1 view .LVU146
 542              		.loc 1 252 10 is_stmt 0 view .LVU147
 543 000c 174A     		ldr	r2, .L36+4
 544 000e 9342     		cmp	r3, r2
 545 0010 16D0     		beq	.L35
 546              	.LVL25:
 547              	.L30:
 253:Core/Src/stm32f4xx_hal_msp.c ****   {
 254:Core/Src/stm32f4xx_hal_msp.c ****   /* USER CODE BEGIN TIM7_MspInit 0 */
 255:Core/Src/stm32f4xx_hal_msp.c **** 
 256:Core/Src/stm32f4xx_hal_msp.c ****   /* USER CODE END TIM7_MspInit 0 */
 257:Core/Src/stm32f4xx_hal_msp.c ****     /* Peripheral clock enable */
 258:Core/Src/stm32f4xx_hal_msp.c ****     __HAL_RCC_TIM7_CLK_ENABLE();
 259:Core/Src/stm32f4xx_hal_msp.c ****     /* TIM7 interrupt Init */
 260:Core/Src/stm32f4xx_hal_msp.c ****     HAL_NVIC_SetPriority(TIM7_IRQn, 10, 0);
 261:Core/Src/stm32f4xx_hal_msp.c ****     HAL_NVIC_EnableIRQ(TIM7_IRQn);
 262:Core/Src/stm32f4xx_hal_msp.c ****   /* USER CODE BEGIN TIM7_MspInit 1 */
 263:Core/Src/stm32f4xx_hal_msp.c **** 
 264:Core/Src/stm32f4xx_hal_msp.c ****   /* USER CODE END TIM7_MspInit 1 */
 265:Core/Src/stm32f4xx_hal_msp.c ****   }
 266:Core/Src/stm32f4xx_hal_msp.c **** 
 267:Core/Src/stm32f4xx_hal_msp.c **** }
 548              		.loc 1 267 1 view .LVU148
 549 0012 03B0     		add	sp, sp, #12
 550              	.LCFI13:
 551              		.cfi_remember_state
 552              		.cfi_def_cfa_offset 4
 553              		@ sp needed
 554 0014 5DF804FB 		ldr	pc, [sp], #4
 555              	.LVL26:
 556              	.L34:
 557              	.LCFI14:
 558              		.cfi_restore_state
ARM GAS  C:\Users\CuongLe\AppData\Local\Temp\ccLxxuis.s 			page 17


 244:Core/Src/stm32f4xx_hal_msp.c ****     /* TIM6 interrupt Init */
 559              		.loc 1 244 5 is_stmt 1 view .LVU149
 560              	.LBB10:
 244:Core/Src/stm32f4xx_hal_msp.c ****     /* TIM6 interrupt Init */
 561              		.loc 1 244 5 view .LVU150
 562 0018 0022     		movs	r2, #0
 563 001a 0092     		str	r2, [sp]
 244:Core/Src/stm32f4xx_hal_msp.c ****     /* TIM6 interrupt Init */
 564              		.loc 1 244 5 view .LVU151
 565 001c 144B     		ldr	r3, .L36+8
 566 001e 196C     		ldr	r1, [r3, #64]
 567 0020 41F01001 		orr	r1, r1, #16
 568 0024 1964     		str	r1, [r3, #64]
 244:Core/Src/stm32f4xx_hal_msp.c ****     /* TIM6 interrupt Init */
 569              		.loc 1 244 5 view .LVU152
 570 0026 1B6C     		ldr	r3, [r3, #64]
 571 0028 03F01003 		and	r3, r3, #16
 572 002c 0093     		str	r3, [sp]
 244:Core/Src/stm32f4xx_hal_msp.c ****     /* TIM6 interrupt Init */
 573              		.loc 1 244 5 view .LVU153
 574 002e 009B     		ldr	r3, [sp]
 575              	.LBE10:
 244:Core/Src/stm32f4xx_hal_msp.c ****     /* TIM6 interrupt Init */
 576              		.loc 1 244 5 view .LVU154
 246:Core/Src/stm32f4xx_hal_msp.c ****     HAL_NVIC_EnableIRQ(TIM6_DAC_IRQn);
 577              		.loc 1 246 5 view .LVU155
 578 0030 0921     		movs	r1, #9
 579 0032 3620     		movs	r0, #54
 580              	.LVL27:
 246:Core/Src/stm32f4xx_hal_msp.c ****     HAL_NVIC_EnableIRQ(TIM6_DAC_IRQn);
 581              		.loc 1 246 5 is_stmt 0 view .LVU156
 582 0034 FFF7FEFF 		bl	HAL_NVIC_SetPriority
 583              	.LVL28:
 247:Core/Src/stm32f4xx_hal_msp.c ****   /* USER CODE BEGIN TIM6_MspInit 1 */
 584              		.loc 1 247 5 is_stmt 1 view .LVU157
 585 0038 3620     		movs	r0, #54
 586 003a FFF7FEFF 		bl	HAL_NVIC_EnableIRQ
 587              	.LVL29:
 588 003e E8E7     		b	.L30
 589              	.LVL30:
 590              	.L35:
 258:Core/Src/stm32f4xx_hal_msp.c ****     /* TIM7 interrupt Init */
 591              		.loc 1 258 5 view .LVU158
 592              	.LBB11:
 258:Core/Src/stm32f4xx_hal_msp.c ****     /* TIM7 interrupt Init */
 593              		.loc 1 258 5 view .LVU159
 594 0040 0022     		movs	r2, #0
 595 0042 0192     		str	r2, [sp, #4]
 258:Core/Src/stm32f4xx_hal_msp.c ****     /* TIM7 interrupt Init */
 596              		.loc 1 258 5 view .LVU160
 597 0044 0A4B     		ldr	r3, .L36+8
 598 0046 196C     		ldr	r1, [r3, #64]
 599 0048 41F02001 		orr	r1, r1, #32
 600 004c 1964     		str	r1, [r3, #64]
 258:Core/Src/stm32f4xx_hal_msp.c ****     /* TIM7 interrupt Init */
 601              		.loc 1 258 5 view .LVU161
 602 004e 1B6C     		ldr	r3, [r3, #64]
ARM GAS  C:\Users\CuongLe\AppData\Local\Temp\ccLxxuis.s 			page 18


 603 0050 03F02003 		and	r3, r3, #32
 604 0054 0193     		str	r3, [sp, #4]
 258:Core/Src/stm32f4xx_hal_msp.c ****     /* TIM7 interrupt Init */
 605              		.loc 1 258 5 view .LVU162
 606 0056 019B     		ldr	r3, [sp, #4]
 607              	.LBE11:
 258:Core/Src/stm32f4xx_hal_msp.c ****     /* TIM7 interrupt Init */
 608              		.loc 1 258 5 view .LVU163
 260:Core/Src/stm32f4xx_hal_msp.c ****     HAL_NVIC_EnableIRQ(TIM7_IRQn);
 609              		.loc 1 260 5 view .LVU164
 610 0058 0A21     		movs	r1, #10
 611 005a 3720     		movs	r0, #55
 612              	.LVL31:
 260:Core/Src/stm32f4xx_hal_msp.c ****     HAL_NVIC_EnableIRQ(TIM7_IRQn);
 613              		.loc 1 260 5 is_stmt 0 view .LVU165
 614 005c FFF7FEFF 		bl	HAL_NVIC_SetPriority
 615              	.LVL32:
 261:Core/Src/stm32f4xx_hal_msp.c ****   /* USER CODE BEGIN TIM7_MspInit 1 */
 616              		.loc 1 261 5 is_stmt 1 view .LVU166
 617 0060 3720     		movs	r0, #55
 618 0062 FFF7FEFF 		bl	HAL_NVIC_EnableIRQ
 619              	.LVL33:
 620              		.loc 1 267 1 is_stmt 0 view .LVU167
 621 0066 D4E7     		b	.L30
 622              	.L37:
 623              		.align	2
 624              	.L36:
 625 0068 00100040 		.word	1073745920
 626 006c 00140040 		.word	1073746944
 627 0070 00380240 		.word	1073887232
 628              		.cfi_endproc
 629              	.LFE292:
 631              		.section	.text.HAL_TIM_Encoder_MspDeInit,"ax",%progbits
 632              		.align	1
 633              		.global	HAL_TIM_Encoder_MspDeInit
 634              		.syntax unified
 635              		.thumb
 636              		.thumb_func
 638              	HAL_TIM_Encoder_MspDeInit:
 639              	.LVL34:
 640              	.LFB293:
 268:Core/Src/stm32f4xx_hal_msp.c **** 
 269:Core/Src/stm32f4xx_hal_msp.c **** /**
 270:Core/Src/stm32f4xx_hal_msp.c **** * @brief TIM_Encoder MSP De-Initialization
 271:Core/Src/stm32f4xx_hal_msp.c **** * This function freeze the hardware resources used in this example
 272:Core/Src/stm32f4xx_hal_msp.c **** * @param htim_encoder: TIM_Encoder handle pointer
 273:Core/Src/stm32f4xx_hal_msp.c **** * @retval None
 274:Core/Src/stm32f4xx_hal_msp.c **** */
 275:Core/Src/stm32f4xx_hal_msp.c **** void HAL_TIM_Encoder_MspDeInit(TIM_HandleTypeDef* htim_encoder)
 276:Core/Src/stm32f4xx_hal_msp.c **** {
 641              		.loc 1 276 1 is_stmt 1 view -0
 642              		.cfi_startproc
 643              		@ args = 0, pretend = 0, frame = 0
 644              		@ frame_needed = 0, uses_anonymous_args = 0
 645              		.loc 1 276 1 is_stmt 0 view .LVU169
 646 0000 08B5     		push	{r3, lr}
 647              	.LCFI15:
ARM GAS  C:\Users\CuongLe\AppData\Local\Temp\ccLxxuis.s 			page 19


 648              		.cfi_def_cfa_offset 8
 649              		.cfi_offset 3, -8
 650              		.cfi_offset 14, -4
 277:Core/Src/stm32f4xx_hal_msp.c ****   if(htim_encoder->Instance==TIM2)
 651              		.loc 1 277 3 is_stmt 1 view .LVU170
 652              		.loc 1 277 18 is_stmt 0 view .LVU171
 653 0002 0368     		ldr	r3, [r0]
 654              		.loc 1 277 5 view .LVU172
 655 0004 B3F1804F 		cmp	r3, #1073741824
 656 0008 03D0     		beq	.L42
 278:Core/Src/stm32f4xx_hal_msp.c ****   {
 279:Core/Src/stm32f4xx_hal_msp.c ****   /* USER CODE BEGIN TIM2_MspDeInit 0 */
 280:Core/Src/stm32f4xx_hal_msp.c **** 
 281:Core/Src/stm32f4xx_hal_msp.c ****   /* USER CODE END TIM2_MspDeInit 0 */
 282:Core/Src/stm32f4xx_hal_msp.c ****     /* Peripheral clock disable */
 283:Core/Src/stm32f4xx_hal_msp.c ****     __HAL_RCC_TIM2_CLK_DISABLE();
 284:Core/Src/stm32f4xx_hal_msp.c **** 
 285:Core/Src/stm32f4xx_hal_msp.c ****     /**TIM2 GPIO Configuration
 286:Core/Src/stm32f4xx_hal_msp.c ****     PA0-WKUP     ------> TIM2_CH1
 287:Core/Src/stm32f4xx_hal_msp.c ****     PA1     ------> TIM2_CH2
 288:Core/Src/stm32f4xx_hal_msp.c ****     */
 289:Core/Src/stm32f4xx_hal_msp.c ****     HAL_GPIO_DeInit(GPIOA, GPIO_PIN_0|GPIO_PIN_1);
 290:Core/Src/stm32f4xx_hal_msp.c **** 
 291:Core/Src/stm32f4xx_hal_msp.c ****     /* TIM2 interrupt DeInit */
 292:Core/Src/stm32f4xx_hal_msp.c ****     HAL_NVIC_DisableIRQ(TIM2_IRQn);
 293:Core/Src/stm32f4xx_hal_msp.c ****   /* USER CODE BEGIN TIM2_MspDeInit 1 */
 294:Core/Src/stm32f4xx_hal_msp.c **** 
 295:Core/Src/stm32f4xx_hal_msp.c ****   /* USER CODE END TIM2_MspDeInit 1 */
 296:Core/Src/stm32f4xx_hal_msp.c ****   }
 297:Core/Src/stm32f4xx_hal_msp.c ****   else if(htim_encoder->Instance==TIM3)
 657              		.loc 1 297 8 is_stmt 1 view .LVU173
 658              		.loc 1 297 10 is_stmt 0 view .LVU174
 659 000a 0F4A     		ldr	r2, .L44
 660 000c 9342     		cmp	r3, r2
 661 000e 0DD0     		beq	.L43
 662              	.LVL35:
 663              	.L38:
 298:Core/Src/stm32f4xx_hal_msp.c ****   {
 299:Core/Src/stm32f4xx_hal_msp.c ****   /* USER CODE BEGIN TIM3_MspDeInit 0 */
 300:Core/Src/stm32f4xx_hal_msp.c **** 
 301:Core/Src/stm32f4xx_hal_msp.c ****   /* USER CODE END TIM3_MspDeInit 0 */
 302:Core/Src/stm32f4xx_hal_msp.c ****     /* Peripheral clock disable */
 303:Core/Src/stm32f4xx_hal_msp.c ****     __HAL_RCC_TIM3_CLK_DISABLE();
 304:Core/Src/stm32f4xx_hal_msp.c **** 
 305:Core/Src/stm32f4xx_hal_msp.c ****     /**TIM3 GPIO Configuration
 306:Core/Src/stm32f4xx_hal_msp.c ****     PA6     ------> TIM3_CH1
 307:Core/Src/stm32f4xx_hal_msp.c ****     PA7     ------> TIM3_CH2
 308:Core/Src/stm32f4xx_hal_msp.c ****     */
 309:Core/Src/stm32f4xx_hal_msp.c ****     HAL_GPIO_DeInit(GPIOA, GPIO_PIN_6|GPIO_PIN_7);
 310:Core/Src/stm32f4xx_hal_msp.c **** 
 311:Core/Src/stm32f4xx_hal_msp.c ****     /* TIM3 interrupt DeInit */
 312:Core/Src/stm32f4xx_hal_msp.c ****     HAL_NVIC_DisableIRQ(TIM3_IRQn);
 313:Core/Src/stm32f4xx_hal_msp.c ****   /* USER CODE BEGIN TIM3_MspDeInit 1 */
 314:Core/Src/stm32f4xx_hal_msp.c **** 
 315:Core/Src/stm32f4xx_hal_msp.c ****   /* USER CODE END TIM3_MspDeInit 1 */
 316:Core/Src/stm32f4xx_hal_msp.c ****   }
 317:Core/Src/stm32f4xx_hal_msp.c **** 
ARM GAS  C:\Users\CuongLe\AppData\Local\Temp\ccLxxuis.s 			page 20


 318:Core/Src/stm32f4xx_hal_msp.c **** }
 664              		.loc 1 318 1 view .LVU175
 665 0010 08BD     		pop	{r3, pc}
 666              	.LVL36:
 667              	.L42:
 283:Core/Src/stm32f4xx_hal_msp.c **** 
 668              		.loc 1 283 5 is_stmt 1 view .LVU176
 669 0012 0E4A     		ldr	r2, .L44+4
 670 0014 136C     		ldr	r3, [r2, #64]
 671 0016 23F00103 		bic	r3, r3, #1
 672 001a 1364     		str	r3, [r2, #64]
 289:Core/Src/stm32f4xx_hal_msp.c **** 
 673              		.loc 1 289 5 view .LVU177
 674 001c 0321     		movs	r1, #3
 675 001e 0C48     		ldr	r0, .L44+8
 676              	.LVL37:
 289:Core/Src/stm32f4xx_hal_msp.c **** 
 677              		.loc 1 289 5 is_stmt 0 view .LVU178
 678 0020 FFF7FEFF 		bl	HAL_GPIO_DeInit
 679              	.LVL38:
 292:Core/Src/stm32f4xx_hal_msp.c ****   /* USER CODE BEGIN TIM2_MspDeInit 1 */
 680              		.loc 1 292 5 is_stmt 1 view .LVU179
 681 0024 1C20     		movs	r0, #28
 682 0026 FFF7FEFF 		bl	HAL_NVIC_DisableIRQ
 683              	.LVL39:
 684 002a F1E7     		b	.L38
 685              	.LVL40:
 686              	.L43:
 303:Core/Src/stm32f4xx_hal_msp.c **** 
 687              		.loc 1 303 5 view .LVU180
 688 002c 02F50D32 		add	r2, r2, #144384
 689 0030 136C     		ldr	r3, [r2, #64]
 690 0032 23F00203 		bic	r3, r3, #2
 691 0036 1364     		str	r3, [r2, #64]
 309:Core/Src/stm32f4xx_hal_msp.c **** 
 692              		.loc 1 309 5 view .LVU181
 693 0038 C021     		movs	r1, #192
 694 003a 0548     		ldr	r0, .L44+8
 695              	.LVL41:
 309:Core/Src/stm32f4xx_hal_msp.c **** 
 696              		.loc 1 309 5 is_stmt 0 view .LVU182
 697 003c FFF7FEFF 		bl	HAL_GPIO_DeInit
 698              	.LVL42:
 312:Core/Src/stm32f4xx_hal_msp.c ****   /* USER CODE BEGIN TIM3_MspDeInit 1 */
 699              		.loc 1 312 5 is_stmt 1 view .LVU183
 700 0040 1D20     		movs	r0, #29
 701 0042 FFF7FEFF 		bl	HAL_NVIC_DisableIRQ
 702              	.LVL43:
 703              		.loc 1 318 1 is_stmt 0 view .LVU184
 704 0046 E3E7     		b	.L38
 705              	.L45:
 706              		.align	2
 707              	.L44:
 708 0048 00040040 		.word	1073742848
 709 004c 00380240 		.word	1073887232
 710 0050 00000240 		.word	1073872896
 711              		.cfi_endproc
ARM GAS  C:\Users\CuongLe\AppData\Local\Temp\ccLxxuis.s 			page 21


 712              	.LFE293:
 714              		.section	.text.HAL_TIM_Base_MspDeInit,"ax",%progbits
 715              		.align	1
 716              		.global	HAL_TIM_Base_MspDeInit
 717              		.syntax unified
 718              		.thumb
 719              		.thumb_func
 721              	HAL_TIM_Base_MspDeInit:
 722              	.LVL44:
 723              	.LFB294:
 319:Core/Src/stm32f4xx_hal_msp.c **** 
 320:Core/Src/stm32f4xx_hal_msp.c **** /**
 321:Core/Src/stm32f4xx_hal_msp.c **** * @brief TIM_Base MSP De-Initialization
 322:Core/Src/stm32f4xx_hal_msp.c **** * This function freeze the hardware resources used in this example
 323:Core/Src/stm32f4xx_hal_msp.c **** * @param htim_base: TIM_Base handle pointer
 324:Core/Src/stm32f4xx_hal_msp.c **** * @retval None
 325:Core/Src/stm32f4xx_hal_msp.c **** */
 326:Core/Src/stm32f4xx_hal_msp.c **** void HAL_TIM_Base_MspDeInit(TIM_HandleTypeDef* htim_base)
 327:Core/Src/stm32f4xx_hal_msp.c **** {
 724              		.loc 1 327 1 is_stmt 1 view -0
 725              		.cfi_startproc
 726              		@ args = 0, pretend = 0, frame = 0
 727              		@ frame_needed = 0, uses_anonymous_args = 0
 728              		.loc 1 327 1 is_stmt 0 view .LVU186
 729 0000 08B5     		push	{r3, lr}
 730              	.LCFI16:
 731              		.cfi_def_cfa_offset 8
 732              		.cfi_offset 3, -8
 733              		.cfi_offset 14, -4
 328:Core/Src/stm32f4xx_hal_msp.c ****   if(htim_base->Instance==TIM6)
 734              		.loc 1 328 3 is_stmt 1 view .LVU187
 735              		.loc 1 328 15 is_stmt 0 view .LVU188
 736 0002 0368     		ldr	r3, [r0]
 737              		.loc 1 328 5 view .LVU189
 738 0004 0D4A     		ldr	r2, .L52
 739 0006 9342     		cmp	r3, r2
 740 0008 03D0     		beq	.L50
 329:Core/Src/stm32f4xx_hal_msp.c ****   {
 330:Core/Src/stm32f4xx_hal_msp.c ****   /* USER CODE BEGIN TIM6_MspDeInit 0 */
 331:Core/Src/stm32f4xx_hal_msp.c **** 
 332:Core/Src/stm32f4xx_hal_msp.c ****   /* USER CODE END TIM6_MspDeInit 0 */
 333:Core/Src/stm32f4xx_hal_msp.c ****     /* Peripheral clock disable */
 334:Core/Src/stm32f4xx_hal_msp.c ****     __HAL_RCC_TIM6_CLK_DISABLE();
 335:Core/Src/stm32f4xx_hal_msp.c **** 
 336:Core/Src/stm32f4xx_hal_msp.c ****     /* TIM6 interrupt DeInit */
 337:Core/Src/stm32f4xx_hal_msp.c ****     HAL_NVIC_DisableIRQ(TIM6_DAC_IRQn);
 338:Core/Src/stm32f4xx_hal_msp.c ****   /* USER CODE BEGIN TIM6_MspDeInit 1 */
 339:Core/Src/stm32f4xx_hal_msp.c **** 
 340:Core/Src/stm32f4xx_hal_msp.c ****   /* USER CODE END TIM6_MspDeInit 1 */
 341:Core/Src/stm32f4xx_hal_msp.c ****   }
 342:Core/Src/stm32f4xx_hal_msp.c ****   else if(htim_base->Instance==TIM7)
 741              		.loc 1 342 8 is_stmt 1 view .LVU190
 742              		.loc 1 342 10 is_stmt 0 view .LVU191
 743 000a 0D4A     		ldr	r2, .L52+4
 744 000c 9342     		cmp	r3, r2
 745 000e 0AD0     		beq	.L51
 746              	.LVL45:
ARM GAS  C:\Users\CuongLe\AppData\Local\Temp\ccLxxuis.s 			page 22


 747              	.L46:
 343:Core/Src/stm32f4xx_hal_msp.c ****   {
 344:Core/Src/stm32f4xx_hal_msp.c ****   /* USER CODE BEGIN TIM7_MspDeInit 0 */
 345:Core/Src/stm32f4xx_hal_msp.c **** 
 346:Core/Src/stm32f4xx_hal_msp.c ****   /* USER CODE END TIM7_MspDeInit 0 */
 347:Core/Src/stm32f4xx_hal_msp.c ****     /* Peripheral clock disable */
 348:Core/Src/stm32f4xx_hal_msp.c ****     __HAL_RCC_TIM7_CLK_DISABLE();
 349:Core/Src/stm32f4xx_hal_msp.c **** 
 350:Core/Src/stm32f4xx_hal_msp.c ****     /* TIM7 interrupt DeInit */
 351:Core/Src/stm32f4xx_hal_msp.c ****     HAL_NVIC_DisableIRQ(TIM7_IRQn);
 352:Core/Src/stm32f4xx_hal_msp.c ****   /* USER CODE BEGIN TIM7_MspDeInit 1 */
 353:Core/Src/stm32f4xx_hal_msp.c **** 
 354:Core/Src/stm32f4xx_hal_msp.c ****   /* USER CODE END TIM7_MspDeInit 1 */
 355:Core/Src/stm32f4xx_hal_msp.c ****   }
 356:Core/Src/stm32f4xx_hal_msp.c **** 
 357:Core/Src/stm32f4xx_hal_msp.c **** }
 748              		.loc 1 357 1 view .LVU192
 749 0010 08BD     		pop	{r3, pc}
 750              	.LVL46:
 751              	.L50:
 334:Core/Src/stm32f4xx_hal_msp.c **** 
 752              		.loc 1 334 5 is_stmt 1 view .LVU193
 753 0012 02F50A32 		add	r2, r2, #141312
 754 0016 136C     		ldr	r3, [r2, #64]
 755 0018 23F01003 		bic	r3, r3, #16
 756 001c 1364     		str	r3, [r2, #64]
 337:Core/Src/stm32f4xx_hal_msp.c ****   /* USER CODE BEGIN TIM6_MspDeInit 1 */
 757              		.loc 1 337 5 view .LVU194
 758 001e 3620     		movs	r0, #54
 759              	.LVL47:
 337:Core/Src/stm32f4xx_hal_msp.c ****   /* USER CODE BEGIN TIM6_MspDeInit 1 */
 760              		.loc 1 337 5 is_stmt 0 view .LVU195
 761 0020 FFF7FEFF 		bl	HAL_NVIC_DisableIRQ
 762              	.LVL48:
 763 0024 F4E7     		b	.L46
 764              	.LVL49:
 765              	.L51:
 348:Core/Src/stm32f4xx_hal_msp.c **** 
 766              		.loc 1 348 5 is_stmt 1 view .LVU196
 767 0026 02F50932 		add	r2, r2, #140288
 768 002a 136C     		ldr	r3, [r2, #64]
 769 002c 23F02003 		bic	r3, r3, #32
 770 0030 1364     		str	r3, [r2, #64]
 351:Core/Src/stm32f4xx_hal_msp.c ****   /* USER CODE BEGIN TIM7_MspDeInit 1 */
 771              		.loc 1 351 5 view .LVU197
 772 0032 3720     		movs	r0, #55
 773              	.LVL50:
 351:Core/Src/stm32f4xx_hal_msp.c ****   /* USER CODE BEGIN TIM7_MspDeInit 1 */
 774              		.loc 1 351 5 is_stmt 0 view .LVU198
 775 0034 FFF7FEFF 		bl	HAL_NVIC_DisableIRQ
 776              	.LVL51:
 777              		.loc 1 357 1 view .LVU199
 778 0038 EAE7     		b	.L46
 779              	.L53:
 780 003a 00BF     		.align	2
 781              	.L52:
 782 003c 00100040 		.word	1073745920
ARM GAS  C:\Users\CuongLe\AppData\Local\Temp\ccLxxuis.s 			page 23


 783 0040 00140040 		.word	1073746944
 784              		.cfi_endproc
 785              	.LFE294:
 787              		.section	.text.HAL_UART_MspInit,"ax",%progbits
 788              		.align	1
 789              		.global	HAL_UART_MspInit
 790              		.syntax unified
 791              		.thumb
 792              		.thumb_func
 794              	HAL_UART_MspInit:
 795              	.LVL52:
 796              	.LFB295:
 358:Core/Src/stm32f4xx_hal_msp.c **** 
 359:Core/Src/stm32f4xx_hal_msp.c **** /**
 360:Core/Src/stm32f4xx_hal_msp.c **** * @brief UART MSP Initialization
 361:Core/Src/stm32f4xx_hal_msp.c **** * This function configures the hardware resources used in this example
 362:Core/Src/stm32f4xx_hal_msp.c **** * @param huart: UART handle pointer
 363:Core/Src/stm32f4xx_hal_msp.c **** * @retval None
 364:Core/Src/stm32f4xx_hal_msp.c **** */
 365:Core/Src/stm32f4xx_hal_msp.c **** void HAL_UART_MspInit(UART_HandleTypeDef* huart)
 366:Core/Src/stm32f4xx_hal_msp.c **** {
 797              		.loc 1 366 1 is_stmt 1 view -0
 798              		.cfi_startproc
 799              		@ args = 0, pretend = 0, frame = 40
 800              		@ frame_needed = 0, uses_anonymous_args = 0
 801              		.loc 1 366 1 is_stmt 0 view .LVU201
 802 0000 10B5     		push	{r4, lr}
 803              	.LCFI17:
 804              		.cfi_def_cfa_offset 8
 805              		.cfi_offset 4, -8
 806              		.cfi_offset 14, -4
 807 0002 8AB0     		sub	sp, sp, #40
 808              	.LCFI18:
 809              		.cfi_def_cfa_offset 48
 367:Core/Src/stm32f4xx_hal_msp.c ****   GPIO_InitTypeDef GPIO_InitStruct = {0};
 810              		.loc 1 367 3 is_stmt 1 view .LVU202
 811              		.loc 1 367 20 is_stmt 0 view .LVU203
 812 0004 0023     		movs	r3, #0
 813 0006 0593     		str	r3, [sp, #20]
 814 0008 0693     		str	r3, [sp, #24]
 815 000a 0793     		str	r3, [sp, #28]
 816 000c 0893     		str	r3, [sp, #32]
 817 000e 0993     		str	r3, [sp, #36]
 368:Core/Src/stm32f4xx_hal_msp.c ****   if(huart->Instance==USART2)
 818              		.loc 1 368 3 is_stmt 1 view .LVU204
 819              		.loc 1 368 11 is_stmt 0 view .LVU205
 820 0010 0368     		ldr	r3, [r0]
 821              		.loc 1 368 5 view .LVU206
 822 0012 2F4A     		ldr	r2, .L60
 823 0014 9342     		cmp	r3, r2
 824 0016 04D0     		beq	.L58
 369:Core/Src/stm32f4xx_hal_msp.c ****   {
 370:Core/Src/stm32f4xx_hal_msp.c ****   /* USER CODE BEGIN USART2_MspInit 0 */
 371:Core/Src/stm32f4xx_hal_msp.c **** 
 372:Core/Src/stm32f4xx_hal_msp.c ****   /* USER CODE END USART2_MspInit 0 */
 373:Core/Src/stm32f4xx_hal_msp.c ****     /* Peripheral clock enable */
 374:Core/Src/stm32f4xx_hal_msp.c ****     __HAL_RCC_USART2_CLK_ENABLE();
ARM GAS  C:\Users\CuongLe\AppData\Local\Temp\ccLxxuis.s 			page 24


 375:Core/Src/stm32f4xx_hal_msp.c **** 
 376:Core/Src/stm32f4xx_hal_msp.c ****     __HAL_RCC_GPIOA_CLK_ENABLE();
 377:Core/Src/stm32f4xx_hal_msp.c ****     /**USART2 GPIO Configuration
 378:Core/Src/stm32f4xx_hal_msp.c ****     PA2     ------> USART2_TX
 379:Core/Src/stm32f4xx_hal_msp.c ****     PA3     ------> USART2_RX
 380:Core/Src/stm32f4xx_hal_msp.c ****     */
 381:Core/Src/stm32f4xx_hal_msp.c ****     GPIO_InitStruct.Pin = GPIO_PIN_2|GPIO_PIN_3;
 382:Core/Src/stm32f4xx_hal_msp.c ****     GPIO_InitStruct.Mode = GPIO_MODE_AF_PP;
 383:Core/Src/stm32f4xx_hal_msp.c ****     GPIO_InitStruct.Pull = GPIO_NOPULL;
 384:Core/Src/stm32f4xx_hal_msp.c ****     GPIO_InitStruct.Speed = GPIO_SPEED_FREQ_VERY_HIGH;
 385:Core/Src/stm32f4xx_hal_msp.c ****     GPIO_InitStruct.Alternate = GPIO_AF7_USART2;
 386:Core/Src/stm32f4xx_hal_msp.c ****     HAL_GPIO_Init(GPIOA, &GPIO_InitStruct);
 387:Core/Src/stm32f4xx_hal_msp.c **** 
 388:Core/Src/stm32f4xx_hal_msp.c ****     /* USART2 interrupt Init */
 389:Core/Src/stm32f4xx_hal_msp.c ****     HAL_NVIC_SetPriority(USART2_IRQn, 11, 0);
 390:Core/Src/stm32f4xx_hal_msp.c ****     HAL_NVIC_EnableIRQ(USART2_IRQn);
 391:Core/Src/stm32f4xx_hal_msp.c ****   /* USER CODE BEGIN USART2_MspInit 1 */
 392:Core/Src/stm32f4xx_hal_msp.c **** 
 393:Core/Src/stm32f4xx_hal_msp.c ****   /* USER CODE END USART2_MspInit 1 */
 394:Core/Src/stm32f4xx_hal_msp.c ****   }
 395:Core/Src/stm32f4xx_hal_msp.c ****   else if(huart->Instance==USART3)
 825              		.loc 1 395 8 is_stmt 1 view .LVU207
 826              		.loc 1 395 10 is_stmt 0 view .LVU208
 827 0018 2E4A     		ldr	r2, .L60+4
 828 001a 9342     		cmp	r3, r2
 829 001c 2CD0     		beq	.L59
 830              	.LVL53:
 831              	.L54:
 396:Core/Src/stm32f4xx_hal_msp.c ****   {
 397:Core/Src/stm32f4xx_hal_msp.c ****   /* USER CODE BEGIN USART3_MspInit 0 */
 398:Core/Src/stm32f4xx_hal_msp.c **** 
 399:Core/Src/stm32f4xx_hal_msp.c ****   /* USER CODE END USART3_MspInit 0 */
 400:Core/Src/stm32f4xx_hal_msp.c ****     /* Peripheral clock enable */
 401:Core/Src/stm32f4xx_hal_msp.c ****     __HAL_RCC_USART3_CLK_ENABLE();
 402:Core/Src/stm32f4xx_hal_msp.c **** 
 403:Core/Src/stm32f4xx_hal_msp.c ****     __HAL_RCC_GPIOB_CLK_ENABLE();
 404:Core/Src/stm32f4xx_hal_msp.c ****     /**USART3 GPIO Configuration
 405:Core/Src/stm32f4xx_hal_msp.c ****     PB10     ------> USART3_TX
 406:Core/Src/stm32f4xx_hal_msp.c ****     PB11     ------> USART3_RX
 407:Core/Src/stm32f4xx_hal_msp.c ****     */
 408:Core/Src/stm32f4xx_hal_msp.c ****     GPIO_InitStruct.Pin = GPIO_PIN_10|GPIO_PIN_11;
 409:Core/Src/stm32f4xx_hal_msp.c ****     GPIO_InitStruct.Mode = GPIO_MODE_AF_PP;
 410:Core/Src/stm32f4xx_hal_msp.c ****     GPIO_InitStruct.Pull = GPIO_NOPULL;
 411:Core/Src/stm32f4xx_hal_msp.c ****     GPIO_InitStruct.Speed = GPIO_SPEED_FREQ_VERY_HIGH;
 412:Core/Src/stm32f4xx_hal_msp.c ****     GPIO_InitStruct.Alternate = GPIO_AF7_USART3;
 413:Core/Src/stm32f4xx_hal_msp.c ****     HAL_GPIO_Init(GPIOB, &GPIO_InitStruct);
 414:Core/Src/stm32f4xx_hal_msp.c **** 
 415:Core/Src/stm32f4xx_hal_msp.c ****     /* USART3 interrupt Init */
 416:Core/Src/stm32f4xx_hal_msp.c ****     HAL_NVIC_SetPriority(USART3_IRQn, 12, 0);
 417:Core/Src/stm32f4xx_hal_msp.c ****     HAL_NVIC_EnableIRQ(USART3_IRQn);
 418:Core/Src/stm32f4xx_hal_msp.c ****   /* USER CODE BEGIN USART3_MspInit 1 */
 419:Core/Src/stm32f4xx_hal_msp.c **** 
 420:Core/Src/stm32f4xx_hal_msp.c ****   /* USER CODE END USART3_MspInit 1 */
 421:Core/Src/stm32f4xx_hal_msp.c ****   }
 422:Core/Src/stm32f4xx_hal_msp.c **** 
 423:Core/Src/stm32f4xx_hal_msp.c **** }
 832              		.loc 1 423 1 view .LVU209
ARM GAS  C:\Users\CuongLe\AppData\Local\Temp\ccLxxuis.s 			page 25


 833 001e 0AB0     		add	sp, sp, #40
 834              	.LCFI19:
 835              		.cfi_remember_state
 836              		.cfi_def_cfa_offset 8
 837              		@ sp needed
 838 0020 10BD     		pop	{r4, pc}
 839              	.LVL54:
 840              	.L58:
 841              	.LCFI20:
 842              		.cfi_restore_state
 374:Core/Src/stm32f4xx_hal_msp.c **** 
 843              		.loc 1 374 5 is_stmt 1 view .LVU210
 844              	.LBB12:
 374:Core/Src/stm32f4xx_hal_msp.c **** 
 845              		.loc 1 374 5 view .LVU211
 846 0022 0024     		movs	r4, #0
 847 0024 0194     		str	r4, [sp, #4]
 374:Core/Src/stm32f4xx_hal_msp.c **** 
 848              		.loc 1 374 5 view .LVU212
 849 0026 2C4B     		ldr	r3, .L60+8
 850 0028 1A6C     		ldr	r2, [r3, #64]
 851 002a 42F40032 		orr	r2, r2, #131072
 852 002e 1A64     		str	r2, [r3, #64]
 374:Core/Src/stm32f4xx_hal_msp.c **** 
 853              		.loc 1 374 5 view .LVU213
 854 0030 1A6C     		ldr	r2, [r3, #64]
 855 0032 02F40032 		and	r2, r2, #131072
 856 0036 0192     		str	r2, [sp, #4]
 374:Core/Src/stm32f4xx_hal_msp.c **** 
 857              		.loc 1 374 5 view .LVU214
 858 0038 019A     		ldr	r2, [sp, #4]
 859              	.LBE12:
 374:Core/Src/stm32f4xx_hal_msp.c **** 
 860              		.loc 1 374 5 view .LVU215
 376:Core/Src/stm32f4xx_hal_msp.c ****     /**USART2 GPIO Configuration
 861              		.loc 1 376 5 view .LVU216
 862              	.LBB13:
 376:Core/Src/stm32f4xx_hal_msp.c ****     /**USART2 GPIO Configuration
 863              		.loc 1 376 5 view .LVU217
 864 003a 0294     		str	r4, [sp, #8]
 376:Core/Src/stm32f4xx_hal_msp.c ****     /**USART2 GPIO Configuration
 865              		.loc 1 376 5 view .LVU218
 866 003c 1A6B     		ldr	r2, [r3, #48]
 867 003e 42F00102 		orr	r2, r2, #1
 868 0042 1A63     		str	r2, [r3, #48]
 376:Core/Src/stm32f4xx_hal_msp.c ****     /**USART2 GPIO Configuration
 869              		.loc 1 376 5 view .LVU219
 870 0044 1B6B     		ldr	r3, [r3, #48]
 871 0046 03F00103 		and	r3, r3, #1
 872 004a 0293     		str	r3, [sp, #8]
 376:Core/Src/stm32f4xx_hal_msp.c ****     /**USART2 GPIO Configuration
 873              		.loc 1 376 5 view .LVU220
 874 004c 029B     		ldr	r3, [sp, #8]
 875              	.LBE13:
 376:Core/Src/stm32f4xx_hal_msp.c ****     /**USART2 GPIO Configuration
 876              		.loc 1 376 5 view .LVU221
 381:Core/Src/stm32f4xx_hal_msp.c ****     GPIO_InitStruct.Mode = GPIO_MODE_AF_PP;
ARM GAS  C:\Users\CuongLe\AppData\Local\Temp\ccLxxuis.s 			page 26


 877              		.loc 1 381 5 view .LVU222
 381:Core/Src/stm32f4xx_hal_msp.c ****     GPIO_InitStruct.Mode = GPIO_MODE_AF_PP;
 878              		.loc 1 381 25 is_stmt 0 view .LVU223
 879 004e 0C23     		movs	r3, #12
 880 0050 0593     		str	r3, [sp, #20]
 382:Core/Src/stm32f4xx_hal_msp.c ****     GPIO_InitStruct.Pull = GPIO_NOPULL;
 881              		.loc 1 382 5 is_stmt 1 view .LVU224
 382:Core/Src/stm32f4xx_hal_msp.c ****     GPIO_InitStruct.Pull = GPIO_NOPULL;
 882              		.loc 1 382 26 is_stmt 0 view .LVU225
 883 0052 0223     		movs	r3, #2
 884 0054 0693     		str	r3, [sp, #24]
 383:Core/Src/stm32f4xx_hal_msp.c ****     GPIO_InitStruct.Speed = GPIO_SPEED_FREQ_VERY_HIGH;
 885              		.loc 1 383 5 is_stmt 1 view .LVU226
 384:Core/Src/stm32f4xx_hal_msp.c ****     GPIO_InitStruct.Alternate = GPIO_AF7_USART2;
 886              		.loc 1 384 5 view .LVU227
 384:Core/Src/stm32f4xx_hal_msp.c ****     GPIO_InitStruct.Alternate = GPIO_AF7_USART2;
 887              		.loc 1 384 27 is_stmt 0 view .LVU228
 888 0056 0323     		movs	r3, #3
 889 0058 0893     		str	r3, [sp, #32]
 385:Core/Src/stm32f4xx_hal_msp.c ****     HAL_GPIO_Init(GPIOA, &GPIO_InitStruct);
 890              		.loc 1 385 5 is_stmt 1 view .LVU229
 385:Core/Src/stm32f4xx_hal_msp.c ****     HAL_GPIO_Init(GPIOA, &GPIO_InitStruct);
 891              		.loc 1 385 31 is_stmt 0 view .LVU230
 892 005a 0723     		movs	r3, #7
 893 005c 0993     		str	r3, [sp, #36]
 386:Core/Src/stm32f4xx_hal_msp.c **** 
 894              		.loc 1 386 5 is_stmt 1 view .LVU231
 895 005e 05A9     		add	r1, sp, #20
 896 0060 1E48     		ldr	r0, .L60+12
 897              	.LVL55:
 386:Core/Src/stm32f4xx_hal_msp.c **** 
 898              		.loc 1 386 5 is_stmt 0 view .LVU232
 899 0062 FFF7FEFF 		bl	HAL_GPIO_Init
 900              	.LVL56:
 389:Core/Src/stm32f4xx_hal_msp.c ****     HAL_NVIC_EnableIRQ(USART2_IRQn);
 901              		.loc 1 389 5 is_stmt 1 view .LVU233
 902 0066 2246     		mov	r2, r4
 903 0068 0B21     		movs	r1, #11
 904 006a 2620     		movs	r0, #38
 905 006c FFF7FEFF 		bl	HAL_NVIC_SetPriority
 906              	.LVL57:
 390:Core/Src/stm32f4xx_hal_msp.c ****   /* USER CODE BEGIN USART2_MspInit 1 */
 907              		.loc 1 390 5 view .LVU234
 908 0070 2620     		movs	r0, #38
 909 0072 FFF7FEFF 		bl	HAL_NVIC_EnableIRQ
 910              	.LVL58:
 911 0076 D2E7     		b	.L54
 912              	.LVL59:
 913              	.L59:
 401:Core/Src/stm32f4xx_hal_msp.c **** 
 914              		.loc 1 401 5 view .LVU235
 915              	.LBB14:
 401:Core/Src/stm32f4xx_hal_msp.c **** 
 916              		.loc 1 401 5 view .LVU236
 917 0078 0024     		movs	r4, #0
 918 007a 0394     		str	r4, [sp, #12]
 401:Core/Src/stm32f4xx_hal_msp.c **** 
ARM GAS  C:\Users\CuongLe\AppData\Local\Temp\ccLxxuis.s 			page 27


 919              		.loc 1 401 5 view .LVU237
 920 007c 164B     		ldr	r3, .L60+8
 921 007e 1A6C     		ldr	r2, [r3, #64]
 922 0080 42F48022 		orr	r2, r2, #262144
 923 0084 1A64     		str	r2, [r3, #64]
 401:Core/Src/stm32f4xx_hal_msp.c **** 
 924              		.loc 1 401 5 view .LVU238
 925 0086 1A6C     		ldr	r2, [r3, #64]
 926 0088 02F48022 		and	r2, r2, #262144
 927 008c 0392     		str	r2, [sp, #12]
 401:Core/Src/stm32f4xx_hal_msp.c **** 
 928              		.loc 1 401 5 view .LVU239
 929 008e 039A     		ldr	r2, [sp, #12]
 930              	.LBE14:
 401:Core/Src/stm32f4xx_hal_msp.c **** 
 931              		.loc 1 401 5 view .LVU240
 403:Core/Src/stm32f4xx_hal_msp.c ****     /**USART3 GPIO Configuration
 932              		.loc 1 403 5 view .LVU241
 933              	.LBB15:
 403:Core/Src/stm32f4xx_hal_msp.c ****     /**USART3 GPIO Configuration
 934              		.loc 1 403 5 view .LVU242
 935 0090 0494     		str	r4, [sp, #16]
 403:Core/Src/stm32f4xx_hal_msp.c ****     /**USART3 GPIO Configuration
 936              		.loc 1 403 5 view .LVU243
 937 0092 1A6B     		ldr	r2, [r3, #48]
 938 0094 42F00202 		orr	r2, r2, #2
 939 0098 1A63     		str	r2, [r3, #48]
 403:Core/Src/stm32f4xx_hal_msp.c ****     /**USART3 GPIO Configuration
 940              		.loc 1 403 5 view .LVU244
 941 009a 1B6B     		ldr	r3, [r3, #48]
 942 009c 03F00203 		and	r3, r3, #2
 943 00a0 0493     		str	r3, [sp, #16]
 403:Core/Src/stm32f4xx_hal_msp.c ****     /**USART3 GPIO Configuration
 944              		.loc 1 403 5 view .LVU245
 945 00a2 049B     		ldr	r3, [sp, #16]
 946              	.LBE15:
 403:Core/Src/stm32f4xx_hal_msp.c ****     /**USART3 GPIO Configuration
 947              		.loc 1 403 5 view .LVU246
 408:Core/Src/stm32f4xx_hal_msp.c ****     GPIO_InitStruct.Mode = GPIO_MODE_AF_PP;
 948              		.loc 1 408 5 view .LVU247
 408:Core/Src/stm32f4xx_hal_msp.c ****     GPIO_InitStruct.Mode = GPIO_MODE_AF_PP;
 949              		.loc 1 408 25 is_stmt 0 view .LVU248
 950 00a4 4FF44063 		mov	r3, #3072
 951 00a8 0593     		str	r3, [sp, #20]
 409:Core/Src/stm32f4xx_hal_msp.c ****     GPIO_InitStruct.Pull = GPIO_NOPULL;
 952              		.loc 1 409 5 is_stmt 1 view .LVU249
 409:Core/Src/stm32f4xx_hal_msp.c ****     GPIO_InitStruct.Pull = GPIO_NOPULL;
 953              		.loc 1 409 26 is_stmt 0 view .LVU250
 954 00aa 0223     		movs	r3, #2
 955 00ac 0693     		str	r3, [sp, #24]
 410:Core/Src/stm32f4xx_hal_msp.c ****     GPIO_InitStruct.Speed = GPIO_SPEED_FREQ_VERY_HIGH;
 956              		.loc 1 410 5 is_stmt 1 view .LVU251
 411:Core/Src/stm32f4xx_hal_msp.c ****     GPIO_InitStruct.Alternate = GPIO_AF7_USART3;
 957              		.loc 1 411 5 view .LVU252
 411:Core/Src/stm32f4xx_hal_msp.c ****     GPIO_InitStruct.Alternate = GPIO_AF7_USART3;
 958              		.loc 1 411 27 is_stmt 0 view .LVU253
 959 00ae 0323     		movs	r3, #3
ARM GAS  C:\Users\CuongLe\AppData\Local\Temp\ccLxxuis.s 			page 28


 960 00b0 0893     		str	r3, [sp, #32]
 412:Core/Src/stm32f4xx_hal_msp.c ****     HAL_GPIO_Init(GPIOB, &GPIO_InitStruct);
 961              		.loc 1 412 5 is_stmt 1 view .LVU254
 412:Core/Src/stm32f4xx_hal_msp.c ****     HAL_GPIO_Init(GPIOB, &GPIO_InitStruct);
 962              		.loc 1 412 31 is_stmt 0 view .LVU255
 963 00b2 0723     		movs	r3, #7
 964 00b4 0993     		str	r3, [sp, #36]
 413:Core/Src/stm32f4xx_hal_msp.c **** 
 965              		.loc 1 413 5 is_stmt 1 view .LVU256
 966 00b6 05A9     		add	r1, sp, #20
 967 00b8 0948     		ldr	r0, .L60+16
 968              	.LVL60:
 413:Core/Src/stm32f4xx_hal_msp.c **** 
 969              		.loc 1 413 5 is_stmt 0 view .LVU257
 970 00ba FFF7FEFF 		bl	HAL_GPIO_Init
 971              	.LVL61:
 416:Core/Src/stm32f4xx_hal_msp.c ****     HAL_NVIC_EnableIRQ(USART3_IRQn);
 972              		.loc 1 416 5 is_stmt 1 view .LVU258
 973 00be 2246     		mov	r2, r4
 974 00c0 0C21     		movs	r1, #12
 975 00c2 2720     		movs	r0, #39
 976 00c4 FFF7FEFF 		bl	HAL_NVIC_SetPriority
 977              	.LVL62:
 417:Core/Src/stm32f4xx_hal_msp.c ****   /* USER CODE BEGIN USART3_MspInit 1 */
 978              		.loc 1 417 5 view .LVU259
 979 00c8 2720     		movs	r0, #39
 980 00ca FFF7FEFF 		bl	HAL_NVIC_EnableIRQ
 981              	.LVL63:
 982              		.loc 1 423 1 is_stmt 0 view .LVU260
 983 00ce A6E7     		b	.L54
 984              	.L61:
 985              		.align	2
 986              	.L60:
 987 00d0 00440040 		.word	1073759232
 988 00d4 00480040 		.word	1073760256
 989 00d8 00380240 		.word	1073887232
 990 00dc 00000240 		.word	1073872896
 991 00e0 00040240 		.word	1073873920
 992              		.cfi_endproc
 993              	.LFE295:
 995              		.section	.text.HAL_UART_MspDeInit,"ax",%progbits
 996              		.align	1
 997              		.global	HAL_UART_MspDeInit
 998              		.syntax unified
 999              		.thumb
 1000              		.thumb_func
 1002              	HAL_UART_MspDeInit:
 1003              	.LVL64:
 1004              	.LFB296:
 424:Core/Src/stm32f4xx_hal_msp.c **** 
 425:Core/Src/stm32f4xx_hal_msp.c **** /**
 426:Core/Src/stm32f4xx_hal_msp.c **** * @brief UART MSP De-Initialization
 427:Core/Src/stm32f4xx_hal_msp.c **** * This function freeze the hardware resources used in this example
 428:Core/Src/stm32f4xx_hal_msp.c **** * @param huart: UART handle pointer
 429:Core/Src/stm32f4xx_hal_msp.c **** * @retval None
 430:Core/Src/stm32f4xx_hal_msp.c **** */
 431:Core/Src/stm32f4xx_hal_msp.c **** void HAL_UART_MspDeInit(UART_HandleTypeDef* huart)
ARM GAS  C:\Users\CuongLe\AppData\Local\Temp\ccLxxuis.s 			page 29


 432:Core/Src/stm32f4xx_hal_msp.c **** {
 1005              		.loc 1 432 1 is_stmt 1 view -0
 1006              		.cfi_startproc
 1007              		@ args = 0, pretend = 0, frame = 0
 1008              		@ frame_needed = 0, uses_anonymous_args = 0
 1009              		.loc 1 432 1 is_stmt 0 view .LVU262
 1010 0000 08B5     		push	{r3, lr}
 1011              	.LCFI21:
 1012              		.cfi_def_cfa_offset 8
 1013              		.cfi_offset 3, -8
 1014              		.cfi_offset 14, -4
 433:Core/Src/stm32f4xx_hal_msp.c ****   if(huart->Instance==USART2)
 1015              		.loc 1 433 3 is_stmt 1 view .LVU263
 1016              		.loc 1 433 11 is_stmt 0 view .LVU264
 1017 0002 0368     		ldr	r3, [r0]
 1018              		.loc 1 433 5 view .LVU265
 1019 0004 114A     		ldr	r2, .L68
 1020 0006 9342     		cmp	r3, r2
 1021 0008 03D0     		beq	.L66
 434:Core/Src/stm32f4xx_hal_msp.c ****   {
 435:Core/Src/stm32f4xx_hal_msp.c ****   /* USER CODE BEGIN USART2_MspDeInit 0 */
 436:Core/Src/stm32f4xx_hal_msp.c **** 
 437:Core/Src/stm32f4xx_hal_msp.c ****   /* USER CODE END USART2_MspDeInit 0 */
 438:Core/Src/stm32f4xx_hal_msp.c ****     /* Peripheral clock disable */
 439:Core/Src/stm32f4xx_hal_msp.c ****     __HAL_RCC_USART2_CLK_DISABLE();
 440:Core/Src/stm32f4xx_hal_msp.c **** 
 441:Core/Src/stm32f4xx_hal_msp.c ****     /**USART2 GPIO Configuration
 442:Core/Src/stm32f4xx_hal_msp.c ****     PA2     ------> USART2_TX
 443:Core/Src/stm32f4xx_hal_msp.c ****     PA3     ------> USART2_RX
 444:Core/Src/stm32f4xx_hal_msp.c ****     */
 445:Core/Src/stm32f4xx_hal_msp.c ****     HAL_GPIO_DeInit(GPIOA, GPIO_PIN_2|GPIO_PIN_3);
 446:Core/Src/stm32f4xx_hal_msp.c **** 
 447:Core/Src/stm32f4xx_hal_msp.c ****     /* USART2 interrupt DeInit */
 448:Core/Src/stm32f4xx_hal_msp.c ****     HAL_NVIC_DisableIRQ(USART2_IRQn);
 449:Core/Src/stm32f4xx_hal_msp.c ****   /* USER CODE BEGIN USART2_MspDeInit 1 */
 450:Core/Src/stm32f4xx_hal_msp.c **** 
 451:Core/Src/stm32f4xx_hal_msp.c ****   /* USER CODE END USART2_MspDeInit 1 */
 452:Core/Src/stm32f4xx_hal_msp.c ****   }
 453:Core/Src/stm32f4xx_hal_msp.c ****   else if(huart->Instance==USART3)
 1022              		.loc 1 453 8 is_stmt 1 view .LVU266
 1023              		.loc 1 453 10 is_stmt 0 view .LVU267
 1024 000a 114A     		ldr	r2, .L68+4
 1025 000c 9342     		cmp	r3, r2
 1026 000e 0ED0     		beq	.L67
 1027              	.LVL65:
 1028              	.L62:
 454:Core/Src/stm32f4xx_hal_msp.c ****   {
 455:Core/Src/stm32f4xx_hal_msp.c ****   /* USER CODE BEGIN USART3_MspDeInit 0 */
 456:Core/Src/stm32f4xx_hal_msp.c **** 
 457:Core/Src/stm32f4xx_hal_msp.c ****   /* USER CODE END USART3_MspDeInit 0 */
 458:Core/Src/stm32f4xx_hal_msp.c ****     /* Peripheral clock disable */
 459:Core/Src/stm32f4xx_hal_msp.c ****     __HAL_RCC_USART3_CLK_DISABLE();
 460:Core/Src/stm32f4xx_hal_msp.c **** 
 461:Core/Src/stm32f4xx_hal_msp.c ****     /**USART3 GPIO Configuration
 462:Core/Src/stm32f4xx_hal_msp.c ****     PB10     ------> USART3_TX
 463:Core/Src/stm32f4xx_hal_msp.c ****     PB11     ------> USART3_RX
 464:Core/Src/stm32f4xx_hal_msp.c ****     */
ARM GAS  C:\Users\CuongLe\AppData\Local\Temp\ccLxxuis.s 			page 30


 465:Core/Src/stm32f4xx_hal_msp.c ****     HAL_GPIO_DeInit(GPIOB, GPIO_PIN_10|GPIO_PIN_11);
 466:Core/Src/stm32f4xx_hal_msp.c **** 
 467:Core/Src/stm32f4xx_hal_msp.c ****     /* USART3 interrupt DeInit */
 468:Core/Src/stm32f4xx_hal_msp.c ****     HAL_NVIC_DisableIRQ(USART3_IRQn);
 469:Core/Src/stm32f4xx_hal_msp.c ****   /* USER CODE BEGIN USART3_MspDeInit 1 */
 470:Core/Src/stm32f4xx_hal_msp.c **** 
 471:Core/Src/stm32f4xx_hal_msp.c ****   /* USER CODE END USART3_MspDeInit 1 */
 472:Core/Src/stm32f4xx_hal_msp.c ****   }
 473:Core/Src/stm32f4xx_hal_msp.c **** 
 474:Core/Src/stm32f4xx_hal_msp.c **** }
 1029              		.loc 1 474 1 view .LVU268
 1030 0010 08BD     		pop	{r3, pc}
 1031              	.LVL66:
 1032              	.L66:
 439:Core/Src/stm32f4xx_hal_msp.c **** 
 1033              		.loc 1 439 5 is_stmt 1 view .LVU269
 1034 0012 02F5FA32 		add	r2, r2, #128000
 1035 0016 136C     		ldr	r3, [r2, #64]
 1036 0018 23F40033 		bic	r3, r3, #131072
 1037 001c 1364     		str	r3, [r2, #64]
 445:Core/Src/stm32f4xx_hal_msp.c **** 
 1038              		.loc 1 445 5 view .LVU270
 1039 001e 0C21     		movs	r1, #12
 1040 0020 0C48     		ldr	r0, .L68+8
 1041              	.LVL67:
 445:Core/Src/stm32f4xx_hal_msp.c **** 
 1042              		.loc 1 445 5 is_stmt 0 view .LVU271
 1043 0022 FFF7FEFF 		bl	HAL_GPIO_DeInit
 1044              	.LVL68:
 448:Core/Src/stm32f4xx_hal_msp.c ****   /* USER CODE BEGIN USART2_MspDeInit 1 */
 1045              		.loc 1 448 5 is_stmt 1 view .LVU272
 1046 0026 2620     		movs	r0, #38
 1047 0028 FFF7FEFF 		bl	HAL_NVIC_DisableIRQ
 1048              	.LVL69:
 1049 002c F0E7     		b	.L62
 1050              	.LVL70:
 1051              	.L67:
 459:Core/Src/stm32f4xx_hal_msp.c **** 
 1052              		.loc 1 459 5 view .LVU273
 1053 002e 02F5F832 		add	r2, r2, #126976
 1054 0032 136C     		ldr	r3, [r2, #64]
 1055 0034 23F48023 		bic	r3, r3, #262144
 1056 0038 1364     		str	r3, [r2, #64]
 465:Core/Src/stm32f4xx_hal_msp.c **** 
 1057              		.loc 1 465 5 view .LVU274
 1058 003a 4FF44061 		mov	r1, #3072
 1059 003e 0648     		ldr	r0, .L68+12
 1060              	.LVL71:
 465:Core/Src/stm32f4xx_hal_msp.c **** 
 1061              		.loc 1 465 5 is_stmt 0 view .LVU275
 1062 0040 FFF7FEFF 		bl	HAL_GPIO_DeInit
 1063              	.LVL72:
 468:Core/Src/stm32f4xx_hal_msp.c ****   /* USER CODE BEGIN USART3_MspDeInit 1 */
 1064              		.loc 1 468 5 is_stmt 1 view .LVU276
 1065 0044 2720     		movs	r0, #39
 1066 0046 FFF7FEFF 		bl	HAL_NVIC_DisableIRQ
 1067              	.LVL73:
ARM GAS  C:\Users\CuongLe\AppData\Local\Temp\ccLxxuis.s 			page 31


 1068              		.loc 1 474 1 is_stmt 0 view .LVU277
 1069 004a E1E7     		b	.L62
 1070              	.L69:
 1071              		.align	2
 1072              	.L68:
 1073 004c 00440040 		.word	1073759232
 1074 0050 00480040 		.word	1073760256
 1075 0054 00000240 		.word	1073872896
 1076 0058 00040240 		.word	1073873920
 1077              		.cfi_endproc
 1078              	.LFE296:
 1080              		.text
 1081              	.Letext0:
 1082              		.file 2 "Drivers/CMSIS/Device/ST/STM32F4xx/Include/stm32f407xx.h"
 1083              		.file 3 "D:/DATN/00_MainFolder/00_FirmwaveSTM32/InvertedPendulum/Tool/ArmGnuToolchain/arm-none-eab
 1084              		.file 4 "D:/DATN/00_MainFolder/00_FirmwaveSTM32/InvertedPendulum/Tool/ArmGnuToolchain/arm-none-eab
 1085              		.file 5 "Drivers/CMSIS/Device/ST/STM32F4xx/Include/stm32f4xx.h"
 1086              		.file 6 "Drivers/STM32F4xx_HAL_Driver/Inc/stm32f4xx_hal_def.h"
 1087              		.file 7 "Drivers/STM32F4xx_HAL_Driver/Inc/stm32f4xx_hal_gpio.h"
 1088              		.file 8 "Drivers/STM32F4xx_HAL_Driver/Inc/stm32f4xx_hal_dma.h"
 1089              		.file 9 "Drivers/STM32F4xx_HAL_Driver/Inc/stm32f4xx_hal_adc.h"
 1090              		.file 10 "Drivers/STM32F4xx_HAL_Driver/Inc/stm32f4xx_hal_tim.h"
 1091              		.file 11 "Drivers/STM32F4xx_HAL_Driver/Inc/stm32f4xx_hal_uart.h"
 1092              		.file 12 "Drivers/STM32F4xx_HAL_Driver/Inc/stm32f4xx_hal_cortex.h"
 1093              		.file 13 "Core/Inc/main.h"
ARM GAS  C:\Users\CuongLe\AppData\Local\Temp\ccLxxuis.s 			page 32


DEFINED SYMBOLS
                            *ABS*:00000000 stm32f4xx_hal_msp.c
C:\Users\CuongLe\AppData\Local\Temp\ccLxxuis.s:21     .text.HAL_MspInit:00000000 $t
C:\Users\CuongLe\AppData\Local\Temp\ccLxxuis.s:27     .text.HAL_MspInit:00000000 HAL_MspInit
C:\Users\CuongLe\AppData\Local\Temp\ccLxxuis.s:80     .text.HAL_MspInit:00000034 $d
C:\Users\CuongLe\AppData\Local\Temp\ccLxxuis.s:85     .text.HAL_ADC_MspInit:00000000 $t
C:\Users\CuongLe\AppData\Local\Temp\ccLxxuis.s:91     .text.HAL_ADC_MspInit:00000000 HAL_ADC_MspInit
C:\Users\CuongLe\AppData\Local\Temp\ccLxxuis.s:249    .text.HAL_ADC_MspInit:000000a0 $d
C:\Users\CuongLe\AppData\Local\Temp\ccLxxuis.s:256    .text.HAL_ADC_MspDeInit:00000000 $t
C:\Users\CuongLe\AppData\Local\Temp\ccLxxuis.s:262    .text.HAL_ADC_MspDeInit:00000000 HAL_ADC_MspDeInit
C:\Users\CuongLe\AppData\Local\Temp\ccLxxuis.s:308    .text.HAL_ADC_MspDeInit:00000028 $d
C:\Users\CuongLe\AppData\Local\Temp\ccLxxuis.s:315    .text.HAL_TIM_Encoder_MspInit:00000000 $t
C:\Users\CuongLe\AppData\Local\Temp\ccLxxuis.s:321    .text.HAL_TIM_Encoder_MspInit:00000000 HAL_TIM_Encoder_MspInit
C:\Users\CuongLe\AppData\Local\Temp\ccLxxuis.s:506    .text.HAL_TIM_Encoder_MspInit:000000c8 $d
C:\Users\CuongLe\AppData\Local\Temp\ccLxxuis.s:513    .text.HAL_TIM_Base_MspInit:00000000 $t
C:\Users\CuongLe\AppData\Local\Temp\ccLxxuis.s:519    .text.HAL_TIM_Base_MspInit:00000000 HAL_TIM_Base_MspInit
C:\Users\CuongLe\AppData\Local\Temp\ccLxxuis.s:625    .text.HAL_TIM_Base_MspInit:00000068 $d
C:\Users\CuongLe\AppData\Local\Temp\ccLxxuis.s:632    .text.HAL_TIM_Encoder_MspDeInit:00000000 $t
C:\Users\CuongLe\AppData\Local\Temp\ccLxxuis.s:638    .text.HAL_TIM_Encoder_MspDeInit:00000000 HAL_TIM_Encoder_MspDeInit
C:\Users\CuongLe\AppData\Local\Temp\ccLxxuis.s:708    .text.HAL_TIM_Encoder_MspDeInit:00000048 $d
C:\Users\CuongLe\AppData\Local\Temp\ccLxxuis.s:715    .text.HAL_TIM_Base_MspDeInit:00000000 $t
C:\Users\CuongLe\AppData\Local\Temp\ccLxxuis.s:721    .text.HAL_TIM_Base_MspDeInit:00000000 HAL_TIM_Base_MspDeInit
C:\Users\CuongLe\AppData\Local\Temp\ccLxxuis.s:782    .text.HAL_TIM_Base_MspDeInit:0000003c $d
C:\Users\CuongLe\AppData\Local\Temp\ccLxxuis.s:788    .text.HAL_UART_MspInit:00000000 $t
C:\Users\CuongLe\AppData\Local\Temp\ccLxxuis.s:794    .text.HAL_UART_MspInit:00000000 HAL_UART_MspInit
C:\Users\CuongLe\AppData\Local\Temp\ccLxxuis.s:987    .text.HAL_UART_MspInit:000000d0 $d
C:\Users\CuongLe\AppData\Local\Temp\ccLxxuis.s:996    .text.HAL_UART_MspDeInit:00000000 $t
C:\Users\CuongLe\AppData\Local\Temp\ccLxxuis.s:1002   .text.HAL_UART_MspDeInit:00000000 HAL_UART_MspDeInit
C:\Users\CuongLe\AppData\Local\Temp\ccLxxuis.s:1073   .text.HAL_UART_MspDeInit:0000004c $d

UNDEFINED SYMBOLS
HAL_GPIO_Init
HAL_DMA_Init
Error_Handler
hdma_adc1
HAL_GPIO_DeInit
HAL_DMA_DeInit
HAL_NVIC_SetPriority
HAL_NVIC_EnableIRQ
HAL_NVIC_DisableIRQ
